    Finished `test` profile [unoptimized + debuginfo] target(s) in 0.23s
     Running unittests src\main.rs (C:\Users\avife\.cargo\target\debug\deps\agnix-603e48054dc38403.exe)

running 74 tests
test json::tests::test_level_conversion_error ... ok
test json::tests::test_level_conversion_info ... ok
test json::tests::test_level_conversion_warning ... ok
test json::tests::test_diagnostic_conversion ... ok
test json::tests::test_json_serialization ... ok
test json::tests::test_metadata_included_for_known_rule ... ok
test json::tests::test_suggestion_included_when_present ... ok
test json::tests::test_summary_counts ... ok
test locale::tests::test_is_supported ... ok
test json::tests::test_path_normalization ... ok
test json::tests::test_path_relative ... ok
test json::tests::test_metadata_omitted_for_unknown_rule ... ok
test json::tests::test_empty_diagnostics ... ok
test json::tests::test_suggestion_omitted_when_none ... ok
test json::tests::test_version_matches_cargo ... ok
test locale::tests::test_special_characters_in_locale ... ok
test json::tests::test_files_checked_uses_passed_value ... ok
test locale::tests::test_unsupported_locale ... ok
test locale::tests::test_locale_with_only_encoding ... ok
test locale::tests::test_normalize_case_insensitive ... ok
test locale::tests::test_normalize_chinese ... ok
test locale::tests::test_normalize_english ... ok
test json::tests::test_line_column_clamped_to_one ... ok
test locale::tests::test_normalize_spanish ... ok
test locale::tests::test_empty_string_locale ... ok
test json::tests::test_metadata_tool_included_for_tool_specific_rule ... ok
test locale::tests::test_whitespace_only_locale ... ok
test locale::tests::test_very_long_locale_string ... ok
test resolve_fix_mode_tests::dry_run_selects_safe_and_medium_mode ... ok
test resolve_fix_mode_tests::dry_run_with_fix_unsafe_selects_all_mode ... ok
test resolve_fix_mode_tests::dry_run_with_fix_safe_selects_safe_only_mode ... ok
test resolve_fix_mode_tests::fix_safe_selects_safe_only_mode ... ok
test resolve_fix_mode_tests::fix_selects_safe_and_medium_mode ... ok
test sarif::tests::test_level_mapping_error ... ok
test sarif::tests::test_help_uri_format_and_anchor ... ok
test sarif::tests::test_level_mapping_info ... ok
test sarif::tests::test_level_mapping_warning ... ok
test sarif::tests::test_diagnostic_conversion ... ok
test sarif::tests::test_empty_diagnostics_produces_valid_sarif ... ok
test sarif::tests::test_info_level_conversion ... ok
test resolve_fix_mode_tests::fix_unsafe_selects_all_mode ... ok
test sarif::tests::test_diagnostic_single_location ... ok
test sarif::tests::test_path_normalization_forward_slashes ... ok
test sarif::tests::test_no_duplicate_rule_ids ... ok
test sarif::tests::test_multiple_diagnostics_different_files ... ok
test sarif::tests::test_path_normalization_relative ... ok
test sarif::tests::test_path_to_uri_fallback_when_not_prefix ... ok
test sarif::tests::test_rules_array_populated ... ok
test sarif::tests::test_rules_have_properties_with_metadata ... ok
test sarif::tests::test_sarif_schema ... ok
test sarif::tests::test_sarif_version ... ok
test telemetry_stub::config::tests::test_ci_detection ... ok
test sarif::tests::test_warning_level_conversion ... ok
test telemetry_stub::config::tests::test_config_serialization ... ok
test sarif::tests::test_tool_specific_rule_has_tool_in_properties ... ok
test telemetry_stub::config::tests::test_agnix_telemetry_env_overrides ... ok
test telemetry_stub::config::tests::test_default_config_is_disabled ... ok
test telemetry_stub::config::tests::test_do_not_track_disables_telemetry ... ok
test sarif::tests::test_zero_line_column_clamped_to_one ... ok
test locale::tests::test_init_with_unsupported_locale_falls_back ... ok
test locale::tests::test_init_with_empty_string_falls_back ... ok
test sarif::tests::test_sarif_json_serialization ... ok
test sarif::tests::test_sarif_properties_serialize_correctly ... ok
test telemetry_stub::config::tests::test_generate_uuid_format ... ok
test telemetry_stub::config::tests::test_is_enabled_respects_config ... ok
test telemetry_stub::shared::tests::rule_id_validation_matches_expected_shape ... ok
test telemetry_stub::shared::tests::timestamp_format_is_iso_8601 ... ok
test telemetry_stub::tests::record_validation_is_safe_noop ... ok
test telemetry_stub::tests::timestamp_format_is_iso_8601 ... ok
test telemetry_stub::shared::tests::leap_year_logic_is_correct ... ok
test telemetry_stub::tests::rule_id_validation_matches_expected_shape ... ok
test telemetry_stub::config::tests::test_enable_generates_installation_id ... ok
test telemetry_stub::config::tests::test_generate_uuid_uniqueness ... ok
test telemetry_stub::config::tests::test_disable_preserves_installation_id ... ok

test result: ok. 74 passed; 0 failed; 0 ignored; 0 measured; 0 filtered out; finished in 0.01s

     Running tests\cli_integration.rs (C:\Users\avife\.cargo\target\debug\deps\cli_integration-9cb572d43b9a20b9.exe)

running 111 tests
test test_case_sensitive_target_rejected ... ok
test test_config_file_locale_field ... ok
test test_dry_run_with_format_json_rejected ... ok
test test_dry_run_combines_with_fix_safe ... ok
test test_cli_covers_hook_fixtures_via_cli_validation ... ok
test test_dry_run_combines_with_fix_unsafe ... ok
test test_agnix_locale_env_var_switches_output ... ok
test test_fix_exit_code_on_remaining_errors ... ok
test test_fix_mcp_invalid_jsonrpc_version ... ok
test test_dry_run_no_file_modification ... ok
test test_config_warning_with_json_output ... ok
test test_dry_run_shows_as_004_fix_without_applying ... ok
test test_fix_ccag_invalid_model ... ok
test test_fix_as_004_converts_name_to_kebab_case ... ok
test test_autofix_rules_json_reports_fixes_available ... ok
test test_fix_both_as_004_and_as_010_simultaneously ... ok
test test_fix_exit_code_when_all_issues_are_fixed ... ok
test test_fix_ccsk_invalid_skill_name ... ok
test test_fix_safe_applies_case_only_as_004 ... ok
test test_fix_as_010_prepends_trigger_phrase ... ok
test test_fixtures_have_no_empty_placeholder_dirs ... ok
test test_fix_safe_skips_as_010 ... ok
test test_config_semantic_warnings_go_to_stderr_with_json_output ... ok
test test_format_json_contains_agent_rules ... ok
test test_fix_cchk_invalid_event_name ... ok
test test_fix_copilot_scoped_missing_applyto ... ok
test test_fix_safe_skips_structural_as_004 ... ok
test test_fix_safe_exit_code ... ok
test test_deprecated_field_displays_warning ... ok
test test_fix_unsafe_flag_recognized ... ok
test test_format_json_contains_mcp_rules ... ok
test test_format_json_contains_plugin_rules ... ok
test test_format_json_contains_xml_rules ... ok
test test_format_json_contains_copilot_rules ... ok
test test_format_json_contains_skill_rules ... ok
test test_format_json_files_checked_counts_all_validated_files ... ok
test test_format_json_exit_code_on_error ... ok
test test_format_json_strict_mode_no_warnings ... ok
test test_format_json_files_checked_excludes_unknown_types ... ok
test test_format_json_contains_agents_md_rules ... ok
test test_format_json_contains_memory_rules ... ok
test test_format_json_contains_cross_platform_rules ... ok
test test_format_json_contains_hook_rules ... ok
test test_format_json_exit_code_on_success ... ok
test test_format_json_contains_ref_rules ... ok
test test_format_json_files_checked_count ... ok
test test_format_json_produces_valid_json ... ok
test test_format_sarif_results_include_mcp_diagnostics ... ok
test test_format_sarif_location_fields ... ok
test test_format_sarif_exit_code_on_success ... ok
test test_format_json_strict_mode_with_warnings ... ok
test test_format_json_version_matches_cargo ... ok
test test_format_sarif_contains_tool_info ... ok
test test_fix_flags_rejected_for_json_and_sarif ... ok
test test_format_sarif_has_all_rules ... ok
test test_help_shows_format_option ... ok
test test_help_shows_json_format ... ok
test test_format_sarif_results_include_skill_diagnostics ... ok
test test_help_shows_locale_flags ... ok
test test_format_json_diagnostic_fields ... ok
test test_help_shows_target_possible_values ... ok
test test_format_json_summary_counts ... ok
test test_format_json_forward_slashes_in_paths ... ok
test test_format_text_shows_warning_level ... ok
test test_format_text_shows_file_location ... ok
test test_init_creates_config_file_with_plain_text_output ... ok
test test_format_text_shows_error_level ... ok
test test_format_sarif_produces_valid_json ... ok
test test_format_text_verbose_shows_rule ... ok
test test_list_locales_flag_outputs_supported_locales ... ok
test test_format_text_shows_summary ... ok
test test_format_sarif_results_include_hook_diagnostics ... ok
test test_format_text_verbose_shows_suggestion ... ok
test test_list_locales_exits_without_validation ... ok
test test_invalid_target_rejected ... ok
test test_format_sarif_results_include_memory_diagnostics ... ok
test test_invalid_locale_warns_and_falls_back_to_english ... ok
test test_invalid_config_displays_warning_to_stderr ... ok
test test_invalid_locale_in_config_warns_and_falls_back ... ok
test test_format_sarif_rules_have_help_uri ... ok
test test_format_sarif_schema_url ... ok
test test_schema_command_help_shows_output_option ... ok
test test_locale_es_translates_diagnostic_messages ... ok
test test_locale_flag_switches_output_to_chinese ... ok
test test_format_text_is_default ... ok
test test_locale_flag_switches_output_to_spanish ... ok
test test_schema_command_stdout ... ok
test test_locale_flag_with_json_output_still_works ... ok
test test_schema_command_output_file ... ok
test test_locale_priority_cli_flag_overrides_env_var ... ok
test test_locale_priority_env_var_overrides_config ... ok
test test_telemetry_help_shows_actions ... ok
test test_locale_priority_cli_flag_overrides_config ... ok
test test_telemetry_invalid_action_rejected ... ok
test test_typo_target_rejected ... ok
test test_no_raw_i18n_keys_in_json_output ... ok
test test_telemetry_status_default_action ... ok
test test_telemetry_status_shows_disabled_by_default ... ok
test test_show_fixes_displays_fixes_without_verbose ... ok
test test_format_sarif_results_array_exists ... ok
test test_target_cursor_disables_cc_rules ... ok
test test_strict_with_sarif_format ... ok
test test_telemetry_enable_disable_roundtrip ... ok
test test_valid_config_no_warning_in_stderr ... ok
test test_invalid_rule_displays_semantic_warning ... ok
test test_invalid_tools_displays_warning ... ok
test test_no_raw_i18n_keys_in_diagnostic_output ... ok
test test_valid_config_no_semantic_warnings ... ok
test test_verbose_with_json_ignored ... ok
test test_validate_subcommand ... ok
test test_valid_targets_accepted ... ok

test result: ok. 111 passed; 0 failed; 0 ignored; 0 measured; 0 filtered out; finished in 0.77s

     Running tests\docs_website_parity.rs (C:\Users\avife\.cargo\target\debug\deps\docs_website_parity-65b8b3b1eaba8eae.exe)

running 5 tests
test docusaurus_config_uses_generated_data ... ok
test index_js_imports_generated_data ... ok
test docs_site_has_search_and_versioning_configuration ... ok
test site_data_json_matches_rules_json ... ok
test generated_rule_docs_match_rules_json ... ok

test result: ok. 5 passed; 0 failed; 0 ignored; 0 measured; 0 filtered out; finished in 0.03s

     Running tests\fixture_family_cli.rs (C:\Users\avife\.cargo\target\debug\deps\fixture_family_cli-86df321fd7063b24.exe)

running 10 tests
test test_cli_reports_xml_fixtures ... ok
test test_cli_reports_mcp_fixtures ... ok
test test_cli_codex_invalid_fixture_counts ... ok
test test_cli_reports_gemini_md_fixtures ... ok
test test_cli_reports_agm_fixtures ... ok
test test_cli_reports_codex_invalid_fixtures ... ok
test test_cli_reports_ref_001_fixtures ... ok
test test_cli_reports_ref_002_fixtures ... ok
test test_cli_reports_pe_fixtures ... ok
test test_cli_reports_xp_fixtures ... ok

test result: ok. 10 passed; 0 failed; 0 ignored; 0 measured; 0 filtered out; finished in 0.11s

     Running tests\research_docs.rs (C:\Users\avife\.cargo\target\debug\deps\research_docs-e6e87cc147c55766.exe)

running 6 tests
test test_changelog_documents_research_tracking ... ok
test test_issue_templates_exist_with_frontmatter ... ok
test test_monthly_review_exists ... ok
test test_research_tracking_exists ... ok
test test_index_references_new_docs ... ok
test test_contributing_expanded ... ok

test result: ok. 6 passed; 0 failed; 0 ignored; 0 measured; 0 filtered out; finished in 0.00s

     Running tests\rule_parity.rs (C:\Users\avife\.cargo\target\debug\deps\rule_parity-2bdbf91a904f707e.exe)

running 16 tests
test test_tool_rule_prefixes_consistency ... ok
test test_is_tool_alias_case_sensitivity ... ok
test test_applies_to_tool_values ... ok
test test_all_rules_have_fix_metadata ... ok
test test_evidence_source_type_distribution ... ok
test test_rules_json_integrity ... ok
test test_normative_level_consistency ... ok
test test_all_rules_have_evidence_metadata ... ok
test test_autofix_count_matches_documentation ... ok
test test_sarif_rule_count ... ok
test test_all_rules_registered_in_sarif ... ok
test test_evidence_source_urls_valid ... ok
test test_all_rules_implemented ... ok
test test_evidence_test_coverage_accuracy ... ok
test test_fixture_coverage_exists ... ok
test test_rules_json_matches_validation_rules_md ... ok

test result: ok. 16 passed; 0 failed; 0 ignored; 0 measured; 0 filtered out; finished in 0.05s

     Running unittests src\lib.rs (C:\Users\avife\.cargo\target\debug\deps\agnix_core-ec064b0a14cbe37d.exe)

running 2445 tests
test authoring::tests::test_catalog_contains_core_families ... ok
test authoring::tests::test_completion_claude_md_body_snippets ... ok
test authoring::tests::test_completion_mcp_json_value_context_quotes_strings ... ok
test authoring::tests::test_completion_hooks_value_context ... ok
test config::tests::test_builder_custom_exclude ... ok
test authoring::tests::test_completion_skill_key_context ... ok
test authoring::tests::test_completion_agent_key_context ... ok
test authoring::tests::test_hover_doc_for_agent_model ... ok
test authoring::tests::test_completion_skill_value_context ... ok
test authoring::tests::test_hover_doc_for_copilot_applyto ... ok
test authoring::tests::test_hover_doc_for_hooks_type ... ok
test authoring::tests::test_hover_doc_for_mcp_jsonrpc ... ok
test authoring::tests::test_invalid_partial_content_falls_back_without_panic ... ok
test authoring::tests::test_hover_doc_for_skill_model ... ok
test authoring::tests::test_completion_copilot_scoped_key_context ... ok
test authoring::tests::test_completion_hooks_key_context ... ok
test config::tests::test_agm_rules_work_with_all_targets ... ok
test authoring::tests::test_hover_doc_for_cursor_description ... ok
test config::tests::test_builder_build_unchecked_skips_validation ... ok
test authoring::tests::test_completion_cursor_rule_key_context ... ok
test authoring::tests::test_completion_mcp_key_context ... ok
test config::tests::test_builder_custom_target ... ok
test authoring::tests::test_completion_agent_value_context ... ok
test config::tests::test_builder_backslash_exclude_normalized ... ok
test config::tests::test_builder_chaining ... ok
test config::tests::test_builder_default_matches_default ... ok
test config::tests::test_builder_custom_tools ... ok
test config::tests::test_builder_disable_rule ... ok
test config::tests::test_builder_disable_validator ... ok
test config::tests::test_builder_duplicate_disable_rule_deduplicates ... ok
test config::tests::test_builder_duplicate_disable_validator_deduplicates ... ok
test config::tests::test_builder_custom_severity ... ok
test config::tests::test_builder_files_config ... ok
test config::tests::test_builder_empty_exclude ... ok
test config::tests::test_builder_files_include_invalid_glob_rejected ... ok
test config::tests::test_builder_files_include_path_traversal_rejected ... ok
test config::tests::test_builder_import_cache ... ok
test config::tests::test_builder_invalid_glob_returns_error ... ok
test config::tests::test_builder_locale_none ... ok
test config::tests::test_builder_locale_some ... ok
test config::tests::test_builder_mcp_protocol_version ... ok
test config::tests::test_builder_path_traversal_returns_error ... ok
test config::tests::test_builder_path_traversal_with_backslash ... ok
test config::tests::test_builder_reuse_after_build ... ok
test config::tests::test_builder_rules ... ok
test config::tests::test_builder_root_dir ... ok
test config::tests::test_builder_spec_revisions ... ok
test config::tests::test_builder_tool_versions ... ok
test config::tests::test_category_disabled_agents ... ok
test config::tests::test_category_disabled_agents_md ... ok
test config::tests::test_category_disabled_copilot ... ok
test config::tests::test_category_disabled_cross_platform ... ok
test config::tests::test_category_disabled_cursor ... ok
test config::tests::test_category_disabled_hooks ... ok
test config::tests::test_category_disabled_imports ... ok
test config::tests::test_category_disabled_mcp ... ok
test config::tests::test_category_disabled_memory ... ok
test config::tests::test_category_disabled_plugins ... ok
test config::tests::test_builder_fs ... ok
test config::tests::test_category_disabled_prompt_engineering ... ok
test config::tests::test_category_disabled_skills ... ok
test config::tests::test_category_disabled_xml ... ok
test config::tests::test_config_error_display ... ok
test config::tests::test_config_fs_returns_arc_ref ... ok
test config::tests::test_category_disabled_overrides_target ... ok
test config::tests::test_config_without_spec_revisions_defaults ... ok
test config::tests::test_config_without_tool_versions_defaults ... ok
test config::tests::test_cop_rules_work_with_all_targets ... ok
test config::tests::test_cur_rules_work_with_all_targets ... ok
test config::tests::test_custom_mcp_protocol_version ... ok
test config::tests::test_default_config_enables_agm_rules ... ok
test config::tests::test_config_serialize_deserialize_roundtrip ... ok
test config::tests::test_default_config_enables_all_rules ... ok
test config::tests::test_default_config_enables_cop_rules ... ok
test config::tests::test_default_config_enables_cur_rules ... ok
test config::tests::test_default_config_enables_pe_rules ... ok
test config::tests::test_default_config_enables_xp_rules ... ok
test config::tests::test_default_mcp_protocol_version ... ok
test config::tests::test_default_config_uses_real_filesystem ... ok
test config::tests::test_disabled_rules_across_categories ... ok
test config::tests::test_disabled_rules_case_sensitive ... ok
test config::tests::test_disabled_rules_empty_array ... ok
test config::tests::test_default_config_serializes_cleanly ... ok
test config::tests::test_config_warning_has_suggestion ... ok
test config::tests::test_builder_unknown_tool_rejected ... ok
test config::tests::test_builder_multiple_validation_errors ... ok
test config::tests::test_builder_deprecated_target_rejected_by_build ... ok
test config::tests::test_config_file_only_comments ... ok
test config::tests::test_builder_unknown_rule_rejected ... ok
test config::tests::test_builder_deprecated_mcp_protocol_rejected_by_build ... ok
test config::tests::test_disabled_rules_list ... ok
test config::tests::test_disabled_rules_multiple_from_same_category ... ok
test config::tests::test_disabled_rules_nonexistent_rule ... ok
test config::tests::test_config_file_empty ... ok
test config::tests::test_disabled_rules_takes_precedence ... ok
test config::tests::test_disabled_rules_overrides_category_enabled ... ok
test config::tests::test_disabled_specific_agm_rule ... ok
test config::tests::test_disabled_specific_cop_rule ... ok
test config::tests::test_disabled_rules_with_category_disabled ... ok
test config::tests::test_disabled_specific_cur_rule ... ok
test config::tests::test_config_invalid_target_value ... ok
test config::tests::test_config_invalid_severity_value ... ok
test config::tests::test_disabled_specific_pe_rule ... ok
test config::tests::test_config_wrong_type_for_exclude ... ok
test config::tests::test_config_file_with_comments ... ok
test config::tests::test_disabled_specific_xp_rule ... ok
test config::tests::test_config_wrong_type_for_disabled_rules ... ok
test config::tests::test_disabled_validators_defaults_to_empty ... ok
test config::tests::test_files_config_default_is_empty ... ok
test config::tests::test_disabled_validators_empty_array ... ok
test config::tests::test_disabled_validators_toml_deserialization ... ok
test config::tests::test_files_config_empty_section ... ok
test config::tests::test_files_config_omitted_section ... ok
test config::tests::test_files_config_partial_toml ... ok
test config::tests::test_invalid_semver_rejected_by_parser ... ok
test config::tests::test_is_mcp_revision_pinned_with_none_mcp_protocol_version ... ok
test config::tests::test_fs_can_be_shared_across_threads ... ok
test config::tests::test_is_tool_alias_canonical_name_not_alias_of_itself ... ok
test config::tests::test_is_tool_alias_copilot_is_alias_for_github_copilot ... ok
test config::tests::test_is_tool_alias_unknown_alias_returns_false ... ok
test config::tests::test_is_tool_alias_no_aliases_for_other_tools ... ok
test config::tests::test_lint_config_default_has_empty_files ... ok
test config::tests::test_mcp_protocol_version_none_fallback ... ok
test config::tests::test_mcp_rules_enabled_by_default ... ok
test config::tests::test_missing_config_no_warning ... ok
test config::tests::test_minimal_disable_warnings_config ... ok
test config::tests::test_nonexistent_config_file_returns_warning ... ok
test config::tests::test_partial_config_disable_single_category ... ok
test config::tests::test_multi_tool_project_config ... ok
test config::tests::test_old_config_with_removed_fields_still_parses ... ok
test config::tests::test_partial_config_combined_options ... ok
test config::tests::test_files_config_toml_deserialization ... ok
test config::tests::test_partial_config_only_disabled_rules ... ok
test config::tests::test_partial_config_only_severity ... ok
test config::tests::test_generate_schema_includes_descriptions ... ok
test config::tests::test_partial_config_only_rules_section ... ok
test config::tests::test_partial_config_only_exclude ... ok
test config::tests::test_partial_config_only_target ... ok
test config::tests::test_generate_schema_includes_all_fields ... ok
test config::tests::test_invalid_toml_returns_warning ... ok
test config::tests::test_generate_schema_includes_definitions ... ok
test config::tests::test_partial_config_tools_array ... ok
test config::tests::test_path_traversal_edge_cases ... ok
test config::tests::test_pe_rules_work_with_all_targets ... ok
test config::tests::test_rule_filter_category_checked_third ... ok
test config::tests::test_generate_schema_produces_valid_json ... ok
test config::tests::test_rule_filter_disabled_rules_checked_first ... ok
test config::tests::test_rule_filter_is_tool_alias_works_through_config ... ok
test config::tests::test_rule_filter_order_of_checks ... ok
test config::tests::test_rule_filter_target_checked_second ... ok
test config::tests::test_runtime_context_clone_shares_fs ... ok
test config::tests::test_runtime_context_default_values ... ok
test config::tests::test_runtime_context_root_dir_accessor ... ok
test config::tests::test_set_fs_replaces_filesystem ... ok
test config::tests::test_spec_revisions_default_unpinned ... ok
test config::tests::test_serde_runtime_fields_not_included ... ok
test config::tests::test_spec_revisions_fallback_to_legacy ... ok
test config::tests::test_runtime_context_not_serialized ... ok
test config::tests::test_spec_revisions_multiple_pinned ... ok
test config::tests::test_spec_revisions_mcp_pinned ... ok
test config::tests::test_spec_revisions_precedence_over_legacy ... ok
test config::tests::test_target_claude_code_enables_cc_rules ... ok
test config::tests::test_set_fs_is_not_serialized ... ok
test config::tests::test_target_codex_disables_cc_rules ... ok
test config::tests::test_target_and_tools_interaction ... ok
test config::tests::test_target_cursor_disables_cc_rules ... ok
test config::tests::test_strict_ci_config ... ok
test config::tests::test_target_generic_enables_all ... ok
test config::tests::test_serde_roundtrip_preserves_all_public_fields ... ok
test config::tests::test_toml_deserialization_agents_md ... ok
test config::tests::test_toml_deserialization_copilot ... ok
test config::tests::test_toml_deserialization_cross_platform ... ok
test config::tests::test_toml_deserialization_defaults ... ok
test config::tests::test_toml_deserialization_cursor ... ok
test config::tests::test_toml_deserialization_mcp_protocol_version ... ok
test config::tests::test_toml_deserialization_mcp_protocol_version_default ... ok
test config::tests::test_toml_deserialization_prompt_engineering ... ok
test config::tests::test_tool_versions_default_unpinned ... ok
test config::tests::test_toml_deserialization_with_new_fields ... ok
test config::tests::test_tool_versions_build_metadata ... ok
test config::tests::test_tool_versions_claude_code_pinned ... ok
test config::tests::test_tool_versions_invalid_string_still_deserializes ... ok
test config::tests::test_tool_versions_multiple_pinned ... ok
test config::tests::test_tool_versions_prerelease_version ... ok
test config::tests::test_tools_array_case_insensitive ... ok
test config::tests::test_tools_array_claude_code_only ... ok
test config::tests::test_tools_array_copilot_only ... ok
test config::tests::test_tools_array_cursor_only ... ok
test config::tests::test_tool_versions_prerelease_with_build_metadata ... ok
test config::tests::test_tools_array_empty_uses_target ... ok
test config::tests::test_tools_array_multiple_tools ... ok
test config::tests::test_tools_array_overrides_target ... ok
test config::tests::test_tools_category_disabled_still_works ... ok
test config::tests::test_tools_disabled_rules_still_works ... ok
test config::tests::test_tools_toml_backward_compatible ... ok
test config::tests::test_unknown_rules_enabled_by_default ... ok
test config::tests::test_valid_semver_accepted_by_parser ... ok
test config::tests::test_tools_toml_deserialization ... ok
test config::tests::test_validate_case_insensitive_tools ... ok
test config::tests::test_validate_deprecated_mcp_protocol_version ... ok
test config::tests::test_validate_deprecated_target_field ... ok
test config::tests::test_validate_empty_config_no_warnings ... ok
test config::tests::test_validate_empty_string_in_tools ... ok
test config::tests::test_validate_files_absolute_path_rejected ... ok
test config::tests::test_validate_files_invalid_glob ... ok
test config::tests::test_validate_files_path_traversal_rejected ... ok
test config::tests::test_validate_files_valid_globs_no_warnings ... ok
test config::tests::test_validate_invalid_disabled_rule_pattern ... ok
test config::tests::test_validate_invalid_tool ... ok
test config::tests::test_validate_mixed_valid_invalid ... ok
test config::tests::test_validate_multiple_invalid_tools ... ok
test config::tests::test_validate_multiple_warnings_same_category ... ok
test config::tests::test_validate_target_with_tools_no_warning ... ok
test config::tests::test_validate_valid_disabled_rules ... ok
test config::tests::test_validate_valid_tools ... ok
test config::tests::test_validate_files_pattern_count_limit ... ok
test config::tests::test_validate_ver_prefix_accepted ... ok
test config::tests::test_xp_rules_work_with_all_targets ... ok
test diagnostics::tests::test_diagnostic_builder_chaining ... ok
test diagnostics::tests::test_diagnostic_error_level ... ok
test diagnostics::tests::test_diagnostic_deserialize_without_metadata_field ... ok
test diagnostics::tests::test_diagnostic_has_safe_fixes_false_when_all_unsafe ... ok
test diagnostics::tests::test_diagnostic_info_level ... ok
test diagnostics::tests::test_diagnostic_level_ordering ... ok
test diagnostics::tests::test_diagnostic_no_fixes_by_default ... ok
test diagnostics::tests::test_diagnostic_manual_metadata_serde_roundtrip ... ok
test config::tests::test_valid_config_no_warning ... ok
test diagnostics::tests::test_diagnostic_serde_roundtrip_with_metadata ... ok
test diagnostics::tests::test_diagnostic_serde_roundtrip_without_metadata ... ok
test diagnostics::tests::test_diagnostic_warning_level ... ok
test diagnostics::tests::test_diagnostic_with_assumption ... ok
test diagnostics::tests::test_diagnostic_serialization_roundtrip ... ok
test diagnostics::tests::test_diagnostic_with_fix ... ok
test diagnostics::tests::test_diagnostic_with_fixes_multiple ... ok
test diagnostics::tests::test_diagnostic_with_suggestion ... ok
test diagnostics::tests::test_error_auto_populates_metadata_for_known_rule ... ok
test diagnostics::tests::test_diagnostic_without_optional_fields_roundtrip ... ok
test diagnostics::tests::test_fix_delete_fields ... ok
test diagnostics::tests::test_fix_explicit_confidence_fields ... ok
test diagnostics::tests::test_fix_insert_fields ... ok
test diagnostics::tests::test_fix_is_deletion_false_when_replacement_nonempty ... ok
test diagnostics::tests::test_fix_is_deletion_false_when_start_equals_end ... ok
test diagnostics::tests::test_fix_is_deletion_single_byte ... ok
test diagnostics::tests::test_fix_is_deletion_true_when_replacement_empty ... ok
test diagnostics::tests::test_fix_is_insertion_at_zero ... ok
test diagnostics::tests::test_fix_is_insertion_false_when_range_differs ... ok
test diagnostics::tests::test_fix_is_insertion_false_when_replacement_empty ... ok
test diagnostics::tests::test_fix_is_insertion_true_when_start_equals_end ... ok
test diagnostics::tests::test_fix_replace_fields ... ok
test diagnostics::tests::test_fix_with_confidence_updates_safe_compat_flag ... ok
test diagnostics::tests::test_info_auto_populates_metadata ... ok
test diagnostics::tests::test_lookup_rule_metadata_empty_string ... ok
test diagnostics::tests::test_lookup_rule_metadata_special_characters ... ok
test diagnostics::tests::test_rule_metadata_serde_none_tool_omitted ... ok
test diagnostics::tests::test_rule_metadata_serde_roundtrip ... ok
test diagnostics::tests::test_unknown_rule_has_no_metadata ... ok
test diagnostics::tests::test_warning_auto_populates_metadata ... ok
test diagnostics::tests::test_with_metadata_builder ... ok
test diagnostics::tests::test_with_metadata_overrides_auto_populated ... ok
test eval::tests::test_eval_format_display ... ok
test eval::tests::test_eval_format_from_str ... ok
test eval::tests::test_eval_manifest_base_dir ... ok
test eval::tests::test_eval_manifest_load_file_not_found ... ok
test diagnostics::tests::test_fix_serialization_roundtrip ... ok
test eval::tests::test_eval_result_failed_fn ... ok
test eval::tests::test_eval_result_failed_fp ... ok
test eval::tests::test_eval_result_passed ... ok
test eval::tests::test_eval_summary_empty_results ... ok
test eval::tests::test_eval_manifest_parse ... ok
test eval::tests::test_eval_summary_from_results ... ok
test eval::tests::test_eval_summary_to_csv ... ok
test eval::tests::test_eval_summary_to_json ... ok
test eval::tests::test_eval_summary_to_markdown ... ok
test eval::tests::test_f1_when_precision_is_zero_recall_is_nonzero ... ok
test eval::tests::test_f1_perfect_score ... ok
test eval::tests::test_f1_when_recall_is_zero_precision_is_nonzero ... ok
test eval::tests::test_eval_summary_zero_fixtures ... ok
test eval::tests::test_rule_metrics_f1 ... ok
test eval::tests::test_rule_metrics_f1_zero ... ok
test eval::tests::test_rule_metrics_precision ... ok
test eval::tests::test_rule_metrics_recall ... ok
test eval::tests::test_rule_metrics_zero_division ... ok
test file_types::detection::tests::detect_agents_directory_takes_precedence ... ok
test file_types::detection::tests::detect_claude_md_variants ... ok
test file_types::detection::tests::detect_claude_rule ... ok
test file_types::detection::tests::detect_cline_rules ... ok
test file_types::detection::tests::detect_cline_rules_folder ... ok
test file_types::detection::tests::detect_codex_config ... ok
test file_types::detection::tests::detect_copilot_agent ... ok
test file_types::detection::tests::detect_copilot_global ... ok
test file_types::detection::tests::detect_copilot_hooks_json ... ok
test file_types::detection::tests::detect_copilot_prompt ... ok
test file_types::detection::tests::detect_copilot_scoped ... ok
test file_types::detection::tests::detect_copilot_scoped_deep_nesting ... ok
test file_types::detection::tests::detect_copilot_scoped_not_under_github ... ok
test file_types::detection::tests::detect_copilot_scoped_wrong_order ... ok
test file_types::detection::tests::detect_copilot_scoped_subdirectory ... ok
test file_types::detection::tests::detect_copilot_setup_steps_workflow ... ok
test file_types::detection::tests::detect_cursor_rule ... ok
test file_types::detection::tests::detect_cursor_rule_does_not_match_other_cursor_markdown ... ok
test file_types::detection::tests::detect_documentation_directories ... ok
test file_types::detection::tests::detect_cursor_rules_legacy ... ok
test file_types::detection::tests::detect_excluded_filename_case_insensitive ... ok
test file_types::detection::tests::detect_excluded_filenames ... ok
test eval::tests::test_eval_manifest_load_invalid_yaml ... ok
test file_types::detection::tests::detect_excluded_parent_directories ... ok
test file_types::detection::tests::detect_gemini_extension ... ok
test file_types::detection::tests::detect_gemini_ignore ... ok
test file_types::detection::tests::detect_gemini_md ... ok
test file_types::detection::tests::detect_gemini_settings ... ok
test file_types::detection::tests::detect_generic_markdown ... ok
test file_types::detection::tests::detect_hooks ... ok
test file_types::detection::tests::detect_mcp_json_without_roo_parent_is_mcp ... ok
test file_types::detection::tests::detect_mcp_variants ... ok
test file_types::detection::tests::detect_opencode_config ... ok
test file_types::detection::tests::detect_plugin ... ok
test file_types::detection::tests::detect_roo_ignore ... ok
test file_types::detection::tests::detect_roo_mcp ... ok
test file_types::detection::tests::detect_roo_mode_rules ... ok
test file_types::detection::tests::detect_roo_mode_rules_not_under_roo ... ok
test file_types::detection::tests::detect_roo_mode_skill_md ... ok
test file_types::detection::tests::detect_roo_rules ... ok
test file_types::detection::tests::detect_roo_modes ... ok
test file_types::detection::tests::detect_roo_rules_folder ... ok
test file_types::detection::tests::detect_settings_json_without_gemini_parent_is_hooks ... ok
test file_types::detection::tests::detect_roo_rules_skill_md ... ok
test file_types::detection::tests::detect_skill_md ... ok
test file_types::detection::tests::detect_unknown_for_non_config_files ... ok
test file_types::detection::tests::documentation_directories_count ... ok
test file_types::detection::tests::excluded_filenames_count ... ok
test file_types::detection::tests::excluded_parent_directories_count ... ok
test file_types::detection::tests::is_documentation_directory_case_insensitive ... ok
test file_types::detection::tests::is_documentation_directory_negative ... ok
test file_types::detection::tests::no_duplicate_documentation_directories ... ok
test file_types::detection::tests::no_duplicate_excluded_filenames ... ok
test file_types::detection::tests::no_duplicate_excluded_parent_directories ... ok
test file_types::detection::tests::excluded_filenames_are_lowercase ... ok
test eval::tests::test_path_traversal_absolute_path ... ok
test file_types::detector::tests::builtin_detector_always_returns_some ... ok
test file_types::detector::tests::builtin_detector_name ... ok
test file_types::detector::tests::builtin_detector_recognises_skill ... ok
test file_types::detector::tests::builtin_detector_returns_unknown_for_non_config ... ok
test file_types::detector::tests::chain_is_send_sync ... ok
test file_types::detector::tests::chain_with_only_never_match_returns_none ... ok
test file_types::detector::tests::default_chain_has_builtin ... ok
test file_types::detector::tests::default_trait_name_uses_type_name ... ok
test file_types::detector::tests::detector_trait_is_send_sync ... ok
test file_types::detector::tests::empty_chain_returns_none ... ok
test file_types::detector::tests::multiple_prepends_maintain_order ... ok
test file_types::detector::tests::never_match_defers_to_next ... ok
test file_types::detector::tests::prepend_takes_priority_over_builtin ... ok
test file_types::detector::tests::push_runs_after_builtin ... ok
test file_types::detector::tests::with_builtin_falls_back_correctly ... ok
test file_types::detector::tests::with_builtin_has_one_detector ... ok
test file_types::types::tests::display_all_variants ... ok
test file_types::types::tests::file_type_is_copy ... ok
test file_types::types::tests::is_validatable_all_variants ... ok
test file_types::types::tests::usable_as_hashmap_key ... ok
test file_utils::tests::test_default_max_file_size_is_1_mib ... ok
test fixes::tests::test_apply_fixes_with_mock_fs_actual_write ... ok
test fixes::tests::test_apply_fixes_with_mock_fs_dry_run ... ok
test fixes::tests::test_apply_fixes_with_mock_fs_file_not_found ... ok
test fixes::tests::test_apply_fixes_with_mock_fs_multiple_files ... ok
test fixes::tests::test_apply_fixes_with_mock_fs_no_changes ... ok
test fixes::tests::test_apply_fixes_with_mock_fs_safe_only ... ok
test file_utils::tests::test_nonexistent_file_returns_error ... ok
test eval::tests::test_evaluate_manifest_filter_no_matches ... ok
test fixes::tests::test_fix_adjacent_fixes ... ok
test fixes::tests::test_fix_crlf_content ... ok
test fixes::tests::test_fix_deletion ... ok
test fixes::tests::test_fix_dependency_can_reference_description ... ok
test fixes::tests::test_fix_dependency_not_order_sensitive ... ok
test eval::tests::test_eval_manifest_load_large_file_rejected ... ok
test fixes::tests::test_fix_dependency_requires_predecessor ... ok
test fixes::tests::test_fix_dependency_skips_when_prerequisite_would_be_invalid ... ok
test fixes::tests::test_fix_empty_diagnostics ... ok
test fixes::tests::test_fix_end_before_start_skipped ... ok
test fixes::tests::test_fix_group_applies_first_alternative_only ... ok
test fixes::tests::test_fix_group_falls_back_when_first_candidate_is_removed ... ok
test fixes::tests::test_fix_insertion ... ok
test fixes::tests::test_fix_invalid_positions_skipped ... ok
test fixes::tests::test_fix_length_changing_preserves_positions ... ok
test eval::tests::test_relative_path_escaping_base_dir_blocked ... ok
test fixes::tests::test_fix_multiple_non_overlapping ... ok
test fixes::tests::test_fix_no_fixes_in_diagnostics ... ok
test fixes::tests::test_fix_overlapping_middle_skipped ... ok
test fixes::tests::test_fix_overlapping_skipped ... ok
test fixes::tests::test_fix_replacement_with_unicode ... ok
test fixes::tests::test_fix_result_has_changes ... ok
test fixes::tests::test_fix_reverse_order_preserves_positions ... ok
test file_utils::tests::test_safe_write_file_missing_file_returns_error ... ok
test fixes::tests::test_fix_same_position_insertions ... ok
test fixes::tests::test_fix_single_replacement ... ok
test fixes::tests::test_fix_three_non_overlapping_descending ... ok
test fixes::tests::test_fix_unicode_content_boundaries ... ok
test fixes::tests::test_fix_utf8_boundary_skip ... ok
test fs::tests::test_mock_fs_add_and_exists ... ok
test fs::tests::test_mock_fs_canonicalize ... ok
test fs::tests::test_mock_fs_canonicalize_follows_symlink ... ok
test fs::tests::test_mock_fs_chained_symlinks ... ok
test file_utils::tests::test_safe_read_file_on_directory_returns_not_regular ... ok
test fs::tests::test_mock_fs_circular_symlink_metadata ... ok
test fs::tests::test_mock_fs_clear ... ok
test fs::tests::test_mock_fs_circular_symlink_canonicalize ... ok
test fs::tests::test_mock_fs_exceeds_max_symlink_depth ... ok
test fs::tests::test_mock_fs_is_dir ... ok
test fs::tests::test_mock_fs_is_symlink ... ok
test fs::tests::test_mock_fs_max_symlink_depth_boundary ... ok
test fs::tests::test_mock_fs_metadata_directory ... ok
test fs::tests::test_mock_fs_metadata_file ... ok
test fs::tests::test_mock_fs_read_dir ... ok
test fs::tests::test_mock_fs_is_file ... ok
test fs::tests::test_mock_fs_read_dir_nonexistent ... ok
test fs::tests::test_mock_fs_read_dir_not_directory ... ok
test fs::tests::test_mock_fs_read_directory_fails ... ok
test fs::tests::test_mock_fs_read_nonexistent ... ok
test fs::tests::test_mock_fs_read_symlink_fails ... ok
test fs::tests::test_mock_fs_read_to_string ... ok
test fs::tests::test_mock_fs_remove ... ok
test fs::tests::test_mock_fs_symlink_metadata ... ok
test fs::tests::test_mock_fs_windows_path_normalization ... ok
test fs::tests::test_mock_fs_thread_safety ... ok
test fs::tests::test_mock_fs_write ... ok
test fs::tests::test_mock_fs_write_nonexistent_fails ... ok
test eval::tests::test_evaluate_case_empty_expected ... ok
test eval::tests::test_evaluate_case_with_fixture ... ok
test file_utils::tests::test_oversized_file_rejected ... ok
test file_utils::tests::test_file_one_byte_over_limit_rejected ... ok
test fs::tests::test_real_fs_exists ... ok
test fs::tests::test_real_fs_read_nonexistent ... ok
test fs::tests::test_real_fs_is_file ... ok
test eval::tests::test_relative_path_within_base_dir_allowed ... ok
test file_utils::tests::test_file_at_exact_limit_succeeds ... ok
test eval::tests::test_evaluate_manifest_file_entry_point ... ok
test fs::tests::test_real_fs_is_dir ... ok
test i18n::tests::test_case_insensitive ... ok
test i18n::tests::test_is_supported ... ok
test i18n::tests::test_normalize_chinese ... ok
test i18n::tests::test_normalize_english ... ok
test i18n::tests::test_normalize_spanish ... ok
test i18n::tests::test_normalize_whitespace ... ok
test i18n::tests::test_unsupported_locale ... ok
test i18n_tests::test_available_locales ... ok
test i18n_tests::test_chinese_translations_load ... ok
test i18n_tests::test_english_translations_load ... ok
test i18n_tests::test_fallback_to_english ... ok
test i18n_tests::test_keys_resolve_to_text_not_raw_paths ... ok
test i18n_tests::test_new_suggestion_keys_resolve ... ok
test i18n_tests::test_parameterized_translations ... ok
test i18n_tests::test_rule_ids_not_translated ... ok
test fs::tests::test_real_fs_read_to_string ... ok
test i18n_tests::test_spanish_diagnostics ... ok
test i18n_tests::test_spanish_translations_load ... ok
test eval::tests::test_evaluate_case_validation_error ... ok
test file_utils::tests::test_file_over_1_mib_limit_rejected ... ok
test parsers::frontmatter::tests::test_parse_frontmatter ... ok
test parsers::frontmatter::tests::test_no_frontmatter ... ok
test parsers::frontmatter::tests::test_split_frontmatter_basic ... ok
test parsers::frontmatter::tests::test_split_frontmatter_crlf ... ok
test parsers::frontmatter::tests::test_split_frontmatter_crlf_byte_offsets ... ok
test file_utils::tests::test_safe_write_file_rejects_directory ... ok
test parsers::frontmatter::tests::test_split_frontmatter_emoji_in_yaml_keys ... ok
test parsers::frontmatter::tests::test_split_frontmatter_emoji_in_yaml_values ... ok
test parsers::frontmatter::tests::test_split_frontmatter_empty ... ok
test parsers::frontmatter::tests::test_split_frontmatter_empty_values ... ok
test parsers::frontmatter::tests::test_split_frontmatter_escaped_quotes ... ok
test parsers::frontmatter::tests::test_split_frontmatter_long_lines ... ok
test parsers::frontmatter::tests::test_split_frontmatter_mixed_line_endings ... ok
test parsers::frontmatter::tests::test_split_frontmatter_multiple_dashes ... ok
test parsers::frontmatter::tests::test_split_frontmatter_nested_yaml ... ok
test parsers::frontmatter::tests::test_split_frontmatter_no_closing ... ok
test parsers::frontmatter::tests::test_split_frontmatter_unicode_values ... ok
test parsers::frontmatter::tests::test_split_frontmatter_whitespace_prefix ... ok
test parsers::json::tests::test_parse_empty_returns_error ... ok
test parsers::json::tests::test_parse_invalid_json_returns_error ... ok
test parsers::json::tests::test_parse_valid_json ... ok
test file_utils::tests::test_empty_file_read_succeeds ... ok
test file_utils::tests::test_directory_rejected ... ok
test parsers::frontmatter::proptests::split_frontmatter_never_panics ... ok
test parsers::frontmatter::proptests::split_frontmatter_valid_offsets ... ok
test parsers::json::proptests::parse_json_never_panics ... ok
test fixes::tests::test_fix_dry_run_no_write ... ok
test parsers::markdown::proptests::extract_markdown_links_never_panics ... ok
test file_utils::tests::test_normal_file_read_succeeds ... ok
test parsers::markdown::tests::test_extract_imports ... ok
test file_utils::tests::windows_tests::test_symlink_rejected_windows ... ok
test file_utils::tests::test_file_at_1_mib_limit_accepted ... ok
test parsers::markdown::tests::test_extract_imports_ignores_code_block ... ok
test parsers::markdown::tests::test_extract_imports_ignores_plain_mentions ... ok
test parsers::markdown::tests::test_extract_imports_ignores_inline_code ... ok
test parsers::markdown::tests::test_extract_markdown_links_basic ... ok
test parsers::markdown::tests::test_extract_markdown_links_anchor_only ... ok
test parsers::markdown::proptests::extract_imports_never_panics ... ok
test parsers::markdown::tests::test_extract_markdown_links_ignores_code_block ... ok
test parsers::markdown::tests::test_extract_markdown_links_external ... ok
test parsers::markdown::tests::test_extract_markdown_links_image ... ok
test parsers::markdown::tests::test_extract_markdown_links_ignores_inline_code ... ok
test parsers::markdown::tests::test_extract_markdown_links_multiple ... ok
test parsers::markdown::tests::test_extract_markdown_links_with_fragment ... ok
test parsers::markdown::tests::test_is_known_extensionless_file_negative ... ok
test parsers::markdown::tests::test_extract_markdown_links_line_column ... ok
test parsers::markdown::tests::test_is_known_extensionless_file ... ok
test parsers::markdown::tests::test_is_markdown_safe_html ... ok
test parsers::frontmatter::proptests::no_frontmatter_without_leading_dashes ... ok
test parsers::markdown::tests::test_is_markdown_safe_html_negative ... ok
test parsers::markdown::tests::test_is_probable_import_path_email_domain_filtering ... ok
test parsers::markdown::tests::test_is_probable_import_path_rejects_mentions ... ok
test parsers::markdown::tests::test_is_probable_import_path_valid_files ... ok
test parsers::markdown::tests::test_max_regex_input_size_constant ... ok
test fixes::tests::test_fix_actual_write ... ok
test parsers::markdown::tests::test_regex_patterns_compile ... ok
test parsers::markdown::tests::test_xml_balance ... ok
test parsers::markdown::tests::test_xml_extraction_with_emoji_adjacent_to_tags ... ok
test parsers::markdown::tests::test_xml_balance_multiple_unclosed ... ok
test parsers::markdown::tests::test_xml_extraction_with_emoji_in_tag_content ... ok
test parsers::markdown::tests::test_xml_ignores_code_block ... ok
test parsers::markdown::tests::test_xml_non_path_tags_not_filtered ... ok
test eval::tests::test_evaluate_manifest_with_filter ... ok
test parsers::markdown::tests::test_xml_path_template_placeholder_filtering_inline ... ok
test parsers::markdown::tests::test_xml_path_template_detection_logic ... ok
test file_utils::tests::test_safe_write_file_updates_content ... ok
test parsers::markdown::tests::test_xml_mixed_tags_and_self_closing ... ok
test parsers::markdown::tests::test_xml_self_closing_with_attributes ... ok
test parsers::markdown::tests::test_xml_self_closing_with_space ... ok
test parsers::markdown::tests::test_xml_self_closing_tags ... ok
test parsers::markdown::tests::test_xml_tags_skipped_for_oversized_content ... ok
test parsers::markdown::proptests::check_xml_balance_never_panics ... ok
test parsers::markdown::tests::test_xml_tags_processed_for_normal_sized_content ... ok
test parsers::markdown::tests::test_xml_unclosed ... ok
test parsers::markdown::tests::test_xml_tags_with_multiple_attributes ... ok
test parsers::markdown::tests::test_xml_unclosed_with_content_end ... ok
test parsers::markdown::tests::test_xml_tags_with_attributes ... ok
test pipeline::tests::test_compile_exclude_patterns_invalid_pattern_returns_error ... ok
test pipeline::tests::test_dir_only_pattern_does_not_exclude_file_named_dir ... ok
test pipeline::tests::test_dir_only_pattern_excludes_files_under_dir ... ok
test pipeline::tests::test_should_not_prune_dir_for_single_level_glob ... ok
test pipeline::tests::test_should_not_prune_root_dir ... ok
test fixes::tests::test_fix_mode_safe_only_applies_high_only ... ok
test fixes::tests::test_fix_safe_only_filter ... ok
test pipeline::tests::test_should_prune_dir_for_bare_pattern ... ok
test pipeline::tests::test_should_prune_dir_for_trailing_slash_pattern ... ok
test fixes::tests::test_fix_mode_safe_and_medium_filters_low ... ok
test pipeline::tests::test_should_prune_dir_with_globbed_patterns ... ok
test pipeline::validate_content_tests::returns_empty_for_unknown_file_type ... ok
test registry::tests::builder_empty_produces_empty_registry ... ok
test registry::tests::builder_multiple_providers ... ok
test registry::tests::builder_register_adds_single_factory ... ok
test registry::tests::builder_with_defaults_matches_with_defaults ... ok
test registry::tests::builder_multiple_without_validators ... ok
test registry::tests::builtin_provider_name ... ok
test registry::tests::builder_without_validator_disables ... ok
test registry::tests::builtin_provider_returns_expected_count ... ok
test parsers::json::proptests::parse_json_valid_json_succeeds ... ok
test registry::tests::custom_provider_adds_validators ... ok
test registry::tests::custom_provider_name ... ok
test registry::tests::default_trait_matches_with_defaults ... ok
test registry::tests::disable_all_validators_for_file_type ... ok
test registry::tests::disable_nonexistent_validator_is_harmless ... ok
test registry::tests::disable_same_validator_twice_is_idempotent ... ok
test registry::tests::disable_validator_filters_from_results ... ok
test registry::tests::validators_for_returns_all_when_none_disabled ... ok
test registry::tests::validators_for_unknown_file_type_returns_empty ... ok
test registry::tests::with_defaults_returns_expected_factories ... ok
test parsers::markdown::proptests::extract_xml_tags_never_panics ... ok
test rules::agent::tests::test_cc_ag_001_valid_name ... ok
test rules::agent::tests::test_cc_ag_001_empty_name ... ok
test rules::agent::tests::test_cc_ag_001_missing_name ... ok
test rules::agent::tests::test_cc_ag_001_whitespace_name ... ok
test rules::agent::tests::test_cc_ag_002_missing_description ... ok
test rules::agent::tests::test_cc_ag_002_valid_description ... ok
test rules::agent::tests::test_cc_ag_002_empty_description ... ok
test rules::agent::tests::test_cc_ag_003_all_valid_models ... ok
test rules::agent::tests::test_cc_ag_003_has_unsafe_fix ... ok
test parsers::frontmatter::proptests::frontmatter_with_dashes_detected ... ok
test rules::agent::tests::test_cc_ag_003_invalid_model ... ok
test rules::agent::tests::test_cc_ag_003_no_model_ok ... ok
test rules::agent::tests::test_cc_ag_003_valid_model_haiku ... ok
test rules::agent::tests::test_cc_ag_003_valid_model_inherit ... ok
test rules::agent::tests::test_cc_ag_003_valid_model_opus ... ok
test rules::agent::tests::test_cc_ag_003_valid_model_sonnet ... ok
test rules::agent::tests::test_cc_ag_004_has_unsafe_fix ... ok
test rules::agent::tests::test_cc_ag_004_invalid_permission_mode ... ok
test rules::agent::tests::test_cc_ag_004_no_permission_mode_ok ... ok
test rules::agent::tests::test_cc_ag_004_all_valid_permission_modes ... ok
test rules::agent::tests::test_cc_ag_004_valid_permission_mode_default ... ok
test rules::agent::tests::test_cc_ag_004_valid_permission_mode_bypass ... ok
test rules::agent::tests::test_cc_ag_004_valid_permission_mode_accept_edits ... ok
test rules::agent::tests::test_cc_ag_004_valid_permission_mode_dont_ask ... ok
test rules::agent::tests::test_cc_ag_004_valid_permission_mode_delegate ... ok
test rules::agent::tests::test_cc_ag_004_valid_permission_mode_plan ... ok
test parsers::frontmatter::proptests::unclosed_frontmatter_has_empty_frontmatter ... ok
test rules::agent::tests::test_cc_ag_005_empty_skills_array ... ok
test rules::agent::tests::test_cc_ag_005_with_mock_fs_empty_skills_array ... ok
test rules::agent::tests::test_cc_ag_005_with_mock_fs_existing_skill ... ok
test rules::agent::tests::test_cc_ag_005_no_skills_ok ... ok
test rules::agent::tests::test_cc_ag_005_with_mock_fs_missing_skill ... ok
test rules::agent::tests::test_cc_ag_005_with_mock_fs_no_claude_directory ... ok
test rules::agent::tests::test_cc_ag_005_with_mock_fs_multiple_skills_mixed ... ok
test parsers::json::proptests::parse_json_nested_succeeds ... ok
test rules::agent::tests::test_cc_ag_005_with_mock_fs_path_traversal_rejected ... ok
test rules::agent::tests::test_cc_ag_006_both_empty_arrays_ok ... ok
test rules::agent::tests::test_cc_ag_006_empty_tools_array ... ok
test rules::agent::tests::test_cc_ag_006_empty_disallowed_array ... ok
test rules::agent::tests::test_cc_ag_006_multiple_conflicts ... ok
test rules::agent::tests::test_cc_ag_006_no_conflict ... ok
test rules::agent::tests::test_cc_ag_006_only_tools_ok ... ok
test rules::agent::tests::test_cc_ag_007_disabled ... ok
test rules::agent::tests::test_cc_ag_006_tool_conflict ... ok
test rules::agent::tests::test_cc_ag_007_empty_file ... ok
test rules::agent::tests::test_cc_ag_007_missing_frontmatter_still_reports_line_1 ... ok
test rules::agent::tests::test_cc_ag_007_invalid_yaml_syntax ... ok
test rules::agent::tests::test_cc_ag_007_parse_error_has_suggestion ... ok
test rules::agent::tests::test_cc_ag_007_invalid_yaml_reports_correct_line ... ok
test rules::agent::tests::test_cc_ag_007_reports_column ... ok
test rules::agent::tests::test_cc_ag_007_type_error_reports_error_line ... ok
test rules::agent::tests::test_cc_ag_007_valid_yaml_no_error ... ok
test rules::agent::tests::test_cc_ag_008_invalid_memory_scope ... ok
test rules::agent::tests::test_cc_ag_008_no_memory_ok ... ok
test rules::agent::tests::test_cc_ag_005_missing_skill ... ok
test rules::agent::tests::test_cc_ag_008_autofix_case_insensitive ... ok
test rules::agent::tests::test_cc_ag_008_no_autofix_nonsense ... ok
test rules::agent::tests::test_cc_ag_008_valid_memory_local ... ok
test parsers::markdown::proptests::xml_unclosed_detected ... ok
test rules::agent::tests::test_cc_ag_005_multiple_missing_skills ... ok
test rules::agent::tests::test_cc_ag_008_valid_memory_project ... ok
test rules::agent::tests::test_cc_ag_008_valid_memory_user ... ok
test rules::agent::tests::test_cc_ag_006_only_disallowed_ok ... ok
test rules::agent::tests::test_cc_ag_009_all_valid_tools ... ok
test rules::agent::tests::test_cc_ag_009_invalid_tool ... ok
test rules::agent::tests::test_cc_ag_005_existing_skill ... ok
test rules::agent::tests::test_cc_ag_009_mcp_tool_valid ... ok
test rules::agent::tests::test_cc_ag_009_mcp_tool_invalid_formats ... ok
test rules::agent::tests::test_cc_ag_009_mcp_case_sensitive ... ok
test rules::agent::tests::test_cc_ag_009_scoped_mcp_tool_valid ... ok
test rules::agent::tests::test_cc_ag_009_skill_tool_valid ... ok
test rules::agent::tests::test_cc_ag_010_invalid_disallowed_tool ... ok
test rules::agent::tests::test_cc_ag_009_multiple_invalid ... ok
test rules::agent::tests::test_cc_ag_010_mcp_case_sensitive ... ok
test rules::agent::tests::test_cc_ag_010_mcp_tool_valid ... ok
test rules::agent::tests::test_cc_ag_010_scoped_mcp_tool_valid ... ok
test rules::agent::tests::test_cc_ag_010_valid_disallowed_tools ... ok
test rules::agent::tests::test_cc_ag_011_event_value_not_array ... ok
test rules::agent::tests::test_cc_ag_011_hook_invalid_type ... ok
test rules::agent::tests::test_cc_ag_009_scoped_tool_valid ... ok
test rules::agent::tests::test_cc_ag_011_hook_missing_type ... ok
test rules::agent::tests::test_cc_ag_011_hooks_field_not_array ... ok
test rules::agent::tests::test_cc_ag_011_hooks_not_object ... ok
test rules::agent::tests::test_cc_ag_011_invalid_hook_event ... ok
test rules::agent::tests::test_cc_ag_011_matcher_missing_hooks_array ... ok
test rules::agent::tests::test_cc_ag_011_matcher_not_object ... ok
test parsers::markdown::proptests::import_with_extension_detected ... ok
test rules::agent::tests::test_cc_ag_011_no_hooks_ok ... ok
test rules::agent::tests::test_cc_ag_012_bypass_permissions_warning ... ok
test rules::agent::tests::test_cc_ag_012_has_autofix ... ok
test rules::agent::tests::test_cc_ag_011_valid_hook_events ... ok
test rules::agent::tests::test_cc_ag_012_no_permission_mode_no_warning ... ok
test rules::agent::tests::test_cc_ag_012_other_modes_no_warning ... ok
test rules::agent::tests::test_cc_ag_013_invalid_skill_name_leading_hyphen ... ok
test rules::agent::tests::test_cc_ag_013_consecutive_hyphens ... ok
test rules::agent::tests::test_cc_ag_013_no_skills_ok ... ok
test rules::agent::tests::test_cc_ag_013_invalid_skill_name_uppercase ... ok
test rules::agent::tests::test_cc_ag_013_invalid_skill_name_underscore ... ok
test rules::agent::tests::test_config_claude_code_target_enables_agent_rules ... ok
test rules::agent::tests::test_cc_ag_013_valid_skill_names ... ok
test rules::agent::tests::test_config_cursor_target_disables_agent_rules ... ok
test rules::agent::tests::test_config_disabled_agents_category_returns_empty ... ok
test rules::agent::tests::test_config_disabled_specific_rule ... ok
test rules::agent::tests::test_fixture_bypass_permissions ... ok
test rules::agent::tests::test_fixture_invalid_disallowed_tool ... ok
test rules::agent::tests::test_fixture_invalid_hooks ... ok
test rules::agent::tests::test_fixture_invalid_memory ... ok
test rules::agent::tests::test_fixture_invalid_model ... ok
test rules::agent::tests::test_fixture_invalid_permission ... ok
test rules::agent::tests::test_fixture_invalid_tool_name ... ok
test rules::agent::tests::test_fixture_invalid_skill_format ... ok
test rules::agent::tests::test_fixture_missing_description ... ok
test rules::agent::tests::test_fixture_missing_name ... ok
test rules::agent::tests::test_fixture_tool_conflict ... ok
test rules::agent::tests::test_fixture_valid_agent ... ok
test rules::agent::tests::test_is_safe_skill_name ... ok
test rules::agent::tests::test_is_valid_skill_name_format ... ok
test rules::agent::tests::test_invalid_yaml ... ok
test rules::agent::tests::test_fixture_valid_agent_with_new_fields ... ok
test rules::agent::tests::test_no_frontmatter ... ok
test rules::agent::tests::test_valid_agent_minimal ... ok
test rules::agent::tests::test_valid_agent_full ... ok
test rules::agent::tests::test_validator_produces_diagnostics_with_metadata ... ok
test rules::agent::tests::test_skill_name_path_traversal_rejected ... ok
test parsers::markdown::proptests::xml_tags_balanced_detected ... ok
test rules::agents_md::tests::test_agm_002_no_headers ... ok
test rules::agents_md::tests::test_agm_004_has_project_section ... ok
test rules::agents_md::tests::test_agm_004_has_tech_stack_section ... ok
test rules::agents_md::tests::test_agm_001_suggestion_mentions_unclosed_tags ... ok
test rules::agents_md::tests::test_agm_004_has_overview_section ... ok
test rules::agents_md::tests::test_agm_001_balanced_code_blocks ... ok
test rules::agents_md::tests::test_agm_001_unclosed_code_block ... ok
test rules::agents_md::tests::test_agm_003_exact_12000_chars ... ok
test rules::agents_md::tests::test_agm_002_multiple_header_levels ... ok
test rules::agents_md::tests::test_agm_002_has_headers ... ok
test rules::agents_md::tests::test_agents_variants_get_agm_rules ... ok
test rules::agents_md::tests::test_agm_001_single_unclosed_block ... ok
test rules::agents_md::tests::test_agm_003_over_12001_chars ... ok
test rules::agents_md::tests::test_agm_001_valid_markdown ... ok
test rules::agents_md::tests::test_agm_003_under_limit ... ok
test rules::agents_md::tests::test_agm_003_over_limit ... ok
test rules::agents_md::tests::test_agents_local_md_char_limit ... ok
test rules::agents_md::tests::test_agm_004_missing_context ... ok
test rules::agents_md::tests::test_agm_005_guarded_with_tool_section ... ok
test rules::agents_md::tests::test_agents_override_md_unguarded_features ... ok
test rules::agents_md::tests::test_agm_005_unguarded_context_fork ... ok
test rules::agents_md::tests::test_agm_005_hooks_yaml_unguarded ... ok
test rules::agents_md::tests::test_agm_005_guarded_hooks ... ok
test rules::agents_md::tests::test_agm_005_unguarded_hooks ... ok
test rules::agents_md::tests::test_config_disabled_agents_md_category ... ok
test rules::agents_md::tests::test_skip_claude_local_md ... ok
test rules::agents_md::tests::test_skip_claude_md ... ok
test rules::agents_md::tests::test_config_disabled_specific_rule ... ok
test rules::agents_md::tests::test_agm_005_multiple_unguarded ... ok
test rules::agents_md::tests::test_skip_other_md ... ok
test rules::agents_md::tests::test_valid_agents_md_no_errors ... ok
test rules::agents_md::tests::test_all_agm_rules_can_be_disabled ... ok
test rules::agents_md::tests::test_combined_issues ... ok
test rules::claude_md::tests::test_all_new_rules_disabled_individually ... ok
test rules::claude_md::tests::test_cc_mem_004_valid_npm_script ... ok
test rules::claude_md::tests::test_cc_mem_007_fix_byte_positions ... ok
test rules::claude_md::tests::test_cc_mem_005_fix_last_line_no_newline ... ok
test rules::claude_md::tests::test_cc_mem_004_invalid_npm_script ... ok
test rules::claude_md::tests::test_cc_mem_005_fix_application ... ok
test rules::claude_md::tests::test_cc_mem_007_has_fix ... ok
test rules::claude_md::tests::test_cc_mem_006_negative_without_positive ... ok
test rules::claude_md::tests::test_cc_mem_005_fix_byte_positions ... ok
test parsers::markdown::proptests::extract_imports_valid_offsets ... ok
test rules::claude_md::tests::test_cc_mem_007_multiple_weak_words ... ok
test rules::claude_md::tests::test_cc_mem_007_weak_in_critical ... ok
test rules::claude_md::tests::test_cc_mem_007_fix_application ... ok
test rules::claude_md::tests::test_cc_mem_006_negative_with_positive ... ok
test rules::claude_md::tests::test_cc_mem_005_has_fix ... ok
test rules::claude_md::tests::test_cc_mem_008_critical_at_top ... ok
test rules::claude_md::tests::test_cc_mem_007_weak_outside_critical ... ok
test rules::claude_md::tests::test_cc_mem_008_edge_at_boundary ... ok
test rules::claude_md::tests::test_cc_mem_008_critical_in_middle ... ok
test rules::claude_md::tests::test_cc_mem_009_under_limit ... ok
test rules::claude_md::tests::test_cc_mem_005_be_helpful_pattern ... ok
test rules::claude_md::tests::test_cc_mem_009_token_exceeded ... ok
test rules::claude_md::tests::test_config_cursor_target_disables_cc_mem_rules ... ok
test rules::claude_md::tests::test_config_disabled_memory_category ... ok
test rules::claude_md::tests::test_cc_mem_010_no_duplication ... ok
test rules::claude_md::tests::test_cursor_rules_md_gets_rules ... ok
test rules::claude_md::tests::test_cursor_rules_mdc_gets_rules ... ok
test rules::claude_md::tests::test_skip_agents_files ... ok
test rules::claude_md::tests::test_cc_mem_010_unique_content_no_error ... ok
test rules::claude_md::tests::test_config_disabled_specific_rule ... ok
test rules::claude_rules::tests::test_cc_mem_011_empty_paths ... ok
test rules::claude_rules::tests::test_both_rules_trigger ... ok
test rules::claude_md::tests::test_legacy_generic_instructions_flag ... ok
test rules::claude_rules::tests::test_cc_mem_011_invalid_glob ... ok
test rules::claude_rules::tests::test_cc_mem_011_no_frontmatter ... ok
test rules::claude_rules::tests::test_cc_mem_011_multiple_invalid_globs ... ok
test rules::claude_rules::tests::test_cc_mem_011_unclosed_frontmatter ... ok
test rules::claude_rules::tests::test_cc_mem_012_no_frontmatter ... ok
test rules::claude_rules::tests::test_cc_mem_012_has_autofix ... ok
test rules::claude_rules::tests::test_cc_mem_011_valid_globs ... ok
test rules::claude_rules::tests::test_cc_mem_012_no_unknown_keys ... ok
test rules::claude_rules::tests::test_cc_mem_012_unknown_keys ... ok
test rules::claude_rules::tests::test_claude_rules_path ... ok
test rules::claude_rules::tests::test_config_disabled_memory_category ... ok
test rules::claude_rules::tests::test_wrong_path_no_diagnostics ... ok
test rules::claude_rules::tests::test_config_disabled_specific_rules ... ok
test rules::claude_rules::tests::test_valid_rule_file_no_issues ... ok
test rules::claude_md::tests::test_cc_mem_010_readme_duplication ... ok
test rules::claude_md::tests::test_claude_local_md_gets_rules ... ok
test rules::cline::tests::test_all_cln_rules_can_be_disabled ... ok
test rules::cline::tests::test_cln_001_empty_body_after_frontmatter ... ok
test rules::claude_md::tests::test_generic_instruction_detected ... ok
test rules::claude_md::tests::test_cc_mem_006_all_negative_patterns ... ok
test rules::claude_md::tests::test_cc_mem_009_exact_token_limit ... ok
test rules::claude_md::tests::test_cc_mem_004_all_known_commands ... ok
test rules::claude_md::tests::test_cc_mem_007_fix_replacements ... ok
test rules::claude_md::tests::test_all_cc_mem_rules_can_be_disabled ... ok
test rules::cline::tests::test_cln_001_empty_folder_file ... ok
test rules::cline::tests::test_cln_001_empty_single_file ... ok
test rules::cline::tests::test_cln_001_folder_no_frontmatter_with_content ... ok
test rules::cline::tests::test_cln_001_newlines_only ... ok
test rules::cline::tests::test_cln_001_valid_single_file ... ok
test rules::cline::tests::test_cln_001_whitespace_only_single ... ok
test rules::cline::tests::test_cln_001_valid_folder_file ... ok
test parsers::markdown::proptests::extract_markdown_links_valid_offsets ... ok
test rules::cline::tests::test_cln_002_invalid_glob ... ok
test rules::cline::tests::test_cln_002_invalid_patterns ... ok
test rules::cline::tests::test_cln_002_multiple_invalid_patterns ... ok
test rules::cline::tests::test_cln_002_multiple_patterns_mixed ... ok
test rules::cline::tests::test_cln_002_not_triggered_on_single_file ... ok
test rules::cline::tests::test_cln_002_no_paths_field ... ok
test rules::cline::tests::test_cln_003_not_triggered_on_single_file ... ok
test rules::cline::tests::test_cln_003_no_unknown_keys ... ok
test rules::cline::tests::test_cln_002_valid_glob_patterns ... ok
test rules::cline::tests::test_cln_004_empty_array_no_warning ... ok
test rules::cline::tests::test_cln_003_unknown_keys ... ok
test rules::cline::tests::test_cln_004_scalar_paths_warns ... ok
test rules::cline::tests::test_cln_004_array_paths_no_warning ... ok
test rules::cline::tests::test_config_disabled_cline_category ... ok
test rules::cline::tests::test_cln_004_has_autofix ... ok
test rules::cline::tests::test_config_disabled_specific_rule ... ok
test rules::cline::tests::test_folder_file_detection ... ok
test rules::cline::tests::test_folder_file_with_numeric_prefix ... ok
test rules::cline::tests::test_single_file_detection ... ok
test rules::cline::tests::test_multiple_issues ... ok
test rules::cline::tests::test_valid_folder_no_issues ... ok
test rules::codex::tests::test_build_key_line_map ... ok
test rules::codex::tests::test_build_key_line_map_no_partial_match ... ok
test rules::codex::tests::test_cdx_000_has_suggestion ... ok
test rules::codex::tests::test_both_fields_wrong_type ... ok
test rules::codex::tests::test_cdx_000_uses_localized_message ... ok
test rules::codex::tests::test_all_cdx_rules_can_be_disabled ... ok
test rules::codex::tests::test_cdx_001_absent_approval_mode ... ok
test rules::codex::tests::test_cdx_001_all_valid_modes ... ok
test rules::codex::tests::test_cdx_001_autofix_case_insensitive ... ok
test rules::codex::tests::test_cdx_001_autofix_targets_correct_bytes ... ok
test rules::codex::tests::test_cdx_001_case_sensitive ... ok
test rules::codex::tests::test_cdx_001_empty_string ... ok
test rules::codex::tests::test_cdx_001_invalid_approval_mode ... ok
test rules::codex::tests::test_cdx_001_line_number ... ok
test rules::codex::tests::test_cdx_001_no_autofix_nonsense ... ok
test rules::codex::tests::test_cdx_001_type_mismatch ... ok
test rules::codex::tests::test_cdx_001_type_mismatch_array ... ok
test rules::codex::tests::test_cdx_001_type_mismatch_float ... ok
test rules::codex::tests::test_cdx_001_type_mismatch_number ... ok
test rules::codex::tests::test_cdx_001_valid_auto_edit ... ok
test rules::codex::tests::test_cdx_001_valid_full_auto ... ok
test rules::codex::tests::test_cdx_001_valid_suggest ... ok
test rules::codex::tests::test_cdx_002_absent_error_mode ... ok
test rules::codex::tests::test_cdx_002_all_valid_modes ... ok
test rules::codex::tests::test_cdx_001_no_autofix_when_duplicate ... ok
test rules::codex::tests::test_cdx_002_autofix_case_insensitive ... ok
test rules::codex::tests::test_cdx_002_autofix_targets_correct_bytes ... ok
test rules::codex::tests::test_cdx_002_empty_string ... ok
test rules::codex::tests::test_cdx_002_case_sensitive ... ok
test rules::codex::tests::test_cdx_002_empty_with_cdx_001_invalid ... ok
test rules::codex::tests::test_cdx_002_line_number ... ok
test rules::codex::tests::test_cdx_002_type_mismatch ... ok
test rules::codex::tests::test_cdx_002_invalid_error_mode ... ok
test rules::codex::tests::test_cdx_002_no_autofix_nonsense ... ok
test rules::codex::tests::test_cdx_002_valid_ignore_and_continue ... ok
test rules::codex::tests::test_cdx_002_valid_ask_user ... ok
test rules::codex::tests::test_cdx_003_case_sensitive_extension ... ok
test rules::codex::tests::test_cdx_003_not_triggered_on_claude_md ... ok
test rules::codex::tests::test_cdx_003_agents_override_md ... ok
test rules::codex::tests::test_cdx_003_not_triggered_on_config ... ok
test rules::codex::tests::test_cdx_004_has_suggestion ... ok
test rules::codex::tests::test_cdx_004_and_cdx_005_combined ... ok
test rules::codex::tests::test_cdx_004_known_keys_no_warning ... ok
test rules::codex::tests::test_cdx_003_not_triggered_on_agents_md ... ok
test rules::codex::tests::test_cdx_004_line_number ... ok
test rules::codex::tests::test_cdx_004_multiple_unknown_keys ... ok
test rules::codex::tests::test_cdx_004_table_keys_not_flagged ... ok
test rules::codex::tests::test_cdx_004_unknown_key ... ok
test rules::codex::tests::test_cdx_005_absent ... ok
test rules::codex::tests::test_cdx_005_at_limit ... ok
test rules::codex::tests::test_cdx_005_below_limit ... ok
test rules::codex::tests::test_cdx_005_exceeds_limit ... ok
test rules::codex::tests::test_cdx_005_has_suggestion ... ok
test rules::codex::tests::test_cdx_005_just_over_limit ... ok
test rules::codex::tests::test_cdx_005_negative_value ... ok
test rules::codex::tests::test_cdx_005_wrong_type ... ok
test rules::codex::tests::test_config_disabled_codex_category ... ok
test rules::codex::tests::test_cdx_005_zero_value ... ok
test rules::codex::tests::test_config_disabled_specific_rule ... ok
test rules::codex::tests::test_empty_config_no_issues ... ok
test rules::codex::tests::test_find_key_line ... ok
test rules::codex::tests::test_find_key_line_at_start_of_content ... ok
test rules::codex::tests::test_find_key_line_no_partial_match ... ok
test rules::codex::tests::test_find_key_line_with_leading_whitespace ... ok
test rules::codex::tests::test_cdx_005_line_number ... ok
test rules::codex::tests::test_multiple_issues ... ok
test rules::codex::tests::test_find_key_line_ignores_value_match ... ok
test rules::codex::tests::test_valid_codex_fixture_no_diagnostics ... ok
test rules::copilot::tests::test_config_disabled_copilot_category ... ok
test rules::codex::tests::test_valid_config_no_issues ... ok
test rules::copilot::tests::test_config_disabled_specific_rule ... ok
test rules::copilot::tests::test_cop_001_empty_global_file ... ok
test rules::copilot::tests::test_cop_001_newlines_only ... ok
test rules::copilot::tests::test_cop_001_empty_scoped_body ... ok
test rules::copilot::tests::test_cop_001_spaces_and_tabs ... ok
test rules::copilot::tests::test_cop_001_valid_global_file ... ok
test rules::copilot::tests::test_cop_001_whitespace_only_global ... ok
test rules::copilot::tests::test_cop_001_valid_scoped_file ... ok
test rules::copilot::tests::test_cop_002_has_autofix_for_missing_frontmatter ... ok
test rules::copilot::tests::test_cop_002_missing_apply_to ... ok
test rules::copilot::tests::test_cop_002_invalid_yaml ... ok
test rules::copilot::tests::test_cop_002_missing_frontmatter ... ok
test rules::copilot::tests::test_cop_002_valid_frontmatter ... ok
test rules::copilot::tests::test_cop_002_no_autofix_for_yaml_error ... ok
test rules::copilot::tests::test_cop_002_yaml_with_tabs ... ok
test rules::copilot::tests::test_cop_002_valid_frontmatter_no_error ... ok
test rules::copilot::tests::test_cop_003_all_valid_patterns ... ok
test rules::copilot::tests::test_cop_003_invalid_glob ... ok
test rules::copilot::tests::test_all_cop_rules_can_be_disabled ... ok
test rules::copilot::tests::test_cop_003_invalid_patterns ... ok
test rules::copilot::tests::test_cop_004_no_unknown_keys ... ok
test rules::copilot::tests::test_cop_003_valid_glob_patterns ... ok
test rules::copilot::tests::test_cop_004_multiple_unknown_keys ... ok
test rules::copilot::tests::test_cop_004_all_known_keys ... ok
test rules::copilot::tests::test_cop_004_unknown_keys ... ok
test rules::copilot::tests::test_cop_005_autofix_nonsense ... ok
test rules::copilot::tests::test_cop_005_case_sensitive ... ok
test rules::copilot::tests::test_cop_005_empty_string ... ok
test rules::copilot::tests::test_cop_005_global_file_no_trigger ... ok
test rules::copilot::tests::test_cop_005_invalid_exclude_agent ... ok
test rules::copilot::tests::test_cop_005_valid_code_review ... ok
test rules::copilot::tests::test_cop_006_disabled ... ok
test rules::copilot::tests::test_cop_005_valid_coding_agent ... ok
test rules::copilot::tests::test_cop_006_exact_boundary ... ok
test rules::copilot::tests::test_cop_006_long_file ... ok
test rules::copilot::tests::test_cop_006_short_file ... ok
test rules::copilot::tests::test_cop_006_scoped_file_no_trigger ... ok
test rules::copilot::tests::test_cop_007_missing_description ... ok
test rules::copilot::tests::test_cop_005_absent_exclude_agent ... ok
test rules::copilot::tests::test_cop_007_missing_frontmatter_message ... ok
test rules::copilot::tests::test_cop_008_disabled_still_reports_parse_error ... ok
test rules::copilot::tests::test_cop_008_invalid_agent_frontmatter_yaml ... ok
test rules::copilot::tests::test_cop_008_unknown_agent_field ... ok
test rules::copilot::tests::test_cop_009_invalid_target ... ok
test rules::copilot::tests::test_cop_009_line_detection_handles_space_before_colon ... ok
test rules::copilot::tests::test_cop_010_deprecated_infer ... ok
test rules::copilot::tests::test_cop_011_agent_body_length_limit ... ok
test rules::copilot::tests::test_cop_012_github_unsupported_fields ... ok
test rules::copilot::tests::test_cop_012_skips_vscode_target ... ok
test rules::copilot::tests::test_cop_013_empty_prompt_body ... ok
test rules::copilot::tests::test_cop_013_line_is_clamped_to_file_length ... ok
test rules::copilot::tests::test_cop_014_invalid_prompt_frontmatter_yaml ... ok
test rules::copilot::tests::test_cop_014_invalid_prompt_frontmatter_yaml_does_not_emit_cop_013 ... ok
test rules::copilot::tests::test_cop_014_unknown_prompt_field ... ok
test rules::copilot::tests::test_cop_017_hooks_schema_validation ... ok
test rules::copilot::tests::test_cop_015_invalid_prompt_agent_mode ... ok
test rules::copilot::tests::test_cop_017_invalid_hooks_json_syntax ... ok
test rules::copilot::tests::test_cop_018_invalid_setup_workflow_yaml ... ok
test rules::copilot::tests::test_global_file_no_frontmatter_rules ... ok
test rules::copilot::tests::test_cop_018_setup_steps_requires_copilot_setup_steps_job ... ok
test rules::copilot::tests::test_multiple_issues ... ok
test rules::copilot::tests::test_valid_scoped_no_issues ... ok
test rules::cross_platform::tests::test_config_disabled_cross_platform_category ... ok
test rules::cross_platform::tests::test_xp_001_allowed_in_claude_local ... ok
test rules::cross_platform::tests::test_xp_001_allowed_in_claude_local_md ... ok
test rules::cross_platform::tests::test_xp_001_allowed_in_claude_md ... ok
test rules::cross_platform::tests::test_xp_002_not_checked_for_claude_md ... ok
test rules::cross_platform::tests::test_config_disabled_specific_rule ... ok
test parsers::markdown::proptests::extract_xml_tags_valid_offsets ... ok
test rules::cross_platform::tests::test_xp_003_applies_to_all_files ... ok
test pipeline::validate_content_tests::returns_empty_for_empty_content_with_known_type ... ok
test pipeline::validate_content_tests::returns_diagnostics_for_known_file_type ... ok
test pipeline::validate_content_tests::respects_tool_filter ... ok
test rules::cross_platform::tests::test_xp_001_clean_agents_md ... ok
test rules::cross_platform::tests::test_xp_002_agents_variants ... ok
test rules::cross_platform::tests::test_xp_001_guarded_with_claude_code_section ... ok
test rules::cross_platform::tests::test_xp_002_valid_structure ... ok
test rules::cross_platform::tests::test_xp_001_at_import_in_agents_md ... ok
test rules::cross_platform::tests::test_xp_003_no_platform_paths ... ok
test rules::cross_platform::tests::test_xp_001_context_fork_in_agents_md ... ok
test rules::cross_platform::tests::test_xp_001_agents_local_md ... ok
test rules::cross_platform::tests::test_xp_002_no_headers ... ok
test rules::cross_platform::tests::test_xp_001_hooks_in_agents_md ... ok
test rules::cross_platform::tests::test_xp_003_relative_paths_ok ... ok
test rules::cross_platform::tests::test_xp_007_agents_md_under_limit ... ok
test rules::cross_platform::tests::test_xp_002_skipped_header_level ... ok
test rules::cross_platform::tests::test_xp_rules_not_target_specific ... ok
test rules::cross_platform::tests::test_xp_001_guard_resets_at_new_section ... ok
test rules::cross_platform::tests::test_xp_001_guarded_section_no_errors ... ok
test rules::cross_platform::tests::test_xp_001_agents_override_md ... ok
test rules::cross_platform::tests::test_xp_001_mixed_guarded_unguarded ... ok
test rules::cross_platform::tests::test_xp_001_claude_code_features ... ok
test rules::cursor::tests::test_config_disabled_cursor_category ... ok
test rules::cross_platform::tests::test_xp_001_multiple_features ... ok
test rules::cross_platform::tests::test_xp_002_valid_markdown_structure ... ok
test rules::cross_platform::tests::test_xp_007_not_checked_for_claude_md ... ok
test rules::cursor::tests::test_all_cur_rules_can_be_disabled ... ok
test rules::cursor::tests::test_config_disabled_specific_rule ... ok
test rules::cursor::tests::test_cur_001_empty_mdc_file ... ok
test rules::cursor::tests::test_cur_001_empty_body_after_frontmatter ... ok
test rules::cursor::tests::test_cur_001_newlines_only ... ok
test rules::cursor::tests::test_cur_001_frontmatter_only ... ok
test rules::cursor::tests::test_cur_001_skips_when_parse_error ... ok
test rules::cursor::tests::test_cur_001_whitespace_only ... ok
test rules::cursor::tests::test_cur_001_valid_mdc_file ... ok
test rules::cursor::tests::test_cur_002_has_autofix ... ok
test rules::cross_platform::tests::test_xp_007_agents_local_md ... ok
test rules::cross_platform::tests::test_xp_007_agents_md_over_limit ... ok
test rules::cursor::tests::test_cur_002_has_frontmatter ... ok
test rules::cursor::tests::test_cur_002_no_autofix_for_empty ... ok
test rules::cursor::tests::test_cur_002_no_frontmatter_in_cursorrules ... ok
test rules::cursor::tests::test_cur_003_unclosed_frontmatter ... ok
test rules::cursor::tests::test_cur_003_invalid_yaml ... ok
test rules::cursor::tests::test_cur_003_valid_yaml ... ok
test rules::cursor::tests::test_cur_003_yaml_with_tabs ... ok
test rules::cursor::tests::test_cur_004_globs_as_array ... ok
test rules::cursor::tests::test_cur_004_all_valid_patterns ... ok
test rules::cursor::tests::test_cur_004_invalid_glob ... ok
test rules::cursor::tests::test_cur_004_invalid_glob_in_array ... ok
test rules::cross_platform::tests::test_xp_003_dot_cursor_dir_path ... ok
test rules::cursor::tests::test_cur_004_invalid_patterns ... ok
test rules::cursor::tests::test_cur_002_missing_frontmatter ... ok
test rules::cursor::tests::test_cur_004_line_number_accuracy ... ok
test rules::cursor::tests::test_cur_005_all_known_keys ... ok
test rules::cross_platform::tests::test_xp_003_claude_path ... ok
test rules::cursor::tests::test_cur_005_multiple_unknown_keys ... ok
test rules::cursor::tests::test_cur_004_valid_glob_patterns ... ok
test rules::cursor::tests::test_cur_005_no_unknown_keys ... ok
test rules::cursor::tests::test_cur_006_legacy_empty ... ok
test rules::cross_platform::tests::test_xp_003_dot_claude_dir_path ... ok
test rules::cursor::tests::test_cur_005_unknown_keys ... ok
test rules::cursor::tests::test_cur_006_legacy_file ... ok
test rules::cursor::tests::test_cur_006_legacy_file_with_content ... ok
test rules::cursor::tests::test_cur_007_always_apply_false_with_globs ... ok
test rules::cursor::tests::test_cur_007_always_apply_with_globs ... ok
test rules::cross_platform::tests::test_all_xp_rules_can_be_disabled ... ok
test rules::cursor::tests::test_cur_007_always_apply_without_globs ... ok
test rules::cursor::tests::test_cur_007_always_apply_with_globs_array ... ok
test rules::cross_platform::tests::test_xp_003_macos_library_path ... ok
test rules::cursor::tests::test_cur_007_has_autofix ... ok
test rules::cursor::tests::test_cur_007_autofix_deletes_array_globs_block ... ok
test rules::cursor::tests::test_cur_007_line_number_accuracy ... ok
test rules::cursor::tests::test_cur_008_arbitrary_string ... ok
test rules::cursor::tests::test_cur_008_autofix_string_false ... ok
test rules::cross_platform::tests::test_xp_003_tilde_hidden_dir ... ok
test rules::cursor::tests::test_cur_008_autofix_string_true ... ok
test rules::cursor::tests::test_cur_008_boolean_false ... ok
test rules::cursor::tests::test_cur_008_boolean_true ... ok
test rules::cursor::tests::test_cur_008_line_number_accuracy ... ok
test rules::cursor::tests::test_cur_008_string_false ... ok
test rules::cursor::tests::test_cur_009_empty_description ... ok
test rules::cursor::tests::test_cur_008_string_true ... ok
test rules::cursor::tests::test_cur_009_no_description_no_globs_no_always_apply ... ok
test rules::cursor::tests::test_cur_009_whitespace_only_description ... ok
test rules::cursor::tests::test_cur_009_with_always_apply ... ok
test rules::cursor::tests::test_cur_009_with_always_apply_false ... ok
test rules::cursor::tests::test_cur_009_with_description ... ok
test rules::cursor::tests::test_cur_009_with_globs ... ok
test rules::cursor::tests::test_mdc_file_no_cur_006_warning ... ok
test rules::cursor::tests::test_multiple_issues ... ok
test rules::cursor::tests::test_valid_mdc_no_issues ... ok
test rules::gemini_extension::tests::test_config_disabled_gemini_md_category ... ok
test rules::gemini_extension::tests::test_config_disabled_specific_rule ... ok
test rules::gemini_extension::tests::test_gm_005_empty_required_fields ... ok
test rules::gemini_extension::tests::test_gm_005_invalid_json ... ok
test rules::gemini_extension::tests::test_gm_005_invalid_name_format ... ok
test rules::gemini_extension::tests::test_gm_005_missing_name ... ok
test rules::gemini_extension::tests::test_gm_005_missing_required_fields ... ok
test rules::cursor::tests::test_mdc_file_no_cur_006 ... ok
test rules::gemini_extension::tests::test_gm_005_valid_extension ... ok
test rules::gemini_extension::tests::test_gm_008_context_file_with_path_separator ... ok
test rules::gemini_extension::tests::test_gm_008_no_context_file ... ok
test rules::gemini_extension::tests::test_gm_008_valid_context_file ... ok
test rules::cross_platform::tests::test_xp_003_absolute_user_paths ... ok
test rules::gemini_ignore::tests::test_config_disabled_gemini_md_category ... ok
test rules::gemini_extension::tests::test_gm_008_windows_path_separator ... ok
test rules::gemini_ignore::tests::test_config_disabled_specific_rule ... ok
test rules::cross_platform::tests::test_xp_003_multiple_platforms ... ok
test rules::gemini_ignore::tests::test_gm_006_only_comments ... ok
test rules::gemini_ignore::tests::test_gm_006_empty ... ok
test rules::gemini_ignore::tests::test_gm_006_syntax_error ... ok
test rules::gemini_ignore::tests::test_gm_006_valid_content ... ok
test rules::gemini_md::tests::test_all_gm_rules_can_be_disabled ... ok
test rules::gemini_md::tests::test_config_disabled_gemini_md_category ... ok
test rules::gemini_md::tests::test_combined_issues ... ok
test rules::gemini_md::tests::test_config_disabled_specific_rule ... ok
test rules::gemini_md::tests::test_file_type_detection ... ok
test rules::gemini_md::tests::test_gemini_local_md_gets_gm_rules ... ok
test rules::gemini_md::tests::test_gm_001_balanced_code_blocks ... ok
test rules::gemini_md::tests::test_gm_001_suggestion_mentions_unclosed_tags ... ok
test rules::cross_platform::tests::test_combined_issues ... ok
test rules::gemini_md::tests::test_gm_001_malformed_link ... ok
test rules::gemini_md::tests::test_gm_001_unclosed_code_block ... ok
test rules::gemini_md::tests::test_gm_001_valid_markdown ... ok
test rules::gemini_md::tests::test_gm_002_has_headers ... ok
test rules::gemini_md::tests::test_gm_002_no_headers ... ok
test rules::gemini_md::tests::test_gm_002_multiple_header_levels ... ok
test rules::gemini_md::tests::test_gm_003_has_overview_section ... ok
test rules::gemini_md::tests::test_gm_003_has_project_section ... ok
test rules::gemini_md::tests::test_gm_003_missing_context ... ok
test rules::gemini_md::tests::test_gm_007_disabled_rule ... ok
test rules::gemini_md::tests::test_gm_007_empty_import_path ... ok
test rules::gemini_md::tests::test_gm_007_no_imports_no_error ... ok
test rules::gemini_md::tests::test_skip_claude_md ... ok
test rules::gemini_md::tests::test_skip_other_md ... ok
test rules::gemini_md::tests::test_valid_gemini_md_no_errors ... ok
test rules::gemini_settings::tests::test_config_disabled_gemini_md_category ... ok
test rules::gemini_settings::tests::test_config_disabled_specific_rule ... ok
test rules::gemini_settings::tests::test_gm_004_empty_command ... ok
test rules::gemini_settings::tests::test_gm_004_invalid_type ... ok
test rules::gemini_settings::tests::test_gm_004_missing_command ... ok
test rules::gemini_md::tests::test_gm_007_import_not_found ... ok
test rules::gemini_settings::tests::test_gm_004_missing_type ... ok
test rules::gemini_settings::tests::test_gm_004_unknown_event ... ok
test rules::gemini_settings::tests::test_gm_009_blocks_further_rules ... ok
test rules::gemini_settings::tests::test_gm_004_valid_hooks ... ok
test rules::gemini_settings::tests::test_gm_009_invalid_json ... ok
test rules::gemini_settings::tests::test_gm_009_empty_content ... ok
test rules::gemini_settings::tests::test_gm_009_valid_json_no_issues ... ok
test rules::gemini_settings::tests::test_gm_009_unknown_top_key ... ok
test rules::gemini_settings::tests::test_gm_004_no_hooks_no_error ... ok
test rules::gemini_settings::tests::test_valid_settings_no_issues ... ok
test rules::hooks::helpers::tests::test_find_unique_json_field_line_span_unique ... ok
test rules::hooks::helpers::tests::test_find_unique_json_field_line_span_duplicate ... ok
test rules::hooks::helpers::tests::test_find_unique_json_field_line_span_missing ... ok
test rules::hooks::tests::test_agent_hook_on_pretooluse_ok ... ok
test rules::hooks::tests::test_agent_hook_missing_prompt ... ok
test rules::hooks::tests::test_cc_hk_001_case_fix_has_safe_fix ... ok
test rules::hooks::tests::test_agent_hook_on_stop_valid ... ok
test rules::hooks::tests::test_cc_hk_001_case_fix_teammateidle ... ok
test rules::hooks::tests::test_agent_hook_timeout_policy ... ok
test rules::hooks::tests::test_cc_hk_001_case_fix_taskcompleted ... ok
test rules::hooks::tests::test_cc_hk_001_invalid_event_name ... ok
test rules::hooks::tests::test_cc_hk_001_multiple_invalid_events ... ok
test rules::hooks::tests::test_cc_hk_001_fix_correct_byte_position ... ok
test rules::hooks::tests::test_cc_hk_001_no_fix_for_completely_invalid ... ok
test rules::hooks::tests::test_cc_hk_001_typo_fix_not_safe ... ok
test rules::hooks::tests::test_cc_hk_001_typo_teammate_partial_match ... ok
test rules::hooks::tests::test_cc_hk_001_wrong_case_event_name ... ok
test rules::hooks::tests::test_cc_hk_002_prompt_on_pretooluse_ok ... ok
test rules::hooks::tests::test_cc_hk_002_agent_disallowed_events ... ok
test rules::hooks::tests::test_cc_hk_002_prompt_on_session_start ... ok
test rules::hooks::tests::test_cc_hk_002_prompt_on_stop_ok ... ok
test rules::hooks::tests::test_cc_hk_002_prompt_disallowed_events ... ok
test rules::hooks::tests::test_cc_hk_002_prompt_on_subagent_stop_ok ... ok
test rules::hooks::tests::test_cc_hk_002_prompt_allowed_events ... ok
test rules::hooks::tests::test_cc_hk_002_prompt_on_task_completed_ok ... ok
test rules::hooks::tests::test_cc_hk_005_missing_type_field ... ok
test rules::hooks::tests::test_cc_hk_005_multiple_missing_type ... ok
test rules::hooks::tests::test_cc_hk_006_command_hook_missing_command ... ok
test rules::hooks::helpers::tests::test_extract_script_paths_filters_bracket_patterns ... ok
test rules::hooks::helpers::tests::test_extract_script_paths_filters_glob ... ok
test rules::hooks::helpers::tests::test_extract_script_paths_basic ... ok
test rules::hooks::helpers::tests::test_extract_script_paths_multiple ... ok
test rules::hooks::helpers::tests::test_extract_script_paths_filters_urls ... ok
test rules::hooks::helpers::tests::test_extract_script_paths_filters_regex ... ok
test rules::hooks::tests::test_cc_hk_007_mixed_hooks_one_missing_prompt ... ok
test rules::hooks::tests::test_cc_hk_007_prompt_hook_with_prompt_ok ... ok
test rules::hooks::tests::test_cc_hk_007_prompt_hook_missing_prompt ... ok
test rules::hooks::tests::test_cc_hk_006_multiple_command_hooks_missing_command ... ok
test rules::hooks::tests::test_cc_hk_003_with_matcher_ok ... ok
test rules::hooks::tests::test_cc_hk_003_missing_matcher_posttoolusefailure ... ok
test rules::hooks::tests::test_cc_hk_005_with_type_ok ... ok
test rules::hooks::tests::test_cc_hk_004_matcher_on_session_start ... ok
test rules::hooks::tests::test_cc_hk_003_all_tool_events_hint_matcher ... ok
test rules::hooks::tests::test_cc_hk_006_command_hook_with_command_ok ... ok
test rules::hooks::tests::test_cc_hk_004_has_safe_fix_when_unique_matcher_line ... ok
test rules::hooks::tests::test_cc_hk_004_no_matcher_on_stop_ok ... ok
test rules::hooks::tests::test_cc_hk_003_missing_matcher_posttooluse ... ok
test rules::hooks::tests::test_cc_hk_003_missing_matcher_pretooluse ... ok
test rules::hooks::tests::test_cc_hk_001_valid_event_name ... ok
test rules::hooks::tests::test_cc_hk_008_url_not_treated_as_script ... ok
test rules::hooks::helpers::tests::test_check_dangerous_patterns_safe_commands ... ok
test rules::hooks::tests::test_cc_hk_004_matcher_on_stop ... ok
test rules::hooks::tests::test_cc_hk_008_env_var_with_unresolvable_path_skipped ... ok
test rules::hooks::tests::test_cc_hk_004_non_tool_events_reject_matcher ... ok
test rules::hooks::tests::test_cc_hk_008_python_script_not_found ... ok
test rules::hooks::tests::test_cc_hk_008_system_command_no_script_ok ... ok
test rules::hooks::tests::test_cc_hk_008_script_file_not_found ... ok
test rules::hooks::helpers::tests::test_check_dangerous_patterns_error_suppression ... ok
test rules::hooks::tests::test_cc_hk_009_chmod_777 ... ok
test rules::hooks::tests::test_cc_hk_001_all_valid_events ... ok
test rules::hooks::tests::test_cc_hk_003_missing_matcher_permission_request ... ok
test rules::hooks::tests::test_cc_hk_009_drop_database ... ok
test rules::hooks::helpers::tests::test_check_dangerous_patterns_stderr_redirect ... ok
test rules::hooks::tests::test_cc_hk_009_git_push_force ... ok
test rules::hooks::tests::test_cc_hk_009_curl_pipe_bash ... ok
test rules::hooks::tests::test_cc_hk_009_rm_rf_root ... ok
test rules::hooks::tests::test_cc_hk_009_safe_command_ok ... ok
test rules::hooks::tests::test_cc_hk_009_git_reset_hard ... ok
test rules::hooks::tests::test_cc_hk_010_assumption_when_version_not_pinned ... ok
test rules::hooks::tests::test_cc_hk_010_command_timeout_at_default_ok ... ok
test rules::hooks::tests::test_cc_hk_010_command_hook_no_timeout ... ok
test rules::hooks::tests::test_cc_hk_010_exceeds_default_assumption_when_version_not_pinned ... ok
test rules::hooks::tests::test_cc_hk_010_no_assumption_when_version_pinned ... ok
test rules::hooks::tests::test_cc_hk_010_prompt_assumption_when_version_not_pinned ... ok
test rules::hooks::tests::test_cc_hk_010_command_timeout_exceeds_default ... ok
test rules::hooks::tests::test_cc_hk_010_multiple_hooks_mixed ... ok
test rules::hooks::tests::test_cc_hk_010_prompt_hook_no_timeout ... ok
test rules::hooks::tests::test_cc_hk_010_prompt_timeout_at_default_ok ... ok
test rules::hooks::tests::test_cc_hk_010_prompt_timeout_exceeds_default ... ok
test rules::hooks::tests::test_cc_hk_010_with_timeout_ok ... ok
test rules::hooks::tests::test_cc_hk_011_float_timeout ... ok
test rules::hooks::tests::test_cc_hk_011_float_zero_timeout ... ok
test rules::hooks::tests::test_cc_hk_011_has_unsafe_fix_for_invalid_timeout ... ok
test rules::hooks::tests::test_cc_hk_011_missing_timeout_not_triggered ... ok
test rules::hooks::tests::test_cc_hk_011_multiple_invalid_timeouts ... ok
test rules::hooks::tests::test_cc_hk_011_negative_timeout ... ok
test rules::hooks::tests::test_cc_hk_011_null_timeout ... ok
test rules::hooks::tests::test_cc_hk_011_positive_timeout_ok ... ok
test rules::hooks::tests::test_cc_hk_011_string_timeout ... ok
test rules::hooks::tests::test_cc_hk_011_whole_float_invalid ... ok
test rules::hooks::tests::test_cc_hk_012_array_instead_of_object ... ok
test rules::hooks::tests::test_cc_hk_011_zero_timeout ... ok
test rules::hooks::tests::test_cc_hk_012_disabled ... ok
test rules::hooks::tests::test_cc_hk_012_empty_file ... ok
test rules::hooks::tests::test_cc_hk_012_has_suggestion_on_invalid_json ... ok
test rules::hooks::tests::test_cc_hk_012_has_suggestion_on_schema_mismatch ... ok
test rules::hooks::tests::test_cc_hk_012_missing_required_field_hooks_key ... ok
test rules::hooks::tests::test_cc_hk_012_invalid_json_syntax ... ok
test rules::hooks::tests::test_cc_hk_012_truncated_json ... ok
test rules::hooks::tests::test_cc_hk_012_null_value ... ok
test rules::hooks::tests::test_cc_hk_012_valid_json_no_error ... ok
test rules::hooks::tests::test_cc_hk_013_async_on_agent_hook ... ok
test rules::hooks::tests::test_cc_hk_013_async_on_command_hook_ok ... ok
test rules::hooks::tests::test_cc_hk_013_no_autofix_when_duplicate ... ok
test rules::hooks::tests::test_cc_hk_014_no_once_ok ... ok
test rules::hooks::tests::test_cc_hk_013_async_on_prompt_hook ... ok
test rules::hooks::tests::test_cc_hk_013_has_autofix_when_unique ... ok
test rules::hooks::tests::test_cc_hk_015_model_on_agent_ok ... ok
test rules::hooks::tests::test_cc_hk_015_model_on_prompt_ok ... ok
test rules::hooks::tests::test_cc_hk_015_model_on_command ... ok
test rules::hooks::tests::test_cc_hk_015_no_autofix_when_duplicate ... ok
test rules::hooks::tests::test_cc_hk_015_no_model_on_command_ok ... ok
test rules::hooks::tests::test_cc_hk_016_agent_type_valid ... ok
test rules::hooks::tests::test_cc_hk_014_once_in_settings ... ok
test rules::hooks::tests::test_cc_hk_016_autofix_targets_correct_bytes ... ok
test rules::hooks::tests::test_cc_hk_016_autofix_case_insensitive ... ok
test rules::hooks::tests::test_cc_hk_016_no_autofix_for_non_string ... ok
test rules::hooks::tests::test_cc_hk_016_command_and_prompt_still_valid ... ok
test rules::hooks::tests::test_cc_hk_016_no_autofix_when_duplicate_type ... ok
test rules::hooks::tests::test_cc_hk_016_no_autofix_nonsense ... ok
test rules::hooks::tests::test_cc_hk_016_unknown_type ... ok
test rules::hooks::tests::test_cc_hk_016_non_string_type ... ok
test rules::hooks::tests::test_cc_hk_015_has_autofix_when_unique ... ok
test rules::hooks::tests::test_cc_hk_017_agent_missing_arguments ... ok
test rules::hooks::tests::test_cc_hk_017_agent_with_arguments_ok ... ok
test rules::hooks::tests::test_cc_hk_017_no_prompt_field_no_trigger ... ok
test rules::hooks::tests::test_cc_hk_017_prompt_missing_arguments ... ok
test rules::hooks::tests::test_cc_hk_017_prompt_with_arguments_ok ... ok
test rules::hooks::tests::test_cc_hk_018_has_autofix_when_unique ... ok
test rules::hooks::tests::test_cc_hk_018_matcher_on_pretooluse_ok ... ok
test rules::hooks::tests::test_cc_hk_018_no_matcher_ok ... ok
test rules::hooks::tests::test_cc_hk_018_matcher_on_user_prompt_submit ... ok
test rules::hooks::tests::test_cc_hk_019_autofix_application ... ok
test rules::hooks::tests::test_cc_hk_018_no_autofix_when_duplicate_matcher ... ok
test rules::hooks::tests::test_cc_hk_018_matcher_on_stop ... ok
test rules::hooks::tests::test_cc_hk_019_can_be_disabled ... ok
test rules::hooks::tests::test_cc_hk_019_case_variants_trigger_cc_hk_001_not_019 ... ok
test rules::hooks::tests::test_cc_hk_019_fixture_deprecated_setup_event ... ok
test rules::hooks::tests::test_cc_hk_019_has_autofix ... ok
test rules::hooks::tests::test_cc_hk_019_setup_does_not_trigger_cc_hk_001 ... ok
test rules::hooks::tests::test_cc_hk_019_session_start_no_warning ... ok
test rules::hooks::tests::test_config_cursor_target_disables_hooks_rules ... ok
test rules::hooks::tests::test_cc_hk_019_setup_triggers_deprecation_warning ... ok
test rules::hooks::tests::test_cc_hk_019_suggestion_field ... ok
test rules::hooks::tests::test_config_disabled_hooks_category_returns_empty ... ok
test rules::hooks::tests::test_config_dangerous_pattern_disabled ... ok
test rules::hooks::tests::test_config_disabled_specific_hook_rule ... ok
test rules::hooks::tests::test_empty_hooks_ok ... ok
test rules::hooks::tests::test_cc_hk_019_fix_is_unsafe ... ok
test rules::hooks::tests::test_dangerous_pattern_case_insensitive ... ok
test rules::hooks::tests::test_extract_script_paths_env_var ... ok
test rules::hooks::tests::test_extract_script_paths_no_script ... ok
test rules::hooks::tests::test_find_closest_event_exact_case_match ... ok
test rules::hooks::tests::test_extract_script_paths_quoted ... ok
test rules::hooks::tests::test_find_closest_event_no_match ... ok
test rules::hooks::tests::test_find_closest_event_partial_match ... ok
test rules::hooks::tests::test_extract_script_paths_multiple ... ok
test rules::hooks::tests::test_extract_script_paths_sh ... ok
test rules::hooks::tests::test_find_event_key_position ... ok
test rules::hooks::tests::test_find_event_key_position_not_found ... ok
test rules::hooks::tests::test_fixture_async_on_non_command ... ok
test rules::hooks::tests::test_extract_script_paths_py ... ok
test rules::hooks::tests::test_fixture_invalid_event ... ok
test rules::hooks::tests::test_fixture_matcher_on_ignored_event ... ok
test rules::hooks::tests::test_fixture_invalid_timeout ... ok
test rules::hooks::tests::test_fixture_matcher_on_wrong_event ... ok
test rules::hooks::tests::test_fixture_dangerous_commands ... ok
test rules::hooks::tests::test_fixture_missing_command ... ok
test rules::hooks::tests::test_fixture_missing_prompt ... ok
test rules::hooks::tests::test_fixture_model_on_command ... ok
test rules::hooks::tests::test_fixture_missing_type_field ... ok
test rules::hooks::tests::test_fixture_once_in_settings ... ok
test rules::hooks::tests::test_fixture_prompt_missing_arguments ... ok
test rules::hooks::tests::test_fixture_no_timeout ... ok
test rules::hooks::tests::test_fixture_unknown_hook_type ... ok
test rules::hooks::tests::test_fixture_prompt_on_wrong_event ... ok
test rules::hooks::tests::test_has_unresolved_env_vars ... ok
test rules::hooks::tests::test_invalid_json_parse_error ... ok
test rules::hooks::tests::test_fixture_missing_matcher ... ok
test rules::hooks::tests::test_fixture_valid_settings ... ok
test rules::hooks::tests::test_settings_with_other_fields ... ok
test rules::imports::tests::test_config_disabled_imports_category ... ok
test rules::hooks::tests::test_valid_hooks_no_errors ... ok
test rules::imports::tests::test_is_local_file_link_false ... ok
test rules::imports::tests::test_is_local_file_link_true ... ok
test rules::imports::tests::test_legacy_import_references_flag ... ok
test rules::imports::tests::test_absolute_path_rejection ... ok
test rules::imports::tests::test_cc_mem_disabled_still_allows_ref ... ok
test rules::imports::tests::test_ref_001_disabled_suppresses_skill_md_errors ... ok
test rules::imports::tests::test_ref_001_disabled ... ok
test rules::imports::tests::test_missing_import_in_generic_md ... ok
test rules::imports::tests::test_missing_import_in_agents_md ... ok
test rules::imports::tests::test_missing_import_in_skill_md ... ok
test rules::imports::tests::test_ref_001_missing_import ... ok
test rules::imports::tests::test_missing_import_in_claude_md ... ok
test rules::imports::tests::test_ref_002_imports_category_disabled ... ok
test rules::imports::tests::test_ref_002_broken_image ... ok
test rules::imports::tests::test_ref_002_broken_link ... ok
test rules::imports::tests::test_ref_002_disabled ... ok
test rules::imports::tests::test_cycle_detection_in_claude_md ... ok
test rules::imports::tests::test_ref_002_missing_file_with_fragment ... ok
test rules::imports::tests::test_ref_002_skips_anchor_links ... ok
test rules::imports::tests::test_nested_file_type_detection ... ok
test rules::imports::tests::test_cycle_in_skill_md ... ok
test rules::imports::tests::test_ref_001_existing_import ... ok
test rules::imports::tests::test_ref_002_link_with_fragment ... ok
test rules::imports::tests::test_ref_002_skips_external_links ... ok
test rules::imports::tests::test_ref_002_valid_link ... ok
test rules::imports::tests::test_ref_003_disabled ... ok
test rules::imports::tests::test_ref_002_relative_path ... ok
test rules::imports::tests::test_strip_fragment ... ok
test rules::mcp::tests::test_collect_tools_array_spans_with_embedded_tools_string ... ok
test rules::mcp::tests::test_config_disabled_mcp_category ... ok
test rules::mcp::tests::test_config_disabled_specific_rule ... ok
test rules::mcp::tests::test_find_json_key_position_ignores_string_literals ... ok
test rules::imports::tests::test_ref_004_extensionless_import_ok ... ok
test rules::imports::tests::test_ref_004_disabled ... ok
test rules::imports::tests::test_ref_003_duplicate_import ... ok
test rules::mcp::tests::test_mcp_001_invalid_jsonrpc_version ... ok
test rules::mcp::tests::test_mcp_001_jsonrpc_not_string ... ok
test rules::mcp::tests::test_mcp_001_valid_jsonrpc_version ... ok
test rules::mcp::tests::test_mcp_001_missing_jsonrpc_no_error ... ok
test rules::mcp::tests::test_mcp_002_all_fields_missing ... ok
test rules::mcp::tests::test_mcp_002_all_fields_present ... ok
test rules::mcp::tests::test_mcp_002_empty_name ... ok
test rules::mcp::tests::test_mcp_002_missing_description ... ok
test rules::mcp::tests::test_mcp_002_missing_input_schema ... ok
test rules::mcp::tests::test_all_mcp_rules_can_be_disabled ... ok
test rules::mcp::tests::test_mcp_002_missing_name ... ok
test rules::mcp::tests::test_mcp_002_nested_tools_array ... ok
test rules::mcp::tests::test_mcp_003_invalid_type_value ... ok
test rules::mcp::tests::test_mcp_003_nested_schema_valid ... ok
test rules::mcp::tests::test_mcp_003_properties_not_object ... ok
test rules::mcp::tests::test_mcp_003_required_not_array ... ok
test rules::mcp::tests::test_mcp_003_schema_not_object ... ok
test rules::mcp::tests::test_mcp_003_suggestion_lists_valid_types ... ok
test rules::mcp::tests::test_mcp_003_valid_schema ... ok
test rules::mcp::tests::test_mcp_003_validates_output_schema ... ok
test rules::mcp::tests::test_mcp_004_empty_description ... ok
test rules::mcp::tests::test_mcp_004_meaningful_description ... ok
test rules::mcp::tests::test_mcp_004_short_description ... ok
test rules::mcp::tests::test_mcp_005_has_confirmation ... ok
test rules::mcp::tests::test_mcp_005_has_requires_approval ... ok
test rules::mcp::tests::test_mcp_005_missing_consent ... ok
test rules::mcp::tests::test_mcp_005_requires_approval_at_tool_level_ok ... ok
test rules::mcp::tests::test_mcp_005_requires_approval_false_triggers_warning ... ok
test rules::mcp::tests::test_mcp_006_empty_annotations ... ok
test rules::mcp::tests::test_mcp_006_annotations_triggers_warning ... ok
test rules::mcp::tests::test_mcp_006_has_annotations ... ok
test rules::mcp::tests::test_mcp_006_no_annotations ... ok
test rules::mcp::tests::test_mcp_005_empty_confirmation_triggers_warning ... ok
test rules::mcp::tests::test_mcp_006_suggestion_warns_about_self_reported ... ok
test rules::mcp::tests::test_mcp_007_disabled ... ok
test rules::mcp::tests::test_mcp_006_unknown_annotation_keys ... ok
test rules::mcp::tests::test_mcp_007_has_suggestion ... ok
test rules::mcp::tests::test_mcp_007_invalid_json_syntax ... ok
test rules::mcp::tests::test_mcp_007_empty_file ... ok
test rules::mcp::tests::test_mcp_007_truncated_json ... ok
test rules::mcp::tests::test_mcp_007_valid_json_no_error ... ok
test rules::mcp::tests::test_mcp_008_assumption_when_version_not_pinned ... ok
test rules::mcp::tests::test_mcp_008_custom_expected_version ... ok
test rules::imports::tests::test_ref_004_json_import ... ok
test rules::mcp::tests::test_mcp_008_initialize_request_matching_version ... ok
test rules::mcp::tests::test_mcp_008_disabled_rule ... ok
test rules::mcp::tests::test_mcp_008_initialize_response_matching_version ... ok
test rules::mcp::tests::test_mcp_008_initialize_without_protocol_version_no_error ... ok
test rules::mcp::tests::test_mcp_008_no_assumption_when_version_pinned_via_legacy ... ok
test rules::mcp::tests::test_mcp_008_initialize_response_mismatched_version ... ok
test rules::mcp::tests::test_mcp_008_no_assumption_when_version_pinned_via_spec_revisions ... ok
test rules::mcp::tests::test_mcp_008_response_assumption_when_version_not_pinned ... ok
test rules::mcp::tests::test_mcp_008_non_initialize_message_no_error ... ok
test rules::mcp::tests::test_mcp_008_warning_level ... ok
test rules::mcp::tests::test_mcp_009_empty_array_command_triggers_error ... ok
test rules::mcp::tests::test_mcp_009_empty_string_command_triggers_error ... ok
test rules::mcp::tests::test_mcp_009_http_server_no_command_ok ... ok
test rules::mcp::tests::test_mcp_009_no_type_missing_command ... ok
test rules::mcp::tests::test_mcp_009_no_type_with_command ... ok
test rules::mcp::tests::test_mcp_009_null_command_triggers_error ... ok
test rules::mcp::tests::test_mcp_009_stdio_missing_command ... ok
test rules::mcp::tests::test_mcp_009_valid_stdio_with_command ... ok
test rules::mcp::tests::test_mcp_008_initialize_request_mismatched_version ... ok
test rules::mcp::tests::test_mcp_010_http_missing_url ... ok
test rules::mcp::tests::test_mcp_010_sse_missing_url ... ok
test rules::mcp::tests::test_mcp_010_empty_url_triggers_error ... ok
test rules::mcp::tests::test_mcp_010_stdio_no_url_ok ... ok
test rules::mcp::tests::test_mcp_010_valid_http_with_url ... ok
test rules::imports::tests::test_ref_disabled_still_allows_cc_mem ... ok
test rules::imports::tests::test_ref_004_markdown_import_ok ... ok
test rules::mcp::tests::test_mcp_010_valid_sse_with_url ... ok
test rules::mcp::tests::test_mcp_010_whitespace_url_triggers_error ... ok
test rules::mcp::tests::test_mcp_011_invalid_type ... ok
test rules::imports::tests::test_path_escape_rejection ... ok
test rules::mcp::tests::test_mcp_011_invalid_type_skips_other_rules ... ok
test rules::mcp::tests::test_mcp_011_no_autofix_nonsense ... ok
test rules::mcp::tests::test_mcp_011_no_type_field_ok ... ok
test rules::imports::tests::test_ref_004_python_import ... ok
test rules::mcp::tests::test_mcp_012_http_no_warning ... ok
test rules::mcp::tests::test_mcp_011_valid_types ... ok
test rules::mcp::tests::test_mcp_012_sse_deprecated_error ... ok
test rules::imports::tests::test_shared_cache_poisoned_lock_still_reports_missing_import ... ok
test rules::mcp::tests::test_mcp_012_sse_has_autofix ... ok
test rules::mcp::tests::test_mcp_011_autofix_case_insensitive ... ok
test rules::mcp::tests::test_mcp_012_stdio_no_warning ... ok
test rules::mcp::tests::test_mcp_014_invalid_output_schema ... ok
test rules::imports::tests::test_ref_004_multiple_non_markdown ... ok
test rules::imports::tests::test_ref_003_normalized_paths ... ok
test rules::imports::tests::test_ref_003_no_duplicate ... ok
test rules::imports::tests::test_shared_cache_poisoned_lock_does_not_panic ... ok
test rules::mcp::tests::test_mcp_016_prompt_missing_name ... ok
test rules::mcp::tests::test_mcp_013_invalid_tool_name ... ok
test rules::imports::tests::test_depth_exceeded_in_skill_md ... ok
test rules::imports::tests::test_depth_exceeded_in_claude_md ... ok
test rules::mcp::tests::test_mcp_018_env_plaintext_secret_warning ... ok
test rules::mcp::tests::test_mcp_015_resource_missing_required_fields ... ok
test rules::imports::tests::test_single_file_validation_works_without_shared_cache ... ok
test rules::mcp::tests::test_mcp_019_dangerous_stdio_command_warning ... ok
test rules::mcp::tests::test_mcp_server_config_valid_no_new_errors ... ok
test rules::mcp::tests::test_mcp_021_wildcard_http_binding_warning ... ok
test rules::mcp::tests::test_mcp_022_args_must_be_array_of_strings ... ok
test rules::imports::tests::test_shared_cache_is_populated_after_first_parse ... ok
test rules::mcp::tests::test_mcp_017_http_remote_requires_https ... ok
test rules::mcp::tests::test_mcp_023_duplicate_server_names ... ok
test rules::mcp::tests::test_mcp_023_duplicate_server_names_ignores_string_literal_mentions ... ok
test rules::mcp::tests::test_mcp_024_empty_server_configuration ... ok
test rules::mcp::tests::test_mcp_server_config_format ... ok
test rules::mcp::tests::test_mcp_servers_validation_not_skipped_when_resources_are_malformed ... ok
test rules::mcp::tests::test_multiple_tools_validation ... ok
test rules::opencode::tests::test_all_oc_rules_can_be_disabled ... ok
test rules::imports::tests::test_shared_cache_second_access_uses_cached_result ... ok
test rules::imports::tests::test_shallower_revisit_does_not_duplicate_missing_import_diagnostics ... ok
test rules::opencode::tests::test_config_disabled_opencode_category ... ok
test rules::mcp::tests::test_mcp_020_unknown_capability_key ... ok
test rules::mcp::tests::test_tools_array_format ... ok
test rules::opencode::tests::test_config_disabled_specific_rule ... ok
test rules::mcp::tests::test_parse_error_handling ... ok
test rules::mcp::tests::test_multiple_servers_validation ... ok
test rules::opencode::tests::test_find_key_line ... ok
test rules::opencode::tests::test_empty_object_no_issues ... ok
test rules::opencode::tests::test_find_key_line_ignores_value_match ... ok
test rules::opencode::tests::test_find_key_line_no_false_positive_on_value ... ok
test rules::opencode::tests::test_oc_001_autofix_case_insensitive ... ok
test rules::opencode::tests::test_oc_001_autofix_targets_correct_bytes ... ok
test rules::opencode::tests::test_oc_001_empty_string ... ok
test rules::opencode::tests::test_oc_001_case_sensitive ... ok
test rules::opencode::tests::test_oc_001_absent_share ... ok
test rules::opencode::tests::test_oc_001_invalid_share_mode ... ok
test rules::opencode::tests::test_oc_001_line_number ... ok
test rules::opencode::tests::test_oc_001_no_autofix_nonsense ... ok
test rules::opencode::tests::test_oc_001_no_autofix_when_duplicate ... ok
test rules::opencode::tests::test_oc_001_valid_auto ... ok
test rules::opencode::tests::test_oc_001_valid_manual ... ok
test rules::opencode::tests::test_oc_001_valid_disabled ... ok
test rules::imports::tests::test_shared_cache_concurrent_access ... ok
test rules::opencode::tests::test_oc_002_absent_instructions ... ok
test rules::opencode::tests::test_oc_002_empty_instructions_array ... ok
test rules::opencode::tests::test_oc_002_absolute_path_rejected ... ok
test rules::opencode::tests::test_oc_002_empty_path_skipped ... ok
test rules::opencode::tests::test_oc_002_invalid_glob_pattern ... ok
test rules::opencode::tests::test_oc_002_mixed_valid_invalid ... ok
test rules::opencode::tests::test_oc_002_multiple_invalid_paths ... ok
test rules::opencode::tests::test_oc_002_parent_dir_traversal_rejected ... ok
test rules::imports::tests::test_revisits_file_when_later_seen_at_shallower_depth ... ok
test rules::opencode::tests::test_oc_002_nonexistent_path ... ok
test rules::opencode::tests::test_oc_002_valid_glob_pattern ... ok
test rules::opencode::tests::test_oc_003_blocks_further_rules ... ok
test rules::opencode::tests::test_oc_003_empty_content ... ok
test rules::opencode::tests::test_oc_003_jsonc_comments_allowed ... ok
test rules::opencode::tests::test_oc_003_trailing_comma ... ok
test rules::opencode::tests::test_oc_003_invalid_json ... ok
test rules::opencode::tests::test_oc_003_valid_json ... ok
test rules::opencode::tests::test_oc_004_has_suggestion ... ok
test rules::opencode::tests::test_oc_004_known_keys_no_warning ... ok
test rules::opencode::tests::test_oc_004_multiple_unknown_keys ... ok
test rules::opencode::tests::test_oc_004_unknown_key ... ok
test rules::opencode::tests::test_oc_006_http_url ... ok
test rules::opencode::tests::test_oc_006_https_url ... ok
test rules::opencode::tests::test_oc_006_local_path_no_warning ... ok
test rules::opencode::tests::test_oc_006_url_not_checked_as_path ... ok
test rules::opencode::tests::test_oc_007_absent ... ok
test rules::opencode::tests::test_oc_007_missing_description ... ok
test rules::opencode::tests::test_oc_007_multiple_agents ... ok
test rules::opencode::tests::test_oc_007_non_object_agent_entry ... ok
test rules::opencode::tests::test_oc_007_wrong_type ... ok
test rules::opencode::tests::test_oc_008_absent ... ok
test rules::opencode::tests::test_oc_008_global_string_valid ... ok
test rules::opencode::tests::test_oc_008_global_string_invalid ... ok
test rules::opencode::tests::test_oc_008_invalid_permission_value ... ok
test rules::opencode::tests::test_oc_008_nested_pattern_permissions ... ok
test rules::opencode::tests::test_oc_008_non_string_nested_permission_value ... ok
test rules::opencode::tests::test_oc_008_non_string_permission_value ... ok
test rules::opencode::tests::test_oc_008_valid_permissions ... ok
test rules::opencode::tests::test_oc_009_colon_in_value_part ... ok
test rules::opencode::tests::test_oc_008_wrong_type ... ok
test rules::opencode::tests::test_oc_009_empty_env_value ... ok
test rules::opencode::tests::test_oc_009_empty_file_value ... ok
test rules::opencode::tests::test_oc_007_with_description ... ok
test rules::opencode::tests::test_oc_009_multiple_substitutions_in_one_string ... ok
test rules::opencode::tests::test_oc_009_nested_value ... ok
test rules::opencode::tests::test_oc_009_non_substitution_braces ... ok
test rules::opencode::tests::test_oc_009_no_substitution_no_warning ... ok
test rules::opencode::tests::test_oc_009_unknown_prefix ... ok
test rules::opencode::tests::test_oc_009_unmatched_opening_brace ... ok
test rules::opencode::tests::test_oc_009_valid_env_substitution ... ok
test rules::opencode::tests::test_oc_009_valid_file_substitution ... ok
test rules::opencode::tests::test_type_mismatch_instructions_not_array ... ok
test rules::opencode::tests::test_type_mismatch_instructions_with_non_string_elements ... ok
test rules::opencode::tests::test_type_mismatch_share_not_string ... ok
test rules::opencode::tests::test_type_mismatch_share_number ... ok
test rules::per_client_skill::tests::test_claude_code_no_diagnostics ... ok
test rules::opencode::tests::test_valid_config_no_issues ... ok
test rules::opencode::tests::test_valid_opencode_fixture_no_diagnostics ... ok
test rules::per_client_skill::tests::test_cline_unsupported_context ... ok
test rules::per_client_skill::tests::test_codex_unsupported_hooks ... ok
test rules::per_client_skill::tests::test_copilot_unsupported_agent ... ok
test rules::per_client_skill::tests::test_cursor_unsupported_model ... ok
test rules::per_client_skill::tests::test_cursor_disable_model_invocation_supported ... ok
test rules::per_client_skill::tests::test_detect_client_claude ... ok
test rules::per_client_skill::tests::test_detect_client_cline ... ok
test rules::per_client_skill::tests::test_detect_client_cline_alt ... ok
test rules::per_client_skill::tests::test_detect_client_codex ... ok
test rules::per_client_skill::tests::test_detect_client_copilot ... ok
test rules::per_client_skill::tests::test_detect_client_kiro ... ok
test rules::per_client_skill::tests::test_detect_client_nested ... ok
test rules::per_client_skill::tests::test_detect_client_opencode ... ok
test rules::per_client_skill::tests::test_detect_client_unknown_no_skills ... ok
test rules::per_client_skill::tests::test_detect_client_unknown_root ... ok
test rules::per_client_skill::tests::test_detect_client_windsurf ... ok
test rules::per_client_skill::tests::test_detect_client_roo_code ... ok
test rules::per_client_skill::tests::test_fix_attached_for_unsupported_field ... ok
test rules::per_client_skill::tests::test_disabled_rule_not_fired ... ok
test rules::per_client_skill::tests::test_indented_keys_not_flagged ... ok
test rules::per_client_skill::tests::test_kiro_unsupported_model ... ok
test rules::per_client_skill::tests::test_line_numbers_correct ... ok
test rules::per_client_skill::tests::test_multiline_value_fix_marked_unsafe ... ok
test rules::per_client_skill::tests::test_no_frontmatter_no_diagnostics ... ok
test rules::per_client_skill::tests::test_multiline_value_with_list_fix_unsafe ... ok
test rules::per_client_skill::tests::test_multiple_unsupported_fields ... ok
test rules::per_client_skill::tests::test_opencode_unsupported_argument_hint ... ok
test rules::per_client_skill::tests::test_detect_client_cursor ... ok
test rules::per_client_skill::tests::test_roo_code_unsupported_disable_model ... ok
test rules::per_client_skill::tests::test_universal_fields_no_diagnostics ... ok
test rules::per_client_skill::tests::test_unknown_custom_field_flagged ... ok
test rules::per_client_skill::tests::test_unknown_custom_field_not_flagged_for_claude ... ok
test rules::per_client_skill::tests::test_unknown_custom_field_xp_fires ... ok
test rules::per_client_skill::tests::test_xp_sk_001_does_not_fire_for_claude ... ok
test rules::per_client_skill::tests::test_windsurf_unsupported_user_invocable ... ok
test rules::per_client_skill::tests::test_xp_sk_001_fires_for_non_claude ... ok
test rules::per_client_skill::tests::test_xp_sk_001_fires_for_unknown ... ok
test rules::plugin::tests::test_cc_pl_001_valid_location_no_error ... ok
test rules::plugin::tests::test_cc_pl_001_disabled ... ok
test rules::plugin::tests::test_cc_pl_002_no_components_no_error ... ok
test rules::plugin::tests::test_cc_pl_002_components_in_claude_plugin ... ok
test rules::plugin::tests::test_cc_pl_001_manifest_not_in_claude_plugin ... ok
test rules::plugin::tests::test_cc_pl_003_valid_prerelease_version ... ok
test rules::plugin::tests::test_cc_pl_004_all_fields_present_no_error ... ok
test rules::plugin::tests::test_cc_pl_003_fires_despite_non_string_description ... ok
test rules::plugin::tests::test_cc_pl_003_valid_build_metadata ... ok
test rules::plugin::tests::test_cc_pl_005_empty_name ... ok
test rules::plugin::tests::test_cc_pl_004_disabled_via_config ... ok
test rules::plugin::tests::test_cc_pl_004_empty_string_values ... ok
test rules::plugin::tests::test_cc_pl_004_missing_name_is_error ... ok
test rules::plugin::tests::test_cc_pl_003_skips_when_version_absent ... ok
test rules::plugin::tests::test_cc_pl_003_invalid_semver ... ok
test rules::plugin::tests::test_cc_pl_004_non_string_name_is_error ... ok
test rules::plugin::tests::test_cc_pl_004_non_string_recommended_fields_are_warnings ... ok
test rules::plugin::tests::test_cc_pl_005_non_empty_name_no_error ... ok
test rules::plugin::tests::test_cc_pl_003_skips_empty_version ... ok
test rules::plugin::tests::test_cc_pl_004_whitespace_only_name_is_error ... ok
test rules::plugin::tests::test_cc_pl_004_only_name_present_no_errors ... ok
test rules::plugin::tests::test_cc_pl_004_missing_recommended_fields ... ok
test rules::plugin::tests::test_cc_pl_004_whitespace_only_recommended_fields ... ok
test rules::plugin::tests::test_cc_pl_006_disabled ... ok
test rules::plugin::tests::test_cc_pl_006_has_suggestion ... ok
test rules::plugin::tests::test_cc_pl_002_multiple_components ... ok
test rules::plugin::tests::test_cc_pl_006_invalid_json ... ok
test rules::plugin::tests::test_cc_pl_006_empty_file ... ok
test rules::plugin::tests::test_cc_pl_007_array_of_paths ... ok
test rules::plugin::tests::test_cc_pl_006_valid_json_no_error ... ok
test rules::plugin::tests::test_cc_pl_007_absolute_path ... ok
test rules::plugin::tests::test_cc_pl_007_autofixable_path ... ok
test rules::plugin::tests::test_cc_pl_007_no_path_fields_no_error ... ok
test rules::plugin::tests::test_cc_pl_007_trailing_traversal ... ok
test rules::plugin::tests::test_cc_pl_007_mixed_slash_traversal ... ok
test rules::plugin::tests::test_cc_pl_007_embedded_traversal ... ok
test rules::plugin::tests::test_cc_pl_007_disabled ... ok
test rules::plugin::tests::test_cc_pl_006_truncated_json ... ok
test rules::plugin::tests::test_cc_pl_007_traversal_path ... ok
test rules::plugin::tests::test_cc_pl_008_array_with_mixed_paths ... ok
test rules::plugin::tests::test_cc_pl_007_windows_absolute_path ... ok
test rules::plugin::tests::test_cc_pl_007_windows_forward_slash_absolute ... ok
test rules::plugin::tests::test_cc_pl_008_disabled ... ok
test rules::plugin::tests::test_cc_pl_007_valid_relative_path_no_error ... ok
test rules::prompt::tests::test_config_disabled_prompt_engineering_category ... ok
test rules::prompt::tests::test_config_disabled_specific_rule ... ok
test rules::prompt::tests::test_empty_content_string ... ok
test rules::prompt::tests::test_config_disabled_multiple_pe_rules ... ok
test rules::prompt::tests::test_config_disabled_pe_001_only ... ok
test rules::prompt::tests::test_pe_001_critical_at_very_end ... ok
test rules::plugin::tests::test_cc_pl_008_dot_slash_prefix_bypass ... ok
test rules::prompt::tests::test_combined_issues ... ok
test rules::prompt::tests::test_pe_001_critical_at_end_ok ... ok
test rules::prompt::tests::test_pe_001_critical_at_start_ok ... ok
test rules::prompt::tests::test_pe_001_critical_at_very_start ... ok
test rules::prompt::tests::test_pe_001_nine_lines_skipped ... ok
test rules::prompt::tests::test_pe_001_exactly_ten_lines ... ok
test rules::prompt::tests::test_pe_001_short_document_skipped ... ok
test rules::prompt::tests::test_pe_001_critical_in_middle ... ok
test rules::prompt::tests::test_all_pe_rules_can_be_disabled ... ok
test rules::plugin::tests::test_cc_pl_008_valid_path_no_error ... ok
test rules::prompt::tests::test_pe_003_consider_weak_word ... ok
test rules::prompt::tests::test_pe_003_strong_language_in_critical_ok ... ok
test rules::prompt::tests::test_pe_002_simple_task_without_cot_ok ... ok
test rules::prompt::tests::test_pe_003_should_weak_word ... ok
test rules::prompt::tests::test_pe_002_no_cot_on_complex_task ... ok
test rules::plugin::tests::test_cc_pl_008_path_inside_claude_plugin ... ok
test rules::plugin::tests::test_cc_pl_009_empty_author_name ... ok
test rules::plugin::tests::test_cc_pl_009_author_not_object ... ok
test rules::prompt::tests::test_pe_002_cot_on_read_file ... ok
test rules::plugin::tests::test_cc_pl_009_disabled ... ok
test rules::prompt::tests::test_pe_002_cot_on_file_read ... ok
test rules::prompt::tests::test_pe_003_word_boundary_hypercritical ... ok
test rules::prompt::tests::test_pe_003_weak_language_outside_critical_ok ... ok
test rules::prompt::tests::test_pe_003_weak_language_in_critical ... ok
test rules::prompt::tests::test_pe_004_skips_code_blocks ... ok
test rules::prompt::tests::test_pe_004_clear_instructions_ok ... ok
test rules::prompt::tests::test_pe_004_if_possible ... ok
test rules::prompt::tests::test_pe_005_disabled_individually ... ok
test rules::plugin::tests::test_cc_pl_009_missing_author_name ... ok
test rules::plugin::tests::test_cc_pl_009_no_author_no_error ... ok
test rules::prompt::tests::test_pe_005_skips_code_blocks ... ok
test rules::prompt::tests::test_pe_004_clear_instruction_ok ... ok
test rules::prompt::tests::test_pe_005_be_helpful ... ok
test rules::plugin::tests::test_cc_pl_010_disabled ... ok
test rules::prompt::tests::test_pe_004_usually ... ok
test rules::prompt::tests::test_pe_005_specific_instructions_ok ... ok
test rules::plugin::tests::test_cc_pl_009_whitespace_author_name ... ok
test rules::prompt::tests::test_pe_006_skips_code_blocks ... ok
test rules::prompt::tests::test_pe_006_disabled_individually ... ok
test rules::roo::tests::test_roo_001_disabled ... ok
test rules::roo::tests::test_roo_001_empty_roo_rules_folder ... ok
test rules::roo::tests::test_roo_001_empty_roorules ... ok
test rules::prompt::tests::test_pe_004_inline_code_not_flagged ... ok
test rules::roo::tests::test_roo_001_mode_rules_valid_content ... ok
test rules::prompt::tests::test_pe_006_negative_only ... ok
test rules::plugin::tests::test_cc_pl_009_valid_author_no_error ... ok
test rules::roo::tests::test_roo_001_valid_content ... ok
test rules::roo::tests::test_roo_001_valid_roo_rules_folder ... ok
test rules::roo::tests::test_roo_001_whitespace_only ... ok
test rules::prompt::tests::test_pe_003_strong_words_ok ... ok
test rules::prompt::tests::test_pe_006_never_without_alternative ... ok
test rules::prompt::tests::test_pe_006_with_alternative_ok ... ok
test rules::roo::tests::test_roo_002_custom_modes_not_array ... ok
test rules::roo::tests::test_roo_002_disabled ... ok
test rules::roo::tests::test_roo_002_empty_custom_modes_array ... ok
test rules::roo::tests::test_roo_002_duplicate_slug ... ok
test rules::roo::tests::test_roo_002_empty_groups_array ... ok
test rules::roo::tests::test_roo_002_groups_not_array ... ok
test rules::prompt::tests::test_pe_005_multiple_redundant ... ok
test rules::roo::tests::test_roo_002_invalid_group ... ok
test rules::plugin::tests::test_cc_pl_010_non_string_homepage ... ok
test rules::roo::tests::test_roo_002_invalid_json ... ok
test rules::roo::tests::test_roo_002_missing_custom_modes ... ok
test rules::roo::tests::test_roo_002_invalid_slug_format ... ok
test rules::roo::tests::test_roo_002_missing_name ... ok
test rules::roo::tests::test_roo_002_missing_groups_field ... ok
test rules::plugin::tests::test_cc_pl_010_invalid_url ... ok
test rules::roo::tests::test_roo_002_missing_role_definition ... ok
test rules::plugin::tests::test_cc_pl_010_empty_homepage_no_error ... ok
test rules::roo::tests::test_roo_002_missing_slug ... ok
test rules::roo::tests::test_roo_002_valid_roomodes ... ok
test rules::roo::tests::test_roo_003_additional_invalid_patterns ... ok
test rules::plugin::tests::test_config_disabled_plugins_category ... ok
test rules::roo::tests::test_roo_003_disabled ... ok
test rules::prompt::tests::test_pe_004_all_ambiguous_phrases ... ok
test rules::roo::tests::test_roo_003_empty_rooignore ... ok
test rules::roo::tests::test_roo_003_invalid_pattern ... ok
test rules::roo::tests::test_roo_003_mixed_valid_invalid_patterns ... ok
test rules::roo::tests::test_roo_003_only_comments ... ok
test rules::roo::tests::test_roo_003_valid_content ... ok
test rules::plugin::tests::test_cc_pl_010_no_homepage_no_error ... ok
test rules::roo::tests::test_roo_003_valid_negation_patterns ... ok
test rules::plugin::tests::test_cc_pl_010_valid_http_url_no_error ... ok
test rules::roo::tests::test_roo_004_disabled ... ok
test rules::roo::tests::test_roo_004_invalid_slug ... ok
test rules::roo::tests::test_roo_004_valid_slug ... ok
test rules::roo::tests::test_roo_005_disabled ... ok
test rules::plugin::tests::test_cc_pl_010_ftp_url ... ok
test rules::plugin::tests::test_cc_pl_010_valid_https_url_no_error ... ok
test rules::roo::tests::test_roo_005_invalid_json ... ok
test rules::roo::tests::test_roo_005_mcp_servers_not_object ... ok
test rules::roo::tests::test_roo_005_missing_command_for_stdio ... ok
test rules::roo::tests::test_roo_005_invalid_server_entry ... ok
test rules::roo::tests::test_roo_005_missing_mcp_servers ... ok
test rules::roo::tests::test_roo_005_missing_url_for_http ... ok
test rules::roo::tests::test_roo_005_sse_server_missing_url ... ok
test rules::roo::tests::test_roo_005_unknown_server_type ... ok
test rules::roo::tests::test_roo_005_valid_http_server ... ok
test rules::roo::tests::test_roo_005_valid_mcp_config ... ok
test rules::roo::tests::test_roo_006_all_builtin_slugs ... ok
test rules::roo::tests::test_roo_006_builtin_mode_no_warning ... ok
test rules::roo::tests::test_roo_006_custom_mode_in_roomodes_different_slug_warns ... ok
test rules::roo::tests::test_roo_006_custom_mode_warns ... ok
test rules::roo::tests::test_roo_006_custom_mode_without_roomodes_warns ... ok
test rules::roo::tests::test_roo_006_disabled ... ok
test rules::roo::tests::test_roo_006_custom_mode_with_roomodes_no_warning ... ok
test rules::roo::tests::test_roo_006_non_skill_md_no_warning ... ok
test rules::roo::tests::test_roo_category_disabled ... ok
test rules::roo::tests::test_roo_validator_metadata ... ok
test rules::skill::tests::test_as_001_empty_file ... ok
test rules::skill::tests::test_as_001_missing_closing_delimiter_treated_as_no_frontmatter ... ok
test rules::skill::tests::test_as_001_missing_frontmatter ... ok
test rules::skill::tests::test_as_001_only_body_no_frontmatter ... ok
test rules::skill::tests::test_as_002_missing_name ... ok
test rules::skill::tests::test_as_003_whitespace_description ... ok
test rules::skill::tests::test_as_003_missing_description ... ok
test rules::skill::tests::test_as_002_no_name_field ... ok
test rules::skill::tests::test_as_004_fix_byte_position ... ok
test rules::skill::tests::test_as_004_fix_case_only_is_safe ... ok
test rules::skill::tests::test_as_004_invalid_name_format ... ok
test rules::skill::tests::test_as_004_fix_quoted_value ... ok
test rules::skill::tests::test_as_004_fix_structural_is_unsafe ... ok
test rules::skill::tests::test_as_004_has_fix ... ok
test rules::skill::tests::test_as_004_no_fix_when_converts_to_empty ... ok
test rules::skill::tests::test_as_004_underscore_to_hyphen_is_unsafe ... ok
test rules::skill::tests::test_as_004_uppercase_in_name ... ok
test rules::skill::tests::test_as_004_valid_lowercase_hyphen_name ... ok
test rules::skill::tests::test_as_004_whitespace_only_name ... ok
test rules::skill::tests::test_as_005_has_safe_fix ... ok
test rules::skill::tests::test_as_005_leading_hyphen ... ok
test rules::skill::tests::test_as_005_trailing_hyphen ... ok
test rules::skill::tests::test_as_007_reserved_name ... ok
test rules::skill::tests::test_as_007_non_reserved_name_ok ... ok
test rules::skill::tests::test_as_007_all_reserved_names ... ok
test rules::skill::tests::test_as_008_description_empty_string ... ok
test rules::skill::tests::test_as_010_case_insensitive ... ok
test rules::skill::tests::test_as_008_description_too_long ... ok
test rules::skill::tests::test_as_009_description_contains_xml ... ok
test rules::skill::tests::test_as_010_fix_is_unsafe ... ok
test rules::skill::tests::test_as_006_has_safe_fix ... ok
test rules::skill::tests::test_as_010_fix_byte_position ... ok
test rules::skill::tests::test_as_006_consecutive_hyphens ... ok
test rules::skill::tests::test_as_010_fix_quoted_value ... ok
test rules::skill::tests::test_as_010_has_fix ... ok
test rules::skill::tests::test_as_010_has_use_when_trigger ... ok
test rules::skill::tests::test_as_010_missing_trigger ... ok
test rules::skill::tests::test_as_010_use_this_not_accepted ... ok
test rules::skill::tests::test_as_010_no_fix_when_description_too_long ... ok
test rules::skill::tests::test_as_011_501_chars_triggers ... ok
test rules::skill::tests::test_as_011_compatibility_too_long ... ok
test rules::skill::tests::test_as_011_exactly_500_chars ... ok
test rules::skill::tests::test_as_012_content_too_long ... ok
test rules::skill::tests::test_as_012_exactly_500_lines_ok ... ok
test rules::skill::tests::test_as_016_disabled ... ok
test rules::skill::tests::test_as_016_has_suggestion ... ok
test rules::skill::tests::test_as_013_reference_single_name_too_deep ... ok
test rules::skill::tests::test_as_016_invalid_yaml_colon_in_value ... ok
test rules::skill::tests::test_as_016_invalid_yaml_tabs ... ok
test rules::skill::tests::test_as_013_reference_too_deep ... ok
test rules::skill::tests::test_as_014_has_safe_fix ... ok
test rules::skill::tests::test_as_014_windows_path_separator ... ok
test rules::skill::tests::test_as_016_valid_yaml_no_error ... ok
test rules::skill::tests::test_cc_sk_001_invalid_model ... ok
test rules::skill::tests::test_cc_sk_001_has_unsafe_fix ... ok
test rules::skill::tests::test_cc_sk_001_invalid_model_exhaustive ... ok
test rules::skill::tests::test_cc_sk_001_all_valid_models ... ok
test rules::skill::tests::test_cc_sk_001_no_model_ok ... ok
test rules::skill::tests::test_cc_sk_001_valid_models ... ok
test rules::skill::tests::test_cc_sk_002_has_unsafe_fix ... ok
test rules::skill::tests::test_cc_sk_002_invalid_context ... ok
test rules::skill::tests::test_cc_sk_002_no_context_ok ... ok
test rules::skill::tests::test_cc_sk_002_invalid_context_exhaustive ... ok
test rules::skill::tests::test_cc_sk_004_agent_without_context ... ok
test rules::skill::tests::test_cc_sk_004_agent_without_context_exhaustive ... ok
test rules::skill::tests::test_cc_sk_004_has_insert_or_replace_fix ... ok
test rules::skill::tests::test_cc_sk_004_no_agent_no_context_ok ... ok
test rules::skill::tests::test_cc_sk_006_dangerous_name_with_safety ... ok
test rules::skill::tests::test_cc_sk_006_dangerous_name_without_safety ... ok
test rules::skill::tests::test_cc_sk_006_covers_all_dangerous_names ... ok
test rules::skill::tests::test_cc_sk_006_explicit_false_still_triggers ... ok
test rules::skill::tests::test_cc_sk_007_duplicate_bash_multiple_warnings ... ok
test rules::skill::tests::test_cc_sk_007_fix_correct_byte_position ... ok
test rules::skill::tests::test_cc_sk_007_has_fix ... ok
test rules::skill::tests::test_cc_sk_007_multiple_bash_multiple_fixes ... ok
test rules::skill::tests::test_cc_sk_007_no_bash ... ok
test rules::skill::tests::test_cc_sk_007_scoped_bash_no_fix ... ok
test rules::skill::tests::test_cc_sk_007_scoped_bash_ok ... ok
test rules::skill::tests::test_cc_sk_007_unrestricted_bash ... ok
test rules::skill::tests::test_cc_sk_008_all_known_tools_ok ... ok
test rules::skill::tests::test_cc_sk_003_has_insert_fix ... ok
test rules::skill::tests::test_cc_sk_003_fork_without_agent_exhaustive ... ok
test rules::skill::tests::test_cc_sk_005_custom_kebab_agent_valid ... ok
test rules::skill::tests::test_cc_sk_003_context_fork_without_agent ... ok
test rules::skill::tests::test_cc_sk_005_no_fix_for_valid_agent ... ok
test rules::skill::tests::test_cc_sk_005_accepts_max_length_agent ... ok
test rules::skill::tests::test_cc_sk_003_context_fork_with_agent_ok ... ok
test rules::skill::tests::test_cc_sk_005_autofix_invalid_agent ... ok
test rules::skill::tests::test_cc_sk_008_lowercase_tool_unknown ... ok
test rules::skill::tests::test_cc_sk_002_fork_context_valid ... ok
test rules::skill::tests::test_cc_sk_004_agent_with_context_ok ... ok
test rules::skill::tests::test_cc_sk_005_valid_agents ... ok
test rules::skill::tests::test_cc_sk_005_invalid_agent ... ok
test rules::skill::tests::test_cc_sk_005_rejects_too_long_agent ... ok
test rules::skill::tests::test_cc_sk_005_fixture_valid_custom_agent ... ok
test rules::skill::tests::test_cc_sk_005_builtin_agents_valid ... ok
test rules::skill::tests::test_cc_sk_005_valid_custom_agents ... ok
test rules::skill::tests::test_cc_sk_002_valid_context_fork ... ok
test rules::skill::tests::test_cc_sk_008_malformed_scope_no_panic ... ok
test rules::skill::tests::test_as_015_directory_size_exceeds ... ok
test rules::skill::tests::test_cc_sk_008_mcp_case_sensitive ... ok
test rules::skill::tests::test_cc_sk_005_fixture_invalid_agent ... ok
test rules::skill::tests::test_cc_sk_008_mcp_tool_valid ... ok
test rules::skill::tests::test_cc_sk_008_multiple_unknown_tools ... ok
test rules::skill::tests::test_cc_sk_005_rejects_invalid_agent_formats ... ok
test rules::skill::tests::test_cc_sk_008_scoped_mcp_tool_valid ... ok
test rules::skill::tests::test_cc_sk_008_scoped_tool_extracts_base_name ... ok
test rules::skill::tests::test_cc_sk_008_scoped_unknown_tool ... ok
test rules::skill::tests::test_cc_sk_008_unknown_tool ... ok
test rules::skill::tests::test_cc_sk_009_exactly_three_injections_ok ... ok
test rules::skill::tests::test_cc_sk_009_no_injections_ok ... ok
test rules::skill::tests::test_cc_sk_009_too_many_injections ... ok
test rules::skill::tests::test_cc_sk_010_fixture_invalid ... ok
test rules::skill::tests::test_cc_sk_010_hooks_not_mapping ... ok
test rules::skill::tests::test_cc_sk_010_fixture_valid ... ok
test rules::skill::tests::test_cc_sk_010_no_hooks_field_ok ... ok
test rules::skill::tests::test_cc_sk_010_invalid_hook_event ... ok
test rules::skill::tests::test_cc_sk_011_defaults_ok ... ok
test rules::skill::tests::test_cc_sk_010_valid_hook_event ... ok
test rules::skill::tests::test_cc_sk_011_fixture ... ok
test rules::skill::tests::test_cc_sk_011_model_invocation_false_ok ... ok
test rules::skill::tests::test_cc_sk_011_unreachable ... ok
test rules::skill::tests::test_cc_sk_011_user_invocable_true_ok ... ok
test rules::skill::tests::test_cc_sk_012_fixture_valid ... ok
test rules::skill::tests::test_cc_sk_012_fixture_invalid ... ok
test rules::skill::tests::test_cc_sk_012_hint_with_arguments_ok ... ok
test rules::skill::tests::test_cc_sk_012_hint_without_arguments ... ok
test rules::skill::tests::test_cc_sk_012_no_hint_ok ... ok
test rules::skill::tests::test_cc_sk_013_empty_body_fork ... ok
test rules::skill::tests::test_cc_sk_013_fixture_valid ... ok
test rules::skill::tests::test_cc_sk_013_fork_with_instructions_ok ... ok
test rules::skill::tests::test_cc_sk_013_no_fork_ok ... ok
test rules::skill::tests::test_cc_sk_013_whitespace_only_body_fork ... ok
test rules::skill::tests::test_cc_sk_014_boolean_true_ok ... ok
test rules::skill::tests::test_as_015_boundary_exactly_8mb ... ok
test rules::skill::tests::test_cc_sk_013_fixture_invalid ... ok
test rules::skill::tests::test_cc_sk_014_does_not_produce_as_016 ... ok
test rules::skill::tests::test_cc_sk_014_fixture ... ok
test rules::skill::tests::test_cc_sk_014_fix_applies_correctly ... ok
test rules::skill::tests::test_cc_sk_013_fork_without_instructions ... ok
test rules::skill::tests::test_cc_sk_014_single_quoted ... ok
test rules::skill::tests::test_cc_sk_014_has_safe_fix ... ok
test rules::skill::tests::test_cc_sk_014_string_false ... ok
test rules::skill::tests::test_cc_sk_014_string_true ... ok
test rules::skill::tests::test_cc_sk_015_boolean_false_ok ... ok
test rules::skill::tests::test_cc_sk_015_fix_applies_correctly ... ok
test rules::skill::tests::test_cc_sk_014_with_inline_comment ... ok
test rules::skill::tests::test_cc_sk_015_fixture ... ok
test rules::skill::tests::test_cc_sk_015_has_safe_fix ... ok
test rules::skill::tests::test_cc_sk_015_string_false ... ok
test rules::skill::tests::test_cc_sk_015_string_true ... ok
test rules::skill::tests::test_cc_sk_015_with_inline_comment ... ok
test rules::skill::tests::test_config_claude_code_target_enables_cc_sk_rules ... ok
test rules::skill::tests::test_config_cursor_target_disables_cc_sk_rules ... ok
test rules::skill::tests::test_config_disabled_skills_category ... ok
test rules::skill::tests::test_convert_to_kebab_case_consecutive_hyphens ... ok
test rules::skill::tests::test_convert_to_kebab_case_invalid_chars ... ok
test rules::skill::tests::test_config_disabled_specific_skill_rule ... ok
test rules::skill::tests::test_convert_to_kebab_case_leading_trailing ... ok
test rules::skill::tests::test_convert_to_kebab_case_lowercase ... ok
test rules::skill::tests::test_convert_to_kebab_case_mixed ... ok
test rules::skill::tests::test_convert_to_kebab_case_truncate ... ok
test rules::skill::tests::test_convert_to_kebab_case_underscores ... ok
test rules::skill::tests::test_find_plain_bash_positions ... ok
test rules::skill::tests::test_find_plain_bash_positions_none ... ok
test rules::skill::tests::test_frontmatter_value_byte_range_double_quoted ... ok
test rules::skill::tests::test_frontmatter_value_byte_range_not_found ... ok
test rules::skill::tests::test_frontmatter_value_byte_range_single_quoted ... ok
test rules::skill::tests::test_frontmatter_value_byte_range_unquoted ... ok
test rules::skill::tests::test_invalid_skill_name ... ok
test rules::skill::tests::test_parse_error_handling ... ok
test rules::tests::test_find_closest_value_empty_input ... ok
test rules::skill::tests::test_valid_skill ... ok
test rules::tests::test_find_closest_value_exact_case_insensitive ... ok
test rules::tests::test_find_closest_value_exact_preferred_over_substring ... ok
test rules::tests::test_find_closest_value_no_match ... ok
test rules::tests::test_find_closest_value_short_input_no_substring ... ok
test rules::tests::test_find_closest_value_substring_match ... ok
test rules::tests::test_validator_metadata_custom_override ... ok
test rules::tests::test_validator_metadata_default_has_empty_rule_ids ... ok
test rules::tests::test_validator_metadata_is_copy ... ok
test rules::xml::tests::test_config_disabled_xml_category ... ok
test rules::xml::tests::test_legacy_xml_balance_flag ... ok
test rules::xml::tests::test_balanced_tags ... ok
test rules::skill::tests::test_directory_size_until_handles_empty_directory ... ok
test rules::xml::tests::test_xml_001_can_be_disabled ... ok
test rules::xml::tests::test_unclosed_tag ... ok
test rules::xml::tests::test_xml_001_fix_correct_byte_position ... ok
test rules::xml::tests::test_xml_001_fix_description ... ok
test rules::xml::tests::test_xml_001_fix_nested_tags ... ok
test rules::xml::tests::test_xml_001_has_fix ... ok
test rules::xml::tests::test_xml_001_fix_nested_tags_applied ... ok
test rules::xml::tests::test_xml_002_has_unsafe_fix ... ok
test rules::xml::tests::test_xml_002_rule_id ... ok
test rules::xml::tests::test_xml_001_rule_id ... ok
test rules::xml::tests::test_xml_002_can_be_disabled ... ok
test rules::xml::tests::test_xml_003_has_unsafe_fix ... ok
test rules::xml::tests::test_xml_003_can_be_disabled ... ok
test schemas::agents_md::tests::test_check_hierarchy_has_parent ... ok
test rules::xml::tests::test_xml_003_rule_id ... ok
test schemas::agents_md::tests::test_check_hierarchy_no_parent ... ok
test schemas::agents_md::tests::test_code_block_in_link_check_ignored ... ok
test schemas::agents_md::tests::test_closed_code_block ... ok
test schemas::agents_md::tests::test_empty_content_no_header_issue ... ok
test schemas::agents_md::tests::test_exact_char_limit ... ok
test rules::skill::tests::test_directory_size_until_accurate_under_limit ... ok
test schemas::agents_md::tests::test_has_headers ... ok
test schemas::agents_md::tests::test_has_overview_header ... ok
test schemas::agents_md::tests::test_has_project_mention_in_content ... ok
test schemas::agents_md::tests::test_malformed_link_missing_paren ... ok
test schemas::agents_md::tests::test_has_project_header ... ok
test schemas::agents_md::tests::test_multiple_agents_md_no_duplicates ... ok
test schemas::agents_md::tests::test_missing_project_context ... ok
test schemas::agents_md::tests::test_multiple_agents_md_with_hierarchy ... ok
test schemas::agents_md::tests::test_multiple_agents_md_with_parent ... ok
test schemas::agents_md::tests::test_guard_section_ends ... ok
test schemas::agents_md::tests::test_multiple_code_blocks_valid ... ok
test schemas::agents_md::tests::test_no_headers ... ok
test schemas::agents_md::tests::test_over_char_limit ... ok
test schemas::agents_md::tests::test_regex_patterns_compile ... ok
test schemas::agents_md::tests::test_sibling_agents_md_multiple ... ok
test schemas::agents_md::tests::test_guarded_hooks ... ok
test schemas::agents_md::tests::test_single_agents_md_no_multiple ... ok
test schemas::agents_md::tests::test_unclosed_code_block ... ok
test schemas::agents_md::tests::test_under_char_limit ... ok
test schemas::agents_md::tests::test_unguarded_context_fork ... ok
test schemas::agents_md::tests::test_whitespace_only_no_header_issue ... ok
test schemas::claude_md::tests::test_calculate_text_overlap_different ... ok
test schemas::agents_md::tests::test_valid_link ... ok
test schemas::claude_md::tests::test_calculate_text_overlap_identical ... ok
test schemas::agents_md::tests::test_unguarded_agent_field ... ok
test schemas::claude_md::tests::test_check_readme_duplication_detected ... ok
test schemas::claude_md::tests::test_check_readme_duplication_not_detected ... ok
test schemas::claude_md::tests::test_check_token_count_over_limit ... ok
test schemas::claude_md::tests::test_check_token_count_under_limit ... ok
test schemas::claude_md::tests::test_critical_at_bottom ... ok
test schemas::agents_md::tests::test_unguarded_hooks ... ok
test rules::skill::tests::test_directory_size_until_nested_directories ... ok
test schemas::claude_md::tests::test_detect_role_play_header ... ok
test schemas::claude_md::tests::test_critical_at_top ... ok
test schemas::claude_md::tests::test_extract_npm_scripts ... ok
test schemas::claude_md::tests::test_find_generic_instructions ... ok
test schemas::claude_md::tests::test_detect_role_play_preamble ... ok
test schemas::claude_md::tests::test_extract_npm_scripts_with_colon ... ok
test schemas::claude_md::tests::test_find_weak_constraints_in_critical ... ok
test schemas::claude_md::tests::test_find_weak_constraints_outside_critical ... ok
test schemas::claude_md::tests::test_generic_instruction_byte_offsets_crlf ... ok
test schemas::claude_md::tests::test_generic_instruction_byte_offsets_crlf_last_line ... ok
test schemas::claude_md::tests::test_generic_instruction_byte_offsets_last_line_no_newline ... ok
test schemas::claude_md::tests::test_generic_instruction_byte_offsets_multiline ... ok
test schemas::claude_md::tests::test_generic_instruction_byte_offsets_single_line ... ok
test schemas::claude_md::tests::test_generic_instruction_delete_produces_expected ... ok
test schemas::claude_md::tests::test_generic_instruction_delete_produces_expected_crlf ... ok
test schemas::claude_md::tests::test_find_negative_without_positive ... ok
test schemas::claude_md::tests::test_negative_with_positive_before_dash ... ok
test schemas::claude_md::tests::test_find_critical_in_middle ... ok
test schemas::claude_md::tests::test_no_false_positive_specific_standards ... ok
test schemas::claude_md::tests::test_regex_patterns_compile ... ok
test schemas::claude_md::tests::test_no_npm_scripts ... ok
test schemas::claude_md::tests::test_no_false_positive_role_play ... ok
test schemas::claude_md::tests::test_short_document_no_critical_middle ... ok
test schemas::claude_md::tests::test_no_generic_instructions ... ok
test schemas::claude_md::tests::test_negative_with_positive_next_line ... ok
test schemas::claude_md::tests::test_detect_generic_programming_principles ... ok
test schemas::claude_md::tests::test_weak_constraint_byte_offsets ... ok
test schemas::claude_md::tests::test_negative_with_positive_after_dash ... ok
test schemas::claude_md::tests::test_negative_with_positive_same_line ... ok
test schemas::claude_md::tests::test_standalone_negative_still_triggers ... ok
test schemas::claude_md::tests::test_negative_with_positive_before_comma ... ok
test schemas::claude_md::tests::test_weak_constraint_multiple_on_same_line ... ok
test schemas::claude_md::tests::test_weak_constraint_byte_offsets_crlf ... ok
test schemas::claude_md::tests::test_weak_constraint_replace_produces_expected_crlf ... ok
test schemas::claude_md::tests::test_weak_constraint_multiline ... ok
test schemas::claude_md::tests::test_weak_constraint_try_to ... ok
test schemas::claude_md::tests::test_weak_constraints_section_ends ... ok
test schemas::claude_md::tests::test_weak_constraint_multiline_crlf ... ok
test schemas::claude_rules::tests::test_comments_not_flagged_as_unknown_keys ... ok
test schemas::claude_rules::tests::test_invalid_glob_pattern ... ok
test schemas::claude_rules::tests::test_detect_unknown_keys ... ok
test schemas::claude_rules::tests::test_frontmatter_line_numbers ... ok
test schemas::claude_md::tests::test_weak_constraint_replace_produces_expected ... ok
test schemas::claude_rules::tests::test_invalid_paths_type_number ... ok
test schemas::claude_rules::tests::test_invalid_paths_sequence_non_string ... ok
test schemas::claude_rules::tests::test_no_unknown_keys ... ok
test schemas::claude_rules::tests::test_parse_empty_frontmatter ... ok
test schemas::claude_rules::tests::test_parse_no_frontmatter ... ok
test schemas::claude_rules::tests::test_parse_single_path_string ... ok
test schemas::claude_rules::tests::test_parse_unclosed_frontmatter ... ok
test schemas::claude_rules::tests::test_parse_valid_frontmatter_with_paths ... ok
test schemas::claude_rules::tests::test_paths_is_known_key ... ok
test schemas::claude_rules::tests::test_unknown_key_line_numbers ... ok
test schemas::cline::tests::test_empty_body ... ok
test schemas::cline::tests::test_detect_unknown_keys ... ok
test schemas::cline::tests::test_empty_content ... ok
test schemas::cline::tests::test_frontmatter_line_numbers ... ok
test schemas::cline::tests::test_invalid_glob_pattern ... ok
test rules::skill::tests::test_directory_size_until_nested_short_circuits ... ok
test schemas::cline::tests::test_no_unknown_keys ... ok
test schemas::cline::tests::test_parse_array_paths ... ok
test schemas::claude_rules::tests::test_valid_glob_patterns ... ok
test schemas::cline::tests::test_parse_invalid_yaml ... ok
test schemas::cline::tests::test_parse_scalar_paths ... ok
test schemas::cline::tests::test_parse_unclosed_frontmatter ... ok
test schemas::cline::tests::test_paths_field_is_scalar ... ok
test schemas::cline::tests::test_parse_valid_frontmatter ... ok
test schemas::cline::tests::test_paths_field_patterns ... ok
test schemas::cline::tests::test_unknown_key_line_numbers ... ok
test schemas::cline::tests::test_valid_glob_patterns ... ok
test schemas::codex::tests::test_find_toml_key_line_basic ... ok
test schemas::codex::tests::test_find_toml_key_line_skips_table_headers ... ok
test schemas::codex::tests::test_approval_mode_wrong_type ... ok
test schemas::codex::tests::test_full_auto_error_mode_wrong_type ... ok
test schemas::codex::tests::test_known_keys_not_flagged ... ok
test schemas::codex::tests::test_parse_error_fallback_line ... ok
test schemas::codex::tests::test_known_table_keys_not_flagged ... ok
test schemas::codex::tests::test_parse_error_location ... ok
test schemas::cline::tests::test_parse_no_frontmatter ... ok
test schemas::codex::tests::test_parse_extra_fields_ignored ... ok
test schemas::codex::tests::test_parse_invalid_toml ... ok
test schemas::codex::tests::test_parse_minimal_config ... ok
test schemas::codex::tests::test_parse_valid_config ... ok
test schemas::codex::tests::test_project_doc_max_bytes_absent ... ok
test schemas::codex::tests::test_project_doc_max_bytes_parsed ... ok
test schemas::codex::tests::test_project_doc_max_bytes_wrong_type ... ok
test schemas::codex::tests::test_unknown_keys_detected ... ok
test schemas::codex::tests::test_unknown_keys_empty_on_parse_error ... ok
test schemas::copilot::tests::test_empty_body ... ok
test schemas::codex::tests::test_valid_approval_modes ... ok
test schemas::copilot::tests::test_detect_unknown_keys ... ok
test schemas::codex::tests::test_valid_full_auto_error_modes ... ok
test schemas::copilot::tests::test_empty_content ... ok
test schemas::copilot::tests::test_exclude_agent_absent ... ok
test schemas::copilot::tests::test_exclude_agent_not_unknown_key ... ok
test schemas::copilot::tests::test_frontmatter_line_numbers ... ok
test schemas::copilot::tests::test_invalid_glob_pattern ... ok
test schemas::copilot::tests::test_no_unknown_keys ... ok
test schemas::copilot::tests::test_parse_frontmatter_no_apply_to ... ok
test schemas::copilot::tests::test_parse_exclude_agent ... ok
test schemas::copilot::tests::test_parse_invalid_yaml ... ok
test schemas::copilot::tests::test_parse_no_frontmatter ... ok
test schemas::copilot::tests::test_parse_unclosed_frontmatter ... ok
test schemas::copilot::tests::test_parse_valid_frontmatter ... ok
test schemas::copilot::tests::test_split_comma_brace_and_bracket ... ok
test schemas::copilot::tests::test_split_comma_brace_expansion_preserved ... ok
test schemas::copilot::tests::test_split_comma_brace_plus_comma ... ok
test schemas::copilot::tests::test_split_comma_bracket_character_class ... ok
test schemas::copilot::tests::test_split_comma_consecutive_commas ... ok
test schemas::copilot::tests::test_split_comma_empty_string ... ok
test schemas::copilot::tests::test_split_comma_leading_comma ... ok
test schemas::copilot::tests::test_split_comma_nested_braces ... ok
test schemas::copilot::tests::test_split_comma_single_pattern ... ok
test schemas::copilot::tests::test_split_comma_trailing_comma ... ok
test schemas::copilot::tests::test_split_comma_two_patterns ... ok
test schemas::copilot::tests::test_split_comma_unbalanced_braces ... ok
test schemas::copilot::tests::test_split_comma_unbalanced_brackets ... ok
test schemas::copilot::tests::test_split_comma_with_spaces ... ok
test schemas::copilot::tests::test_unknown_key_line_numbers ... ok
test schemas::copilot::tests::test_valid_glob_patterns ... ok
test schemas::copilot_agent::tests::body_empty_helper ... ok
test schemas::copilot_agent::tests::parse_detects_unknown_keys ... ok
test schemas::copilot_agent::tests::parse_detects_unknown_keys_with_uniform_indentation ... ok
test schemas::copilot_agent::tests::parse_handles_indented_fence_in_block_scalar ... ok
test schemas::copilot_agent::tests::parse_ignores_comment_lines ... ok
test schemas::copilot_agent::tests::parse_none_when_no_frontmatter ... ok
test schemas::copilot_agent::tests::parse_unclosed_frontmatter ... ok
test schemas::copilot_agent::tests::parse_valid_agent_frontmatter ... ok
test schemas::copilot_hooks::tests::missing_steps_not_accepted ... ok
test schemas::copilot_hooks::tests::setup_job_detection ... ok
test schemas::copilot_hooks::tests::setup_job_missing_detection ... ok
test schemas::copilot_hooks::tests::expression_runner_is_accepted ... ok
test schemas::copilot_hooks::tests::unsupported_runner_not_accepted ... ok
test schemas::copilot_hooks::tests::validate_array_format_ok ... ok
test schemas::copilot_hooks::tests::validate_map_reports_invalid_event_key ... ok
test schemas::copilot_hooks::tests::validate_map_reports_missing_command ... ok
test schemas::copilot_hooks::tests::validate_map_format_ok ... ok
test schemas::copilot_hooks::tests::validate_map_reports_missing_type ... ok
test schemas::copilot_hooks::tests::validate_reports_invalid_hooks_shape ... ok
test schemas::copilot_hooks::tests::validate_map_reports_non_array_entries ... ok
test schemas::copilot_hooks::tests::validate_reports_invalid_event ... ok
test schemas::copilot_hooks::tests::validate_reports_invalid_version ... ok
test schemas::copilot_hooks::tests::validate_reports_missing_shell_command ... ok
test schemas::copilot_hooks::tests::validate_reports_missing_hooks ... ok
test schemas::copilot_hooks::tests::validate_reports_missing_command ... ok
test schemas::copilot_hooks::tests::validate_reports_non_object_root ... ok
test schemas::copilot_hooks::tests::validate_reports_missing_type ... ok
test schemas::copilot_prompt::tests::body_empty_helper ... ok
test schemas::copilot_hooks::tests::wrong_job_name_not_accepted ... ok
test schemas::copilot_prompt::tests::parse_handles_indented_fence_in_block_scalar ... ok
test schemas::copilot_prompt::tests::parse_ignores_comment_lines ... ok
test schemas::copilot_prompt::tests::parse_no_frontmatter_returns_none ... ok
test schemas::copilot_prompt::tests::parse_unknown_keys ... ok
test schemas::copilot_prompt::tests::parse_unknown_keys_with_uniform_indentation ... ok
test schemas::copilot_prompt::tests::parse_valid_prompt_frontmatter ... ok
test schemas::copilot_prompt::tests::valid_agent_modes_constant ... ok
test schemas::cross_platform::tests::test_backup_file_agents_md_old ... ok
test schemas::cross_platform::tests::test_backup_file_claude_md_bak ... ok
test schemas::cross_platform::tests::test_backup_file_cursor_rules_tmp ... ok
test schemas::cross_platform::tests::test_backup_file_swp ... ok
test schemas::cross_platform::tests::test_backup_file_tilde ... ok
test schemas::cross_platform::tests::test_case_insensitive_guard ... ok
test schemas::cross_platform::tests::test_categorize_layer_oversized_input_precedence_doc ... ok
test schemas::cross_platform::tests::test_check_byte_limit_empty ... ok
test schemas::cross_platform::tests::test_check_byte_limit_over ... ok
test schemas::cross_platform::tests::test_check_byte_limit_exact ... ok
test schemas::cross_platform::tests::test_check_byte_limit_under ... ok
test schemas::cross_platform::tests::test_detect_agent_field ... ok
test schemas::cross_platform::tests::test_detect_at_import_syntax ... ok
test schemas::cross_platform::tests::test_detect_allowed_tools ... ok
test schemas::cross_platform::tests::test_detect_at_import_with_wildcard ... ok
test schemas::cross_platform::tests::test_detect_build_conflicts ... ok
test schemas::cross_platform::tests::test_detect_build_conflicts_empty_commands ... ok
test schemas::cross_platform::tests::test_detect_build_conflicts_three_files ... ok
test schemas::cross_platform::tests::test_detect_claude_path ... ok
test schemas::cross_platform::tests::test_detect_cursor_path ... ok
test schemas::cross_platform::tests::test_detect_context_fork ... ok
test schemas::cross_platform::tests::test_detect_custom_agent_name ... ok
test schemas::cross_platform::tests::test_detect_hooks_in_content ... ok
test schemas::cross_platform::tests::test_detect_precedence_issues_multiple_layers ... ok
test schemas::cross_platform::tests::test_detect_skipped_header_level ... ok
test schemas::cross_platform::tests::test_detect_hooks_event_variant ... ok
test schemas::cross_platform::tests::test_detect_tool_conflicts ... ok
test schemas::cross_platform::tests::test_detect_tool_conflicts_empty_constraints ... ok
test schemas::cross_platform::tests::test_detect_tool_conflicts_three_files ... ok
test schemas::cross_platform::tests::test_empty_content_no_issue ... ok
test schemas::cross_platform::tests::test_extract_build_commands_empty_file ... ok
test schemas::cross_platform::tests::test_extract_build_commands_oversized_input ... ok
test schemas::cross_platform::tests::test_bun_i_end_of_line ... ok
test schemas::cross_platform::tests::test_detect_no_headers ... ok
test schemas::cross_platform::tests::test_extract_bun_commands ... ok
test schemas::cross_platform::tests::test_extract_tool_constraints_oversized_input ... ok
test schemas::cross_platform::tests::test_extract_pnpm_commands ... ok
test schemas::cross_platform::tests::test_extreme_header_skip_h1_to_h6 ... ok
test schemas::cross_platform::tests::test_find_claude_specific_features_oversized_input ... ok
test schemas::cross_platform::tests::test_extract_npm_commands ... ok
test schemas::cross_platform::tests::test_find_hard_coded_paths_oversized_input ... ok
test schemas::cross_platform::tests::test_guard_section_ends_at_new_header ... ok
test schemas::cross_platform::tests::test_guarded_agent_field ... ok
test schemas::cross_platform::tests::test_extract_yarn_commands ... ok
test schemas::cross_platform::tests::test_headers_inside_code_block_ignored ... ok
test schemas::cross_platform::tests::test_guarded_context_fork ... ok
test schemas::cross_platform::tests::test_categorize_cursor_rules ... ok
test schemas::cross_platform::tests::test_guarded_hooks_in_claude_section ... ok
test schemas::cross_platform::tests::test_categorize_agents_md ... ok
test schemas::cross_platform::tests::test_categorize_claude_md ... ok
test schemas::cross_platform::tests::test_categorize_gemini_md_variants ... ok
test schemas::cross_platform::tests::test_html_comment_guard ... ok
test schemas::cross_platform::tests::test_case_insensitive_path_detection ... ok
test schemas::cross_platform::tests::test_is_instruction_file ... ok
test schemas::cross_platform::tests::test_html_comment_header_resets_guard ... ok
test schemas::cross_platform::tests::test_multiple_claude_sections ... ok
test schemas::cross_platform::tests::test_no_claude_features_in_clean_content ... ok
test schemas::cross_platform::tests::test_detect_cline_path ... ok
test schemas::cross_platform::tests::test_no_conflict_same_package_manager ... ok
test schemas::cross_platform::tests::test_multiple_claude_features ... ok
test schemas::cross_platform::tests::test_no_false_positive_email_in_at_import ... ok
test schemas::cross_platform::tests::test_no_false_positive_email_standalone ... ok
test schemas::cross_platform::tests::test_no_false_positive_relative_paths ... ok
test schemas::cross_platform::tests::test_no_precedence_issue_single_layer ... ok
test schemas::cross_platform::tests::test_no_hard_coded_paths ... ok
test schemas::cross_platform::tests::test_no_precedence_issue_with_docs ... ok
test schemas::cross_platform::tests::test_no_tool_conflict_same_constraint_type ... ok
test schemas::cross_platform::tests::test_only_headers_in_code_block_means_no_headers ... ok
test schemas::cross_platform::tests::test_npm_i_without_trailing_space ... ok
test schemas::cross_platform::tests::test_precedence_not_detected ... ok
test schemas::cross_platform::tests::test_pnpm_i_standalone ... ok
test schemas::cross_platform::tests::test_precedence_detected ... ok
test schemas::cross_platform::tests::test_reset_on_same_level_header ... ok
test schemas::cross_platform::tests::test_subheaders_within_claude_section ... ok
test schemas::cross_platform::tests::test_unguarded_features_still_detected ... ok
test schemas::cross_platform::tests::test_valid_instruction_files_still_work ... ok
test schemas::cross_platform::tests::test_valid_markdown_structure ... ok
test schemas::cross_platform::tests::test_whitespace_before_markdown_header ... ok
test schemas::cross_platform::tests::test_whitespace_only_no_issue ... ok
test schemas::cross_platform::tests::test_detect_multiple_platform_paths ... ok
test schemas::cross_platform::tests::test_yarn_i_at_end_of_content ... ok
test schemas::cursor::tests::test_detect_unknown_keys ... ok
test schemas::cursor::tests::test_empty_body ... ok
test schemas::cursor::tests::test_empty_content ... ok
test schemas::cursor::tests::test_globs_field_multiple ... ok
test schemas::cursor::tests::test_frontmatter_line_numbers ... ok
test schemas::cursor::tests::test_globs_field_single ... ok
test schemas::cursor::tests::test_no_unknown_keys ... ok
test schemas::cursor::tests::test_invalid_glob_pattern ... ok
test schemas::cursor::tests::test_parse_frontmatter_empty_body ... ok
test schemas::cursor::tests::test_parse_frontmatter_with_always_apply ... ok
test schemas::cursor::tests::test_parse_no_frontmatter ... ok
test schemas::cursor::tests::test_parse_frontmatter_with_globs_array ... ok
test schemas::cursor::tests::test_parse_unclosed_frontmatter ... ok
test schemas::cursor::tests::test_parse_invalid_yaml ... ok
test schemas::cursor::tests::test_parse_valid_frontmatter ... ok
test schemas::cursor::tests::test_valid_glob_patterns ... ok
test schemas::gemini_extension::tests::test_is_valid_extension_name_invalid ... ok
test schemas::cursor::tests::test_unknown_key_line_numbers ... ok
test schemas::gemini_extension::tests::test_is_valid_extension_name_valid ... ok
test schemas::gemini_extension::tests::test_non_string_fields_ignored ... ok
test schemas::gemini_extension::tests::test_parse_empty_object ... ok
test schemas::cross_platform::tests::test_detect_github_copilot_path ... ok
test schemas::gemini_extension::tests::test_parse_invalid_json ... ok
test schemas::gemini_extension::tests::test_parse_error_location ... ok
test schemas::gemini_extension::tests::test_parse_valid_extension ... ok
test schemas::gemini_extension::tests::test_parse_with_optional_fields ... ok
test schemas::gemini_extension::tests::test_unknown_keys_detected ... ok
test schemas::gemini_ignore::tests::test_empty_content ... ok
test schemas::gemini_ignore::tests::test_multiple_issues ... ok
test schemas::gemini_ignore::tests::test_negation_patterns ... ok
test schemas::gemini_ignore::tests::test_only_comments ... ok
test schemas::gemini_ignore::tests::test_valid_bracket_pattern ... ok
test schemas::gemini_ignore::tests::test_only_whitespace ... ok
test schemas::gemini_ignore::tests::test_valid_geminiignore ... ok
test schemas::gemini_ignore::tests::test_valid_with_comments ... ok
test schemas::gemini_settings::tests::test_all_valid_top_level_keys ... ok
test schemas::gemini_ignore::tests::test_unmatched_bracket ... ok
test schemas::gemini_settings::tests::test_parse_error_location ... ok
test schemas::gemini_settings::tests::test_parse_empty_object ... ok
test schemas::gemini_settings::tests::test_parse_jsonc_comments ... ok
test schemas::gemini_settings::tests::test_hooks_config_extracted ... ok
test schemas::gemini_settings::tests::test_parse_invalid_json ... ok
test schemas::cross_platform::tests::test_detect_opencode_path ... ok
test schemas::gemini_settings::tests::test_unknown_top_level_keys ... ok
test schemas::gemini_settings::tests::test_parse_valid_settings ... ok
test schemas::gemini_settings::tests::test_valid_hook_events_count ... ok
test schemas::gemini_settings::tests::test_valid_top_level_keys_count ... ok
test schemas::hooks::tests::test_empty_hooks_array_in_matcher_reports_error ... ok
test schemas::hooks::tests::test_empty_hooks_map_validates_ok ... ok
test schemas::hooks::tests::test_empty_matchers_array_validates_ok ... ok
test schemas::hooks::tests::test_hook_type_name ... ok
test schemas::hooks::tests::test_is_prompt_event ... ok
test schemas::hooks::tests::test_is_tool_event ... ok
test schemas::hooks::tests::test_settings_schema_from_json_no_hooks ... ok
test schemas::hooks::tests::test_settings_schema_from_json_with_hooks ... ok
test schemas::hooks::tests::test_unknown_event_name_reports_error ... ok
test schemas::mcp::tests::test_consent_fields_confirmation_empty ... ok
test schemas::mcp::tests::test_consent_fields_confirmation_non_empty ... ok
test schemas::mcp::tests::test_consent_fields_confirmation_whitespace ... ok
test schemas::mcp::tests::test_consent_fields_requires_approval_false ... ok
test schemas::mcp::tests::test_consent_fields_requires_approval_true ... ok
test schemas::mcp::tests::test_default_mcp_protocol_version_constant ... ok
test schemas::mcp::tests::test_extract_request_protocol_version ... ok
test schemas::mcp::tests::test_extract_response_protocol_version ... ok
test schemas::mcp::tests::test_is_initialize_message ... ok
test schemas::mcp::tests::test_is_initialize_response ... ok
test schemas::mcp::tests::test_jsonrpc_version_invalid ... ok
test schemas::mcp::tests::test_jsonrpc_version_valid ... ok
test schemas::mcp::tests::test_mcp_tool_empty_name ... ok
test schemas::mcp::tests::test_mcp_tool_has_required_fields ... ok
test schemas::mcp::tests::test_mcp_tool_missing_name ... ok
test schemas::mcp::tests::test_meaningful_description ... ok
test schemas::mcp::tests::test_short_description ... ok
test schemas::mcp::tests::test_validate_schema_not_object ... ok
test schemas::mcp::tests::test_validate_schema_structure_invalid_type ... ok
test schemas::mcp::tests::test_validate_schema_structure_valid ... ok
test schemas::mcp::tests::test_validate_schema_type_array_with_non_string ... ok
test schemas::mcp::tests::test_validate_schema_type_not_string_or_array ... ok
test schemas::mcp::tests::test_validate_schema_type_object_value ... ok
test schemas::opencode::tests::test_agent_null_ok ... ok
test schemas::opencode::tests::test_agent_parsed ... ok
test schemas::opencode::tests::test_agent_wrong_type ... ok
test schemas::opencode::tests::test_find_json_key_line_basic ... ok
test schemas::opencode::tests::test_is_glob_pattern ... ok
test schemas::opencode::tests::test_parse_error_location ... ok
test schemas::opencode::tests::test_known_keys_not_flagged ... ok
test schemas::opencode::tests::test_parse_invalid_json ... ok
test schemas::opencode::tests::test_parse_extra_fields_ignored ... ok
test schemas::opencode::tests::test_parse_jsonc_with_comments ... ok
test schemas::opencode::tests::test_parse_valid_config ... ok
test schemas::opencode::tests::test_parse_minimal_config ... ok
test schemas::opencode::tests::test_permission_null_ok ... ok
test schemas::opencode::tests::test_permission_object_parsed ... ok
test schemas::opencode::tests::test_permission_string_parsed ... ok
test schemas::opencode::tests::test_permission_wrong_type ... ok
test schemas::opencode::tests::test_strip_jsonc_multi_line_comment ... ok
test schemas::opencode::tests::test_strip_jsonc_preserves_strings ... ok
test schemas::opencode::tests::test_strip_jsonc_single_line_comment ... ok
test schemas::opencode::tests::test_unknown_keys_detected ... ok
test schemas::opencode::tests::test_unknown_keys_empty_on_parse_error ... ok
test schemas::opencode::tests::test_valid_share_modes ... ok
test schemas::opencode::tests::test_validate_glob_pattern ... ok
test schemas::prompt::tests::test_ambiguous_context_captured ... ok
test schemas::prompt::tests::test_critical_at_bottom_no_issue ... ok
test schemas::prompt::tests::test_empty_content_pe_005_pe_006 ... ok
test schemas::prompt::tests::test_empty_string_all_validators ... ok
test schemas::prompt::tests::test_find_ambiguous_if_possible ... ok
test schemas::prompt::tests::test_find_ambiguous_instructions_oversized_input ... ok
test schemas::prompt::tests::test_find_cot_on_simple_tasks_oversized_input ... ok
test schemas::prompt::tests::test_critical_at_top_no_issue ... ok
test schemas::prompt::tests::test_find_critical_in_middle_oversized_input ... ok
test schemas::prompt::tests::test_find_critical_in_middle ... ok
test schemas::prompt::tests::test_find_ambiguous_usually ... ok
test schemas::prompt::tests::test_cot_on_simple_copy_file ... ok
test schemas::prompt::tests::test_find_multiple_ambiguous ... ok
test schemas::prompt::tests::test_find_multiple_redundant ... ok
test schemas::prompt::tests::test_cot_on_simple_read_file ... ok
test schemas::prompt::tests::test_find_negative_only_avoid ... ok
test schemas::prompt::tests::test_find_negative_only_instructions_oversized_input ... ok
test schemas::prompt::tests::test_find_redundant_instructions_oversized_input ... ok
test schemas::prompt::tests::test_find_weak_imperative_language_oversized_input ... ok
test schemas::prompt::tests::test_find_negative_only_dont ... ok
test schemas::prompt::tests::test_find_negative_only_never ... ok
test schemas::prompt::tests::test_negative_skips_code_blocks ... ok
test schemas::prompt::tests::test_multiple_keywords_in_middle ... ok
test schemas::prompt::tests::test_find_redundant_be_concise ... ok
test schemas::prompt::tests::test_negative_with_list_marker ... ok
test schemas::prompt::tests::test_find_redundant_be_helpful ... ok
test schemas::prompt::tests::test_negative_with_positive_alternative ... ok
test schemas::prompt::tests::test_multiple_critical_sections ... ok
test schemas::prompt::tests::test_multiple_negative_only ... ok
test schemas::prompt::tests::test_negative_with_positive_on_next_line ... ok
test schemas::prompt::tests::test_no_redundant_in_specific_instructions ... ok
test schemas::prompt::tests::test_pe_001_eleven_lines_just_above_minimum ... ok
test schemas::prompt::tests::test_no_ambiguous_in_clear_instructions ... ok
test schemas::prompt::tests::test_no_cot_on_complex_task ... ok
test schemas::prompt::tests::test_pe_001_exactly_ten_lines_boundary ... ok
test schemas::prompt::tests::test_pe_001_nine_lines_under_minimum ... ok
test schemas::prompt::tests::test_negative_without_positive_too_far ... ok
test schemas::prompt::tests::test_negative_with_positive_two_lines_away ... ok
test schemas::prompt::tests::test_pe_003_important_header_detected ... ok
test schemas::prompt::tests::test_pe_004_comment_line_skipped ... ok
test schemas::prompt::tests::test_pe_003_required_header_detected ... ok
test schemas::prompt::tests::test_pe_003_word_boundary_hypercritical ... ok
test schemas::prompt::tests::test_pe_004_shebang_skipped ... ok
test schemas::prompt::tests::test_redundant_skips_code_blocks ... ok
test schemas::prompt::tests::test_pe_004_inline_code_backticks_still_flagged ... ok
test schemas::prompt::tests::test_regex_patterns_compile ... ok
test schemas::prompt::tests::test_single_line_all_validators ... ok
test schemas::prompt::tests::test_redundant_case_insensitive ... ok
test schemas::prompt::tests::test_skip_code_blocks ... ok
test schemas::prompt::tests::test_short_document_skipped ... ok
test schemas::prompt::tests::test_pe_003_critical_case_insensitive ... ok
test schemas::prompt::tests::test_weak_language_in_critical_section ... ok
test schemas::prompt::tests::test_skip_multiline_code_blocks ... ok
test schemas::roo::tests::test_extract_slug_from_path ... ok
test schemas::prompt::tests::test_simple_task_without_cot ... ok
test schemas::roo::tests::test_invalid_slug ... ok
test schemas::prompt::tests::test_weak_language_outside_critical_section ... ok
test schemas::roo::tests::test_parse_empty_roo_mcp ... ok
test schemas::roo::tests::test_parse_empty_roomodes ... ok
test schemas::prompt::tests::test_weak_language_section_boundary ... ok
test schemas::roo::tests::test_parse_invalid_roo_mcp_json ... ok
test schemas::roo::tests::test_parse_invalid_roomodes_json ... ok
test schemas::roo::tests::test_parse_roo_mcp_with_url_server ... ok
test schemas::roo::tests::test_parse_valid_roo_mcp ... ok
test schemas::roo::tests::test_extract_slug_no_match ... ok
test schemas::roo::tests::test_parse_valid_roomodes ... ok
test schemas::roo::tests::test_valid_slug ... ok
test schemas::skill::tests::test_empty_compatibility_rejected ... ok
test schemas::skill::tests::test_empty_description_rejected ... ok
test schemas::skill::tests::test_empty_name_rejected ... ok
test schemas::skill::tests::test_invalid_model ... ok
test schemas::skill::tests::test_invalid_skill_name_uppercase ... ok
test schemas::skill::tests::test_max_length_description_accepted ... ok
test schemas::skill::tests::test_max_length_name_accepted ... ok
test schemas::skill::tests::test_over_max_compatibility_rejected ... ok
test schemas::skill::tests::test_over_max_length_name_rejected ... ok
test schemas::skill::tests::test_valid_skill_name ... ok
test schemas::skill::tests::test_over_max_length_description_rejected ... ok
test span_utils::tests::emoji_key_and_value ... ok
test span_utils::tests::event_key_span_crlf ... ok
test span_utils::tests::event_key_span_found ... ok
test span_utils::tests::empty_content ... ok
test span_utils::tests::event_key_span_key_without_colon ... ok
test span_utils::tests::event_key_span_not_found ... ok
test span_utils::tests::event_key_span_whitespace_before_colon ... ok
test span_utils::tests::field_line_crlf ... ok
test span_utils::tests::field_line_at_first_line ... ok
test span_utils::tests::field_line_at_position_zero ... ok
test span_utils::tests::field_line_duplicate_returns_none ... ok
test span_utils::tests::field_line_float_value ... ok
test span_utils::tests::field_line_inline_does_not_match ... ok
test schemas::skill::tests::test_validate_collects_all_errors ... ok
test span_utils::tests::field_line_missing ... ok
test span_utils::tests::field_line_not_at_line_start ... ok
test span_utils::tests::field_line_null_value ... ok
test span_utils::tests::field_line_string_value ... ok
test span_utils::tests::field_line_number_value ... ok
test span_utils::tests::field_line_unique ... ok
test span_utils::tests::field_line_with_trailing_comma ... ok
test span_utils::tests::json_key_value_crlf ... ok
test span_utils::tests::four_byte_unicode_scalar_span_boundaries ... ok
test span_utils::tests::key_at_end_of_content ... ok
test span_utils::tests::key_at_start_of_content ... ok
test span_utils::tests::matcher_line_crlf ... ok
test span_utils::tests::key_value_at_end_of_content ... ok
test rules::skill::tests::test_directory_size_until_short_circuits ... ok
test span_utils::tests::matcher_line_duplicate ... ok
test span_utils::tests::matcher_line_found ... ok
test span_utils::tests::matcher_line_inline_does_not_match ... ok
test span_utils::tests::matcher_line_not_found ... ok
test span_utils::tests::multibyte_in_scalar_span ... ok
test span_utils::tests::nested_json_keys ... ok
test span_utils::tests::scalar_span_bool ... ok
test span_utils::tests::scalar_span_float ... ok
test span_utils::tests::scalar_span_negative_number ... ok
test span_utils::tests::scalar_span_not_unique ... ok
test span_utils::tests::scalar_span_null ... ok
test span_utils::tests::scalar_span_number ... ok
test span_utils::tests::scalar_span_string ... ok
test span_utils::tests::skip_whitespace_at_content_len ... ok
test span_utils::tests::skip_whitespace_basic ... ok
test span_utils::tests::skip_whitespace_beyond_content_len ... ok
test span_utils::tests::skip_whitespace_from_offset ... ok
test span_utils::tests::special_chars_in_key ... ok
test span_utils::tests::string_inner_crlf ... ok
test span_utils::tests::string_inner_found ... ok
test span_utils::tests::string_inner_not_unique ... ok
test span_utils::tests::string_inner_with_whitespace ... ok
test span_utils::tests::string_inner_wrong_value ... ok
test span_utils::tests::parse_scalar_negative_float ... ok
test span_utils::tests::string_value_range_found ... ok
test span_utils::tests::string_value_range_empty_value ... ok
test span_utils::tests::structured_json_insertion_respects_indent_before_closing_brace ... ok
test span_utils::tests::structured_json_insertion_without_trailing_separator_omits_comma ... ok
test span_utils::tests::string_value_range_not_unique ... ok
test span_utils::tests::string_value_range_no_string_value ... ok
test span_utils::tests::structured_yaml_insertion_reuses_nested_indent ... ok
test span_utils::tests::toml_value_not_found ... ok
test span_utils::tests::toml_at_start_of_file ... ok
test span_utils::tests::toml_value_found ... ok
test span_utils::tests::toml_value_not_unique ... ok
test span_utils::tests::toml_value_on_second_line ... ok
test span_utils::tests::toml_with_unicode_value_boundaries ... ok
test span_utils::tests::toml_value_with_spaces ... ok
test span_utils::tests::unicode_in_string_value_range ... ok
test span_utils::tests::unicode_key_and_value ... ok
test span_utils::tests::unicode_multibyte_key_boundaries_are_valid ... ok
test span_utils::tests::unique_key_value_found ... ok
test span_utils::tests::unique_key_value_not_found ... ok
test span_utils::tests::unique_key_value_not_unique ... ok
test span_utils::tests::unique_key_value_with_whitespace ... ok
test schemas::cross_platform::tests::test_extract_tool_constraints_empty_file ... ok
test schemas::cross_platform::tests::test_regex_patterns_compile ... ok
test schemas::cross_platform::tests::test_tool_extraction_no_false_positive_reader ... ok
test schemas::cross_platform::tests::test_extract_tool_allow_constraint ... ok
test schemas::cross_platform::tests::test_tool_extraction_valid_word_boundary ... ok
test schemas::cross_platform::tests::test_tool_extraction_no_false_positive_bashful ... ok
test schemas::cross_platform::tests::test_tool_extraction_case_insensitive ... ok
test schemas::cross_platform::tests::test_extract_tool_disallow_constraint ... ok
test schemas::cross_platform::tests::test_tool_extraction_word_boundaries ... ok

test result: ok. 2445 passed; 0 failed; 0 ignored; 0 measured; 0 filtered out; finished in 0.35s

     Running tests\api_contract.rs (C:\Users\avife\.cargo\target\debug\deps\api_contract-6fb8708d593c5f0c.exe)

running 34 tests
test diagnostic_fields_are_accessible ... ok
test config_warning_fields_are_accessible ... ok
test builder_built_registry_matches_with_defaults_factory_count ... ok
test lint_config_implements_required_traits ... ok
test fix_constructors_and_helpers ... ok
test diagnostic_implements_required_traits ... ok
test eval_submodule_types_are_accessible ... ok
test diagnostic_level_implements_required_traits ... ok
test builder_method_signatures_compile ... ok
test file_type_detector_chain_is_send_sync ... ok
test file_type_enum_covers_all_variants ... ok
test file_type_detector_chain_api ... ok
test file_type_implements_display ... ok
test file_type_implements_required_traits ... ok
test file_type_is_validatable_contract ... ok
test file_types_detect_file_type_accessible_via_submodule ... ok
test file_types_submodule_constants_are_accessible ... ok
test config_submodule_types_are_accessible ... ok
test builtin_detector_is_send_sync ... ok
test fix_result_fields_are_accessible ... ok
test new_plugin_types_are_importable ... ok
test diagnostic_builder_methods ... ok
test public_functions_compile_with_expected_signatures ... ok
test diagnostic_level_covers_all_variants ... ok
test fix_fields_are_accessible ... ok
test public_modules_are_accessible ... ok
test public_types_are_importable ... ok
test severity_level_covers_all_variants ... ok
test target_tool_covers_all_variants ... ok
test validation_result_fields_are_accessible ... ok
test validator_metadata_is_copy_and_eq ... ok
test validator_metadata_callable_on_dyn_validator ... ok
test validator_registry_implements_required_traits ... ok
test validator_registry_methods ... ok

test result: ok. 34 passed; 0 failed; 0 ignored; 0 measured; 0 filtered out; finished in 0.00s

     Running tests\fix_integration.rs (C:\Users\avife\.cargo\target\debug\deps\fix_integration-12b06248780336c3.exe)

running 21 tests
test test_fix_is_insertion_is_deletion_helpers ... ok
test test_ordering_overlapping_fixes_skipped ... ok
test test_ordering_safe_only_integration ... ok
test test_ordering_multiple_diagnostics_same_file ... ok
test test_e2e_mcp_011_fix_transport_case ... ok
test test_unsafe_fix_correctly_marked_xml_001 ... ok
test test_unsafe_fix_correctly_marked_xml_003 ... ok
test test_e2e_cc_sk_014_fix_string_boolean ... ok
test test_e2e_xml_003_fix_removes_orphan_tag ... ok
test test_all_fixes_filter_applies_both ... ok
test test_e2e_as_006_fix_collapses_consecutive_hyphens ... ok
test test_e2e_as_005_fix_trims_leading_trailing_hyphens ... ok
test test_safe_only_filter_skips_unsafe ... ok
test test_e2e_as_004_fix_name_format ... ok
test test_e2e_multi_fix_same_file ... ok
test test_safe_fix_deterministic_as_006 ... ok
test test_safe_fix_deterministic_as_005 ... ok
test test_e2e_cc_hk_001_fix_corrects_event_name ... ok
test test_e2e_cc_hk_011_fix_timeout_range ... ok
test test_cc_mem_005_fix_is_safe ... ok
test test_e2e_cc_mem_005_fix_removes_generic_instruction ... ok

test result: ok. 21 passed; 0 failed; 0 ignored; 0 measured; 0 filtered out; finished in 0.07s

     Running tests\lib_tests.rs (C:\Users\avife\.cargo\target\debug\deps\lib_tests-aec26b9ed638304d.exe)

running 152 tests
test test_agent_directory_takes_precedence_over_filename_exclusion ... ok
test test_detect_copilot_global ... ok
test test_detect_excluded_project_files ... ok
test test_default_file_count_limit ... ok
test test_cursor_not_detected_outside_cursor_dir ... ok
test test_all_validators_have_nonempty_rule_ids ... ok
test test_copilot_not_detected_outside_github ... ok
test test_custom_provider_end_to_end ... ok
test test_detect_agents ... ok
test test_detect_claude_md ... ok
test test_detect_codex ... ok
test test_detect_copilot_scoped ... ok
test test_detect_cursor_legacy ... ok
test test_detect_cursor_rule ... ok
test test_detect_excluded_documentation_directories ... ok
test test_detect_gemini_md ... ok
test test_detect_generic_markdown ... ok
test test_detect_hooks ... ok
test test_detect_instruction_variants ... ok
test test_detect_mcp ... ok
test test_detect_plugin ... ok
test test_detect_skill_file ... ok
test test_detect_unknown ... ok
test test_metadata_name_matches_name_method ... ok
test test_fixture_file_type_detection ... ok
test test_no_duplicate_rule_ids_across_validators ... ok
test test_metadata_rule_ids_are_well_formed ... ok
test test_parallel_validation_single_file ... ok
test test_concurrent_file_validation ... ok
test test_repo_agents_md_matches_claude_md ... ok
test test_resolve_file_type_backslash_normalization ... ok
test test_resolve_file_type_case_sensitive ... ok
test test_exclude_patterns_with_absolute_path ... ok
test test_resolve_file_type_double_star_recursive ... ok
test test_resolve_file_type_exclude_overrides_builtin ... ok
test test_resolve_file_type_exclude ... ok
test test_resolve_file_type_glob_separator_behavior ... ok
test test_resolve_file_type_include_as_generic ... ok
test test_resolve_file_type_include_as_memory ... ok
test test_resolve_file_type_invalid_pattern_falls_back ... ok
test test_resolve_file_type_no_config_falls_through ... ok
test test_resolve_file_type_no_root_dir_uses_filename ... ok
test test_resolve_file_type_non_matching_files_fall_through ... ok
test test_resolve_file_type_priority_exclude_over_include ... ok
test test_resolve_file_type_priority_memory_over_generic ... ok
test test_file_count_limit_not_exceeded ... ok
test test_file_count_limit_enforced ... ok
test test_file_count_concurrent_validation ... ok
test test_validate_agents_md_no_headers ... ok
test test_valid_agents_md_no_agm_errors ... ok
test test_validate_agents_md_hard_coded_paths ... ok
test test_disabled_validators_config_filters_in_validate_file ... ok
test test_agm_001_unclosed_code_block ... ok
test test_parallel_validation_mixed_results ... ok
test test_files_checked_excludes_unknown_file_types ... ok
test test_validate_copilot_006_too_long ... ok
test test_validate_copilot_fixtures ... ok
test test_agm_003_over_char_limit ... ok
test test_agm_006_no_nesting ... ok
test test_agm_005_unguarded_platform_features ... ok
test test_exclude_patterns_with_relative_path ... ok
test test_validate_agents_md_with_context_fork ... ok
test test_validate_cursor_legacy_fixture ... ok
test test_concurrent_project_validation ... ok
test test_validate_cursor_fixtures ... ok
test test_validate_copilot_invalid_fixtures ... ok
test test_validate_cursor_invalid_fixtures ... ok
test test_exclude_patterns_nested_directories ... ok
test test_files_checked_with_no_diagnostics ... ok
test test_disabled_validators_config_filters_in_validate_project ... ok
test test_validate_agents_md_with_claude_features ... ok
test test_agm_006_nested_agents_md ... ok
test test_file_count_limit_disabled ... ok
test test_agm_006_multiple_agents_md ... ok
test test_fixture_positive_cases_by_family ... ok
test test_agm_006_disabled ... ok
test test_validate_copilot_file_empty ... ok
test test_validate_file_unknown_type ... ok
test test_validate_file_respects_files_config_exclude ... ok
test test_validate_file_mcp_invalid_schema ... ok
test test_validate_file_with_custom_registry ... ok
test test_validate_file_mcp ... ok
test test_validate_file_invalid_skill ... ok
test test_validate_file_skill ... ok
test test_validate_copilot_valid_scoped ... ok
test test_validate_invalid_skill_triggers_both_rules ... ok
test test_validate_copilot_scoped_missing_frontmatter ... ok
test test_validate_cursor_file_empty ... ok
test test_validate_cursor_mdc_missing_frontmatter ... ok
test test_validate_cursor_valid_mdc ... ok
test test_pe_rules_dispatched ... ok
test test_validate_project_rules_empty_dir ... ok
test test_validate_project_rules_ver001 ... ok
test test_validate_project_rules_disabled_rules ... ok
test test_validate_project_rules_agm006 ... ok
test test_validate_project_rules_xp004 ... ok
test test_validate_project_rules_xp006 ... ok
test test_validation_scales_to_10k_files ... ignored
test test_validator_name_returns_expected_values ... ok
test test_validator_names_are_ascii_and_nonempty ... ok
test test_validator_registry_concurrent_access ... ok
test test_validators_for_claude_md ... ok
test test_validators_for_copilot ... ok
test test_validate_valid_skill_produces_no_errors ... ok
test test_validators_for_cursor ... ok
test test_validators_for_gemini_extension ... ok
test test_validators_for_gemini_ignore ... ok
test test_validators_for_gemini_md ... ok
test test_validators_for_gemini_settings ... ok
test test_validators_for_mcp ... ok
test test_validators_for_skill ... ok
test test_validators_for_unknown ... ok
test test_validate_project_rules_xp005 ... ok
test test_validate_project_finds_codex_invalid_fixtures ... ok
test test_validate_claude_md_allows_claude_features ... ok
test test_validate_project_finds_codex_hidden_dir ... ok
test test_validate_project_agents_md_collection ... ok
test test_validate_project_files_checked_count ... ok
test test_validate_project_empty_dir ... ok
test test_validate_project_finds_issues ... ok
test test_validate_project_finds_cursor_invalid_fixtures ... ok
test test_validate_project_finds_copilot_invalid_fixtures ... ok
test test_validate_project_sorts_by_severity ... ok
test test_ver_001_no_warning_when_spec_revision_pinned ... ok
test test_validate_valid_agents_md ... ok
test test_ver_001_no_warning_when_tool_version_pinned ... ok
test test_ver_001_warns_when_no_versions_pinned ... ok
test test_xp_004_disabled_rule ... ok
test test_validate_fixtures_directory ... ok
test test_xp_006_single_layer_no_issue ... ok
test test_xp_006_with_precedence_documentation ... ok
test test_xp_005_disabled_rule ... ok
test test_xp_006_no_precedence_documentation ... ok
test test_validate_project_with_poisoned_import_cache_does_not_panic ... ok
test test_validate_project_with_invalid_files_pattern ... ok
test test_xp_empty_instruction_files ... ok
test test_validate_project_mcp_detection ... ok
test test_ver_001_disabled_rule ... ok
test test_validate_project_plugin_detection ... ok
test test_validate_project_with_files_config_include ... ok
test test_xp_006_disabled_rule ... ok
test test_validate_project_finds_github_hidden_dir ... ok
test test_xp_005_conflicting_tool_constraints ... ok
test test_xp_004_conflicting_package_managers ... ok
test test_xp_005_no_conflict_consistent_constraints ... ok
test test_xp_004_no_conflict_same_manager ... ok
test test_xp_005_word_boundary_no_false_positive ... ok
test test_xp_005_case_insensitive_tool_matching ... ok
test test_validate_project_with_files_config_exclude ... ok
test test_validate_project_finds_cursor_hidden_dir ... ok
test test_xp_004_three_files_conflicting_managers ... ok
test test_parallel_validation_deterministic_output ... ok

test result: ok. 151 passed; 0 failed; 1 ignored; 0 measured; 0 filtered out; finished in 0.27s

     Running tests\security_integration.rs (C:\Users\avife\.cargo\target\debug\deps\security_integration-52e49e0ba24ccedb.exe)

running 12 tests
test test_regex_input_size_limit_constant ... ok
test test_default_file_count_limit ... ok
test test_yaml_alias_loop_handling ... ok
test test_yaml_bomb_handling ... ok
test test_oversized_content_skips_regex ... ok
test test_json_with_long_strings ... ok
test test_yaml_deeply_nested ... ok
test test_json_deeply_nested ... ok
test test_empty_project_succeeds ... ok
test test_project_with_only_unknown_files ... ok
test test_path_traversal_in_imports_detected ... ok
test test_file_count_limit_enforcement ... ok

test result: ok. 12 passed; 0 failed; 0 ignored; 0 measured; 0 filtered out; finished in 0.03s

     Running tests\sync_send_check.rs (C:\Users\avife\.cargo\target\debug\deps\sync_send_check-c67aea5086c1aee2.exe)

running 3 tests
test test_lint_config_is_sync_send ... ok
test test_validator_registry_builder_is_sync_send ... ok
test test_validator_registry_is_sync_send ... ok

test result: ok. 3 passed; 0 failed; 0 ignored; 0 measured; 0 filtered out; finished in 0.00s

     Running unittests src\lib.rs (C:\Users\avife\.cargo\target\debug\deps\agnix_lsp-00a28a54071063c0.exe)

running 161 tests
test backend::tests::test_config_revalidation_concurrency_bounds ... ok
test backend::tests::test_did_change_configuration_concurrency_bound_helper ... ok
test backend::tests::test_did_change_configuration_invalid_json ... ok
test backend::tests::test_execute_command_unknown ... ok
test backend::tests::test_did_change_configuration_partial_settings ... ok
test backend::tests::test_did_change_configuration_empty_settings ... ok
test backend::tests::test_did_change_configuration_valid_settings ... ok
test backend::tests::test_backend_new_creates_valid_instance ... ok
test backend::tests::test_did_change_configuration_with_tools_array ... ok
test backend::tests::test_did_change_configuration_with_versions ... ok
test backend::tests::test_did_change_configuration_with_locale ... ok
test backend::tests::test_did_change_configuration_with_disabled_rules ... ok
test backend::tests::test_did_change_configuration_with_specs ... ok
test backend::tests::test_for_each_bounded_empty_input ... ok
test backend::tests::test_for_each_bounded_collects_join_errors ... ok
test backend::tests::test_for_each_bounded_concurrency_limit_one ... ok
test backend::tests::test_initialize_advertises_execute_command ... ok
test backend::tests::test_initialize_returns_correct_capabilities ... ok
test backend::tests::test_internal_error_diagnostic_structure ... ok
test backend::tests::test_for_each_bounded_zero_concurrency_defaults_to_one ... ok
test backend::tests::test_invalid_uri_detection ... ok
test backend::tests::test_is_project_level_trigger ... ok
test backend::tests::test_initialized_completes ... ok
test backend::tests::test_normalize_path_already_clean ... ok
test backend::tests::test_normalize_path_cannot_escape_root ... ok
test backend::tests::test_normalize_path_excessive_parent_traversal ... ok
test backend::tests::test_non_file_uri_handled_gracefully ... ok
test backend::tests::test_normalize_path_mixed_special_components ... ok
test backend::tests::test_normalize_path_multiple_parent ... ok
test backend::tests::test_normalize_path_removes_curdir ... ok
test backend::tests::test_normalize_path_resolves_parent ... ok
test backend::tests::test_normalize_path_root_only ... ok
test backend::tests::test_did_close_clears_diagnostics ... ok
test backend::tests::test_completion_returns_skill_frontmatter_candidates ... ok
test backend::tests::test_initialize_captures_workspace_root ... ok
test backend::tests::test_server_info_version ... ok
test backend::tests::test_initialize_handles_invalid_config ... ok
test backend::tests::test_file_within_workspace_validated ... ok
test backend::tests::test_shutdown_returns_ok ... ok
test backend::tests::test_initialize_loads_config_from_file ... ok
test backend::tests::test_execute_command_validate_project_rules ... ok
test backend::tests::test_get_document_content_returns_shared_arc ... ok
test backend::tests::test_validation_error_diagnostic_structure ... ok
test backend::tests::test_validate_project_rules_no_workspace ... ok
test code_actions::tests::test_fix_to_code_action_basic ... ok
test code_actions::tests::test_fix_to_code_action_deletion ... ok
test code_actions::tests::test_fix_to_code_action_insertion ... ok
test code_actions::tests::test_fix_to_code_action_multiline ... ok
test code_actions::tests::test_fix_to_code_action_unsafe ... ok
test code_actions::tests::test_fixes_to_code_actions_empty ... ok
test code_actions::tests::test_fixes_to_code_actions_multiple ... ok
test completion_provider::tests::test_agent_completion_includes_model_field ... ok
test completion_provider::tests::test_copilot_scoped_completion_includes_applyto ... ok
test completion_provider::tests::test_cursor_rule_completion_includes_description ... ok
test completion_provider::tests::test_hooks_completion_includes_type_field ... ok
test completion_provider::tests::test_mcp_completion_includes_jsonrpc_field ... ok
test completion_provider::tests::test_skill_completion_includes_name_field ... ok
test backend::tests::test_did_save_triggers_validation ... ok
test diagnostic_mapper::tests::test_code_description_links_to_website ... ok
test diagnostic_mapper::tests::test_code_description_lowercases_rule_id ... ok
test diagnostic_mapper::tests::test_deserialize_fixes_invalid_json ... ok
test completion_provider::tests::test_unknown_file_type_has_no_completions ... ok
test diagnostic_mapper::tests::test_deserialize_fixes_legacy_array_format ... ok
test diagnostic_mapper::tests::test_deserialize_fixes_none ... ok
test diagnostic_mapper::tests::test_deserialize_fixes_new_object_format ... ok
test backend::tests::test_document_cache_updated_on_change ... ok
test backend::tests::test_document_cache_cleared_on_close ... ok
test backend::tests::test_dot_components_in_path_accepted ... ok
test diagnostic_mapper::tests::test_diagnostic_with_fixes_and_metadata_preserves_both ... ok
test diagnostic_mapper::tests::test_diagnostic_with_fixes_has_data ... ok
test diagnostic_mapper::tests::test_diagnostic_with_metadata_has_data ... ok
test backend::tests::test_did_change_configuration_triggers_revalidation ... ok
test diagnostic_mapper::tests::test_diagnostic_without_fixes_no_data ... ok
test diagnostic_mapper::tests::test_error_severity_mapping ... ok
test diagnostic_mapper::tests::test_info_severity_mapping ... ok
test diagnostic_mapper::tests::test_line_column_conversion ... ok
test diagnostic_mapper::tests::test_line_zero_saturates ... ok
test diagnostic_mapper::tests::test_message_with_suggestion ... ok
test diagnostic_mapper::tests::test_message_without_suggestion ... ok
test diagnostic_mapper::tests::test_serialize_deserialize_fixes_roundtrip ... ok
test diagnostic_mapper::tests::test_rule_code ... ok
test diagnostic_mapper::tests::test_source_is_agnix ... ok
test diagnostic_mapper::tests::test_to_lsp_diagnostics_empty ... ok
test diagnostic_mapper::tests::test_serialize_empty_diag_no_data ... ok
test diagnostic_mapper::tests::test_warning_severity_mapping ... ok
test diagnostic_mapper::tests::test_to_lsp_diagnostics_multiple ... ok
test hover_provider::tests::test_get_field_at_position_json ... ok
test hover_provider::tests::test_get_field_at_position_yaml ... ok
test hover_provider::tests::test_get_hover_info_known_field ... ok
test hover_provider::tests::test_get_hover_info_unknown_field ... ok
test hover_provider::tests::test_hover_agent_model_field ... ok
test hover_provider::tests::test_hover_at_position_agent_file ... ok
test hover_provider::tests::test_hover_at_position_found ... ok
test hover_provider::tests::test_hover_at_position_hooks_json ... ok
test hover_provider::tests::test_hover_at_position_not_found ... ok
test hover_provider::tests::test_hover_copilot_applyto_field ... ok
test hover_provider::tests::test_get_field_at_position_after_colon ... ok
test hover_provider::tests::test_hover_hooks_type_field ... ok
test hover_provider::tests::test_hover_cursor_description_field ... ok
test hover_provider::tests::test_hover_mcp_jsonrpc_field ... ok
test locale::tests::test_init_from_env_does_not_panic ... ok
test locale::tests::test_init_from_config_supported_and_unsupported ... ok
test locale::tests::test_is_supported ... ok
test backend::tests::test_nonexistent_file_in_workspace_accepted ... ok
test locale::tests::test_normalize_chinese ... ok
test locale::tests::test_normalize_english ... ok
test locale::tests::test_normalize_spanish ... ok
test locale::tests::test_unsupported_returns_language_code ... ok
test position::tests::test_byte_range_to_lsp_range_cross_line ... ok
test position::tests::test_byte_range_to_lsp_range_insertion_point ... ok
test position::tests::test_byte_range_to_lsp_range_same_line ... ok
test position::tests::test_byte_range_yaml_frontmatter ... ok
test position::tests::test_byte_to_position_crlf ... ok
test position::tests::test_byte_to_position_empty_content ... ok
test position::tests::test_byte_to_position_end_of_content ... ok
test position::tests::test_byte_to_position_middle_of_second_line ... ok
test position::tests::test_byte_to_position_multiple_lines ... ok
test position::tests::test_byte_to_position_same_line ... ok
test position::tests::test_byte_to_position_second_line ... ok
test position::tests::test_byte_to_position_start ... ok
test position::tests::test_byte_to_position_utf8_multibyte ... ok
test position::tests::test_position_to_byte_multiline ... ok
test position::tests::test_position_to_byte_same_line ... ok
test position::tests::test_position_to_byte_utf8 ... ok
test vscode_config::test_spec_pin_clearing_with_null ... ok
test vscode_config::test_version_pin_clearing_with_null ... ok
test vscode_config::test_vscode_files_deserialization ... ok
test vscode_config::test_vscode_files_merge_overrides ... ok
test backend::tests::test_file_outside_workspace_rejected ... ok
test vscode_config::test_vscode_files_not_set_preserves_existing ... ok
test vscode_config::tests::test_disabled_rules_merge ... ok
test vscode_config::test_vscode_files_partial_deserialization ... ok
test vscode_config::tests::test_locale_merge ... ok
test vscode_config::tests::test_locale_not_set_preserves_existing ... ok
test vscode_config::tests::test_merge_into_lint_config_overrides ... ok
test vscode_config::tests::test_locale_null_reverts_to_auto_detect ... ok
test vscode_config::tests::test_merge_specs ... ok
test vscode_config::tests::test_merge_versions ... ok
test backend::tests::test_path_traversal_outside_workspace_rejected ... ok
test vscode_config::tests::test_parse_severity ... ok
test vscode_config::tests::test_merge_into_lint_config_preserves_unspecified ... ok
test vscode_config::tests::test_parse_target ... ok
test vscode_config::tests::test_tools_array_merge ... ok
test vscode_config::tests::test_vscode_config_deserialization_empty ... ok
test vscode_config::tests::test_vscode_config_deserialization_complete ... ok
test vscode_config::tests::test_vscode_config_deserialization_partial ... ok
test backend::tests::test_should_publish_diagnostics_guard ... ok
test backend::tests::test_path_traversal_inside_workspace_accepted ... ok
test backend::tests::test_cached_config_used_for_multiple_validations ... ok
test backend::tests::test_validate_file_valid_skill ... ok
test backend::tests::test_validate_file_invalid_skill ... ok
test backend::tests::test_validation_without_workspace_root ... ok
test backend::tests::test_multiple_documents_independent_caches ... ok
test backend::tests::test_validate_nonexistent_file ... ok
test backend::tests::test_did_change_configuration_triggers_revalidation_for_multiple_documents ... ok
test backend::tests::test_project_validation_stale_generation_returns_early ... ok
test backend::tests::test_project_diagnostics_cached ... ok
test backend::tests::test_project_diagnostics_cleared_on_rerun ... ok
test backend::tests::test_project_and_file_diagnostics_merged ... ok
test backend::tests::test_cached_registry_used_for_multiple_validations ... ok
test backend::tests::test_did_save_project_trigger_starts_project_revalidation ... ok

test result: ok. 161 passed; 0 failed; 0 ignored; 0 measured; 0 filtered out; finished in 0.10s

     Running unittests src\main.rs (C:\Users\avife\.cargo\target\debug\deps\agnix_lsp-9c14de55e12bfed3.exe)

running 0 tests

test result: ok. 0 passed; 0 failed; 0 ignored; 0 measured; 0 filtered out; finished in 0.00s

     Running tests\lsp_integration.rs (C:\Users\avife\.cargo\target\debug\deps\lsp_integration-c9f8269c9b336b57.exe)

running 35 tests
test did_change_tests::test_diagnostic_with_multiple_fixes ... ok
test diagnostic_mapper_tests::test_all_diagnostic_levels ... ok
test code_action_tests::test_fix_with_unsafe_flag ... ok
test code_action_tests::test_fix_with_safe_flag ... ok
test did_change_tests::test_diagnostic_has_fixes_method ... ok
test hover_tests::test_hover_content_structure ... ok
test code_action_tests::test_fix_insertion ... ok
test hover_tests::test_position_zero ... ok
test diagnostic_mapper_tests::test_diagnostic_creation ... ok
test lsp_handler_integration_tests::test_code_action_returns_none_for_uncached_document ... ok
test code_action_tests::test_fix_deletion ... ok
test lsp_handler_integration_tests::test_hover_returns_none_for_uncached_document ... ok
test hover_tests::test_position_creation ... ok
test lsp_handler_integration_tests::test_initialize_advertises_code_action_capability ... ok
test lsp_handler_integration_tests::test_initialize_advertises_completion_capability ... ok
test lsp_handler_integration_tests::test_initialize_advertises_hover_capability ... ok
test server_capability_tests::test_server_capabilities_are_reasonable ... ok
test validation_tests::test_validate_unknown_file_type ... ok
test validation_tests::test_validate_invalid_skill_name ... ok
test lsp_handler_integration_tests::test_code_action_with_fix_available ... ok
test code_action_fix_tests::test_code_action_returns_fix_for_diagnostic_with_data ... ok
test lsp_handler_integration_tests::test_hover_returns_documentation_for_known_field ... ok
test lsp_handler_integration_tests::test_hover_returns_none_for_unknown_field ... ok
test lsp_handler_integration_tests::test_document_cache_lifecycle ... ok
test validation_tests::test_validate_valid_skill_file ... ok
test lsp_handler_integration_tests::test_code_action_returns_none_when_no_fixes ... ok
test lsp_handler_integration_tests::test_did_change_with_invalid_content_produces_diagnostics ... ok
test lsp_handler_integration_tests::test_completion_for_agent_file_type ... ok
test project_level_validation_tests::test_did_save_non_instruction_file_no_project_validation ... ok
test lsp_handler_integration_tests::test_did_change_triggers_validation ... ok
test project_level_validation_tests::test_execute_command_validate_project_rules ... ok
test lsp_handler_integration_tests::test_rapid_document_changes ... ok
test lsp_handler_integration_tests::test_multiple_documents_concurrent ... ok
test project_level_validation_tests::test_project_level_validation_on_initialize ... ok
test project_level_validation_tests::test_did_save_triggers_project_validation ... ok

test result: ok. 35 passed; 0 failed; 0 ignored; 0 measured; 0 filtered out; finished in 0.27s

     Running unittests src\main.rs (C:\Users\avife\.cargo\target\debug\deps\agnix_mcp-4bd2838244cb4342.exe)

running 15 tests
test tests::test_apply_tool_selection_clears_existing_tools_on_fallback ... ok
test tests::test_apply_tool_selection_falls_back_to_target_when_tools_missing ... ok
test tests::test_apply_tool_selection_prefers_tools_over_target ... ok
test tests::test_apply_tool_selection_falls_back_to_target_when_tools_empty ... ok
test tests::test_apply_tool_selection_falls_back_to_target_when_tools_empty_list ... ok
test tests::test_parse_tools_allows_compat_tool_names ... ok
test tests::test_apply_tool_selection_rejects_unknown_tools ... ok
test tests::test_parse_tools_array_trims_and_discards_empty_entries ... ok
test tests::test_parse_tools_csv_trims_and_discards_empty_entries ... ok
test tests::test_parse_tools_rejects_unknown_tools ... ok
test tests::test_validate_file_input_deserializes_array_tools_payload ... ok
test tests::test_validate_file_input_deserializes_csv_tools_payload ... ok
test tests::test_validate_project_input_deserializes_array_tools_payload ... ok
test tests::test_validate_project_input_deserializes_csv_tools_payload ... ok
test tests::test_parse_tools_canonicalizes_and_deduplicates_entries ... ok

test result: ok. 15 passed; 0 failed; 0 ignored; 0 measured; 0 filtered out; finished in 0.00s

     Running tests\mcp_tests.rs (C:\Users\avife\.cargo\target\debug\deps\mcp_tests-a3c038de86d046d9.exe)

running 30 tests
test integration_tests::test_binary_exists ... ok
test parse_target_tests::test_parse_target_claudecode ... ok
test integration_tests::test_validate_fixtures_skill_invalid ... ok
test output_format_tests::test_diagnostic_json_serialization ... ok
test json_schema_tests::test_get_rule_docs_input_schema ... ok
test integration_tests::test_validate_fixtures_skill_valid ... ok
test output_format_tests::test_diagnostic_with_fix ... ok
test parse_target_tests::test_parse_target_claude_code ... ok
test json_schema_tests::test_validate_project_input_schema ... ok
test parse_target_tests::test_parse_target_codex ... ok
test json_schema_tests::test_validate_file_input_schema ... ok
test parse_target_tests::test_parse_target_generic ... ok
test parse_target_tests::test_parse_target_unknown ... ok
test rules_tests::test_common_rule_ids ... ok
test rules_tests::test_get_rule_name_exists ... ok
test rules_tests::test_get_rule_name_not_exists ... ok
test server_info_tests::test_protocol_version ... ok
test server_info_tests::test_server_version_matches_cargo ... ok
test validation_tests::test_tools_array_overrides_target_semantics_in_core_filtering ... ok
test parse_target_tests::test_parse_target_cursor ... ok
test validation_tests::test_validate_empty_path_string ... ok
test parse_target_tests::test_parse_target_none ... ok
test rules_tests::test_rules_data_not_empty ... ok
test validation_tests::test_validate_nonexistent_file ... ok
test rules_tests::test_rules_count ... ok
test validation_tests::test_validate_nonexistent_project_path ... ok
test validation_tests::test_validate_valid_skill_file ... ok
test validation_tests::test_validate_project ... ok
test validation_tests::test_validate_with_target_claude_code ... ok
test validation_tests::test_validate_invalid_skill_file ... ok

test result: ok. 30 passed; 0 failed; 0 ignored; 0 measured; 0 filtered out; finished in 0.02s

     Running unittests src\lib.rs (C:\Users\avife\.cargo\target\debug\deps\agnix_rules-02cee5b13a4ed690.exe)

running 47 tests
test tests::test_authoring_families_contains_core_families ... ok
test tests::test_authoring_families_not_empty ... ok
test tests::test_consistent_tool_prefix_cc_hk ... ok
test tests::test_get_prefixes_for_tool_claude_code ... ok
test tests::test_get_prefixes_for_tool_claude_code_multiple_prefixes ... ok
test tests::test_get_prefixes_for_tool_copilot ... ok
test tests::test_get_rule_metadata_tool_may_be_empty ... ok
test tests::test_get_prefixes_for_tool_cursor ... ok
test tests::test_get_rule_name_not_exists ... ok
test tests::test_get_prefixes_for_tool_unknown ... ok
test tests::test_get_prefixes_for_tool_unknown_tool ... ok
test tests::test_get_tool_for_prefix_generic ... ok
test tests::test_get_tool_for_prefix_unknown ... ok
test tests::test_get_rule_metadata_cc_hk_001 ... ok
test tests::test_get_rule_name_exists ... ok
test tests::test_get_prefixes_for_tool_empty_string ... ok
test tests::test_get_tool_for_prefix_claude_code ... ok
test tests::test_get_tool_for_prefix_copilot ... ok
test tests::test_get_tool_for_prefix_cursor ... ok
test tests::test_authoring_catalog_json_is_valid_json ... ok
test tests::test_get_tool_for_prefix_partial_match_not_supported ... ok
test tests::test_get_rule_metadata_as_001 ... ok
test tests::test_get_tool_for_prefix_unknown_prefix ... ok
test tests::test_get_rule_metadata_nonexistent ... ok
test tests::test_is_valid_tool_claude_code ... ok
test tests::test_get_tool_for_prefix_empty_string ... ok
test tests::test_is_valid_tool_unknown ... ok
test tests::test_mixed_tool_prefix_as ... ok
test tests::test_mixed_tool_prefix_cc_mem ... ok
test tests::test_normalize_tool_name_copilot ... ok
test tests::test_is_valid_tool_copilot ... ok
test tests::test_normalize_tool_name_unknown ... ok
test tests::test_rules_data_not_empty ... ok
test tests::test_no_duplicate_ids ... ok
test tests::test_rule_count ... ok
test tests::test_normalize_tool_name_claude_code ... ok
test tests::test_rules_metadata_not_empty ... ok
test tests::test_rules_metadata_same_length_as_rules_data ... ok
test tests::test_tool_rule_prefixes_cc_hk ... ok
test tests::test_tool_rule_prefixes_cop ... ok
test tests::test_tool_rule_prefixes_cur ... ok
test tests::test_tool_rule_prefixes_not_empty ... ok
test tests::test_valid_tools_contains_claude_code ... ok
test tests::test_valid_tools_contains_cursor ... ok
test tests::test_valid_tools_contains_github_copilot ... ok
test tests::test_valid_tools_helper ... ok
test tests::test_valid_tools_not_empty ... ok

test result: ok. 47 passed; 0 failed; 0 ignored; 0 measured; 0 filtered out; finished in 0.00s

     Running tests\parity.rs (C:\Users\avife\.cargo\target\debug\deps\parity-e85e44c8928baf08.exe)

running 4 tests
test test_empty_tool_string_treated_as_generic ... ok
test test_rules_data_accessible_and_valid ... ok
test test_rules_count_matches_source ... ok
test test_rules_json_parity ... ok

test result: ok. 4 passed; 0 failed; 0 ignored; 0 measured; 0 filtered out; finished in 0.01s

     Running unittests src\lib.rs (C:\Users\avife\.cargo\target\debug\deps\agnix_wasm-54b30976d7cf272d.exe)

running 0 tests

test result: ok. 0 passed; 0 failed; 0 ignored; 0 measured; 0 filtered out; finished in 0.00s

     Running tests\wasm.rs (C:\Users\avife\.cargo\target\debug\deps\wasm-894879e88183ad16.exe)

running 0 tests

test result: ok. 0 passed; 0 failed; 0 ignored; 0 measured; 0 filtered out; finished in 0.00s

     Running unittests src\lib.rs (C:\Users\avife\.cargo\target\debug\deps\agnix_workspace_tests-3b9dc597a049ffaf.exe)

running 0 tests

test result: ok. 0 passed; 0 failed; 0 ignored; 0 measured; 0 filtered out; finished in 0.00s

     Running tests\cross_crate_integration.rs (C:\Users\avife\.cargo\target\debug\deps\cross_crate_integration-529b062796e77374.exe)

running 35 tests
test builder_build_unchecked_allows_invalid_patterns ... ok
test builder_path_traversal_returns_config_error ... ok
test builder_invalid_glob_returns_config_error ... ok
test config_error_is_std_error ... ok
test builder_accessible_from_outside_crate ... ok
test builder_disable_validator_accessible ... ok
test builder_disable_rule_affects_validation ... ok
test builder_via_lint_config_factory ... ok
test lsp_diagnostic_fix_field_accessibility ... ok
test cli_target_tool_variants_accessible ... ok
test disabled_validators_config_accessible_from_outside_crate ... ok
test custom_provider_from_outside_crate ... ok
test builder_usable_from_outside_crate ... ok
test fix_serde_roundtrip_preserves_all_fields ... ok
test lsp_authoring_completion_candidates_accessible ... ok
test lsp_authoring_hover_doc_accessible ... ok
test lsp_diagnostic_level_variant_mapping ... ok
test lsp_file_type_detection_for_relevant_types ... ok
test lsp_lint_config_is_send_sync ... ok
test lsp_validator_registry_is_send_sync ... ok
test diagnostic_serde_roundtrip_preserves_all_fields ... ok
test cli_generate_schema_returns_valid_json ... ok
test mcp_fix_json_serialization ... ok
test cli_apply_fixes_roundtrip ... ok
test plugin_types_importable_from_outside_crate ... ok
test rules_data_accessible_and_non_empty ... ok
test mcp_diagnostic_json_serialization ... ok
test rules_get_rule_name_returns_some_for_known_rules ... ok
test rules_normalize_tool_name_for_known_tools ... ok
test rules_valid_tools_returns_non_empty_list ... ok
test validator_name_accessible_from_outside_crate ... ok
test cli_lint_config_default_works ... ok
test builder_config_works_with_validate_project ... ok
test mcp_validate_file_with_target_tool_config ... ok
test cli_validation_result_fields_accessible ... ok

test result: ok. 35 passed; 0 failed; 0 ignored; 0 measured; 0 filtered out; finished in 0.01s

     Running tests\docs_workspace_membership.rs (C:\Users\avife\.cargo\target\debug\deps\docs_workspace_membership-01025fcdb9f3aaad.exe)

running 2 tests
test claude_and_agents_docs_are_byte_identical ... ok
test architecture_docs_include_workspace_wasm_crate ... ok

test result: ok. 2 passed; 0 failed; 0 ignored; 0 measured; 0 filtered out; finished in 0.00s

   Doc-tests agnix_core

running 9 tests
test crates\agnix-core\src\lib.rs - fs (line 109) ... ignored
test crates\agnix-core\src\regex_util.rs - regex_util::static_regex (line 20) ... ignored
test crates\agnix-core\src\registry.rs - registry::ValidatorRegistryBuilder (line 175) ... ok
test crates\agnix-core\src\validation\mod.rs - validation::is_valid_mcp_tool_format (line 7) ... ok
test crates\agnix-core\src\registry.rs - registry::ValidatorProvider (line 19) ... ok
test crates\agnix-core\src\registry.rs - registry::ValidatorRegistry::builder (line 97) ... ok
test crates\agnix-core\src\file_types\detector.rs - file_types::detector::FileTypeDetectorChain (line 60) ... ok
test crates\agnix-core\src\config\builder.rs - config::builder::LintConfigBuilder (line 14) ... ok
test crates\agnix-core\src\config\schema.rs - config::schema::generate_schema (line 205) ... ok

test result: ok. 7 passed; 0 failed; 2 ignored; 0 measured; 0 filtered out; finished in 0.02s

all doctests ran in 0.91s; merged doctests compilation took 0.85s
   Doc-tests agnix_lsp

running 0 tests

test result: ok. 0 passed; 0 failed; 0 ignored; 0 measured; 0 filtered out; finished in 0.00s

   Doc-tests agnix_rules

running 5 tests
test crates\agnix-rules\src\lib.rs - get_rule_metadata (line 77) ... ok
test crates\agnix-rules\src\lib.rs - (line 9) ... ok
test crates\agnix-rules\src\lib.rs - get_tool_for_prefix (line 99) ... ok
test crates\agnix-rules\src\lib.rs - get_prefixes_for_tool (line 118) ... ok
test crates\agnix-rules\src\lib.rs - normalize_tool_name (line 146) ... ok

test result: ok. 5 passed; 0 failed; 0 ignored; 0 measured; 0 filtered out; finished in 0.01s

all doctests ran in 0.37s; merged doctests compilation took 0.31s
   Doc-tests agnix_wasm

running 0 tests

test result: ok. 0 passed; 0 failed; 0 ignored; 0 measured; 0 filtered out; finished in 0.00s

   Doc-tests agnix_workspace_tests

running 0 tests

test result: ok. 0 passed; 0 failed; 0 ignored; 0 measured; 0 filtered out; finished in 0.00s

